<html>
<body>
<pre>
<h1>礦ision Build Log</h1>
<h2>Tool Versions:</h2>
IDE-Version: μVision V5.17.0.0
Copyright (C) 2015 ARM Ltd and ARM Germany GmbH. All rights reserved.
License Information: pengfei zhao, beihua university, LIC=KRMMM-XRT3H-G7NR6-DPN57-W5ZI7-GTTRV
 
Tool Versions:
Toolchain:       MDK-ARM Standard  Version: 5.17
Toolchain Path:  D:\Keil_v5\ARM\ARMCC\Bin
C Compiler:      Armcc.exe V5.06 update 1 (build 61)
Assembler:       Armasm.exe V5.06 update 1 (build 61)
Linker/Locator:  ArmLink.exe V5.06 update 1 (build 61)
Library Manager: ArmAr.exe V5.06 update 1 (build 61)
Hex Converter:   FromElf.exe V5.06 update 1 (build 61)
CPU DLL:         SARMCM3.DLL V5.17
Dialog DLL:      DCM.DLL V1.13.4.0
Target DLL:      UL2CM3.DLL V1.156.1.0
Dialog DLL:      TCM.DLL V1.14.6.0
 
<h2>Project:</h2>
D:\桌面\PVDF吸乳器资料\STM32程序\PVDF_pump\USER\PVDF_pump.uvprojx
Project File Date:  03/26/2019

<h2>Output:</h2>
*** Using Compiler 'V5.06 update 1 (build 61)', folder: 'D:\Keil_v5\ARM\ARMCC\Bin'
Build target 'PVDF_pump'
compiling stm32f10x_it.c...
compiling system_stm32f10x.c...
compiling main.c...
main.c(37): warning:  #550-D: variable "mod" was set but never used
  	double mod;
main.c: 1 warning, 0 errors
compiling pid.c...
compiling key.c...
compiling adc.c...
compiling led.c...
compiling mod.c...
compiling lcd.c...
compiling timer.c...
compiling delay.c...
compiling sys.c...
compiling core_cm3.c...
compiling usart.c...
compiling misc.c...
compiling stm32f10x_fsmc.c...
compiling stm32f10x_adc.c...
compiling stm32f10x_gpio.c...
compiling stm32f10x_usart.c...
compiling stm32f10x_rcc.c...
compiling stm32f10x_dma.c...
compiling stm32f10x_exti.c...
compiling stm32f10x_tim.c...
linking...
Program Size: Code=36582 RO-data=6390 RW-data=120 ZI-data=1848  
FromELF: creating hex file...
"..\Project\OBJ\PVDF_pump.axf" - 0 Error(s), 1 Warning(s).

<h2>Collection of Component include folders:</h2>
  D:\桌面\PVDF吸乳器资料\STM32程序\PVDF_pump\USER\RTE
  D:\Keil_v5\ARM\PACK\Keil\STM32F1xx_DFP\1.1.0\Device\Include

<h2>Collection of Component Files used:</h2>
Build Time Elapsed:  00:00:20
</pre>
</body>
</html>
