Component: ARM Compiler 5.06 update 1 (build 61) Tool: armlink [4d35a8]

==============================================================================

Section Cross References

    main.o(.text) refers to delay.o(.text) for delay_init
    main.o(.text) refers to usart.o(.text) for uart_init
    main.o(.text) refers to led.o(.text) for LED_Init
    main.o(.text) refers to key.o(.text) for EXTIX_Init
    main.o(.text) refers to lcd.o(.text) for LCD_Init
    main.o(.text) refers to adc.o(.text) for Adc_Init
    main.o(.text) refers to timer.o(.text) for TIM3_PWM_Init
    main.o(.text) refers to stm32f10x_tim.o(.text) for TIM_SetCompare2
    main.o(.text) refers to fflt_clz.o(x$fpl$ffltu) for __aeabi_ui2f
    main.o(.text) refers to f2d.o(x$fpl$f2d) for __aeabi_f2d
    main.o(.text) refers to dmul.o(x$fpl$dmul) for __aeabi_dmul
    main.o(.text) refers to d2f.o(x$fpl$d2f) for __aeabi_d2f
    main.o(.text) refers to ffixu.o(x$fpl$ffixu) for __aeabi_f2uiz
    main.o(.text) refers to mod.o(.text) for MOD_func
    main.o(.text) refers to faddsub_clz.o(x$fpl$frsb) for __aeabi_frsub
    main.o(.text) refers to fmul.o(x$fpl$fmul) for __aeabi_fmul
    main.o(.text) refers to stm32f10x_gpio.o(.text) for GPIO_ReadInputDataBit
    main.o(.text) refers to stm32f10x_exti.o(.text) for EXTI_ClearITPendingBit
    main.o(.text) refers to main.o(.data) for PWM
    main.o(.text) refers to lcd.o(.data) for POINT_COLOR
    system_stm32f10x.o(.text) refers to system_stm32f10x.o(.data) for SystemCoreClock
    startup_stm32f10x_md.o(STACK) refers (Special) to heapauxi.o(.text) for __use_two_region_memory
    startup_stm32f10x_md.o(HEAP) refers (Special) to heapauxi.o(.text) for __use_two_region_memory
    startup_stm32f10x_md.o(RESET) refers (Special) to heapauxi.o(.text) for __use_two_region_memory
    startup_stm32f10x_md.o(RESET) refers to startup_stm32f10x_md.o(STACK) for __initial_sp
    startup_stm32f10x_md.o(RESET) refers to startup_stm32f10x_md.o(.text) for Reset_Handler
    startup_stm32f10x_md.o(RESET) refers to stm32f10x_it.o(.text) for NMI_Handler
    startup_stm32f10x_md.o(RESET) refers to main.o(.text) for EXTI0_IRQHandler
    startup_stm32f10x_md.o(RESET) refers to usart.o(.text) for USART1_IRQHandler
    startup_stm32f10x_md.o(.text) refers (Special) to heapauxi.o(.text) for __use_two_region_memory
    startup_stm32f10x_md.o(.text) refers to system_stm32f10x.o(.text) for SystemInit
    startup_stm32f10x_md.o(.text) refers to __main.o(!!!main) for __main
    startup_stm32f10x_md.o(.text) refers to startup_stm32f10x_md.o(HEAP) for Heap_Mem
    startup_stm32f10x_md.o(.text) refers to startup_stm32f10x_md.o(STACK) for Stack_Mem
    pid.o(.text) refers to pid.o(.data) for SetPoint
    adc.o(.text) refers to stm32f10x_rcc.o(.text) for RCC_APB2PeriphClockCmd
    adc.o(.text) refers to stm32f10x_gpio.o(.text) for GPIO_Init
    adc.o(.text) refers to stm32f10x_adc.o(.text) for ADC_DeInit
    adc.o(.text) refers to delay.o(.text) for delay_ms
    key.o(.text) refers to stm32f10x_rcc.o(.text) for RCC_APB2PeriphClockCmd
    key.o(.text) refers to stm32f10x_gpio.o(.text) for GPIO_Init
    key.o(.text) refers to stm32f10x_exti.o(.text) for EXTI_Init
    key.o(.text) refers to misc.o(.text) for NVIC_Init
    lcd.o(.text) refers to _printf_percent.o(.ARM.Collect$$_printf_percent$$00000000) for _printf_percent
    lcd.o(.text) refers to _printf_x.o(.ARM.Collect$$_printf_percent$$0000000C) for _printf_x
    lcd.o(.text) refers to _printf_hex_int.o(.text) for _printf_longlong_hex
    lcd.o(.text) refers to delay.o(.text) for delay_us
    lcd.o(.text) refers to lcd.o(.bss) for lcddev
    lcd.o(.text) refers to lcd.o(.data) for POINT_COLOR
    lcd.o(.text) refers to dflt_clz.o(x$fpl$dfltu) for __aeabi_ui2d
    lcd.o(.text) refers to dmul.o(x$fpl$dmul) for __aeabi_dmul
    lcd.o(.text) refers to dfixu.o(x$fpl$dfixu) for __aeabi_d2uiz
    lcd.o(.text) refers to stm32f10x_rcc.o(.text) for RCC_AHBPeriphClockCmd
    lcd.o(.text) refers to stm32f10x_gpio.o(.text) for GPIO_Init
    lcd.o(.text) refers to stm32f10x_fsmc.o(.text) for FSMC_NORSRAMInit
    lcd.o(.text) refers to noretval__2printf.o(.text) for __2printf
    lcd.o(.text) refers to lcd.o(.constdata) for asc2_1206
    led.o(.text) refers to stm32f10x_rcc.o(.text) for RCC_APB2PeriphClockCmd
    led.o(.text) refers to stm32f10x_gpio.o(.text) for GPIO_Init
    mod.o(.text) refers to dmul.o(x$fpl$dmul) for __aeabi_dmul
    mod.o(.text) refers to daddsub_clz.o(x$fpl$dsub) for __aeabi_dsub
    mod.o(.text) refers to daddsub_clz.o(x$fpl$dadd) for __aeabi_dadd
    mod.o(.text) refers to drleqf.o(x$fpl$drleqf) for __aeabi_cdrcmple
    mod.o(.text) refers to daddsub_clz.o(x$fpl$drsb) for __aeabi_drsub
    mod.o(.text) refers to mod.o(.data) for x_2
    timer.o(.text) refers to stm32f10x_rcc.o(.text) for RCC_APB1PeriphClockCmd
    timer.o(.text) refers to stm32f10x_gpio.o(.text) for GPIO_Init
    timer.o(.text) refers to stm32f10x_tim.o(.text) for TIM_TimeBaseInit
[...]
    ../clib/libinit.s                        0x00000000   Number         0  libshutdown.o ABSOLUTE
    ../clib/libinit.s                        0x00000000   Number         0  libshutdown2.o ABSOLUTE
    ../clib/libinit.s                        0x00000000   Number         0  libinit.o ABSOLUTE
    ../clib/libinit.s                        0x00000000   Number         0  libinit2.o ABSOLUTE
    ../clib/printf.c                         0x00000000   Number         0  __printf_flags_wp.o ABSOLUTE
    ../clib/printf.c                         0x00000000   Number         0  __printf_wp.o ABSOLUTE
    ../clib/printf.c                         0x00000000   Number         0  __printf.o ABSOLUTE
    ../clib/printf.c                         0x00000000   Number         0  __printf_flags_ss.o ABSOLUTE
    ../clib/printf.c                         0x00000000   Number         0  _printf_char_common.o ABSOLUTE
    ../clib/printf.c                         0x00000000   Number         0  __printf_ss.o ABSOLUTE
    ../clib/printf.c                         0x00000000   Number         0  __printf_flags.o ABSOLUTE
    ../clib/printf.c                         0x00000000   Number         0  _printf_hex_int_ll_ptr.o ABSOLUTE
    ../clib/printf.c                         0x00000000   Number         0  _printf_hex_ll_ptr.o ABSOLUTE
    ../clib/printf.c                         0x00000000   Number         0  _printf_hex_int_ptr.o ABSOLUTE
    ../clib/printf.c                         0x00000000   Number         0  noretval__2printf.o ABSOLUTE
    ../clib/printf.c                         0x00000000   Number         0  _printf_hex_int_ll.o ABSOLUTE
    ../clib/printf.c                         0x00000000   Number         0  _printf_hex_ptr.o ABSOLUTE
    ../clib/printf.c                         0x00000000   Number         0  _printf_hex_ll.o ABSOLUTE
    ../clib/printf.c                         0x00000000   Number         0  __2printf.o ABSOLUTE
    ../clib/printf.c                         0x00000000   Number         0  _printf_intcommon.o ABSOLUTE
    ../clib/printf.c                         0x00000000   Number         0  __printf_flags_ss_wp.o ABSOLUTE
    ../clib/printf.c                         0x00000000   Number         0  _printf_char_file.o ABSOLUTE
    ../clib/printf.c                         0x00000000   Number         0  __printf_ss_wp.o ABSOLUTE
    ../clib/printf.c                         0x00000000   Number         0  _printf_hex_int.o ABSOLUTE
    ../clib/printf.c                         0x00000000   Number         0  __printf_nopercent.o ABSOLUTE
    ../clib/printf_percent.s                 0x00000000   Number         0  _printf_percent.o ABSOLUTE
    ../clib/printf_percent.s                 0x00000000   Number         0  _printf_x.o ABSOLUTE
    ../clib/printf_percent.s                 0x00000000   Number         0  _printf_percent_end.o ABSOLUTE
    ../clib/signal.c                         0x00000000   Number         0  defsig_segv_inner.o ABSOLUTE
    ../clib/signal.c                         0x00000000   Number         0  defsig_other.o ABSOLUTE
    ../clib/signal.c                         0x00000000   Number         0  __raise.o ABSOLUTE
    ../clib/signal.c                         0x00000000   Number         0  defsig_rtmem_outer.o ABSOLUTE
    ../clib/signal.c                         0x00000000   Number         0  defsig_rtmem_formal.o ABSOLUTE
    ../clib/signal.c                         0x00000000   Number         0  defsig_exit.o ABSOLUTE
    ../clib/signal.c                         0x00000000   Number         0  defsig_rtmem_inner.o ABSOLUTE
    ../clib/signal.c                         0x00000000   Number         0  defsig_general.o ABSOLUTE
    ../clib/signal.c                         0x00000000   Number         0  defsig_abrt_inner.o ABSOLUTE
    ../clib/signal.c                         0x00000000   Number         0  defsig_fpe_inner.o ABSOLUTE
    ../clib/signal.c                         0x00000000   Number         0  defsig_rtred_inner.o ABSOLUTE
    ../clib/signal.c                         0x00000000   Number         0  defsig_stak_inner.o ABSOLUTE
    ../clib/signal.c                         0x00000000   Number         0  defsig_pvfn_inner.o ABSOLUTE
    ../clib/signal.c                         0x00000000   Number         0  defsig_cppl_inner.o ABSOLUTE
    ../clib/signal.s                         0x00000000   Number         0  defsig.o ABSOLUTE
    ../clib/stdio.c                          0x00000000   Number         0  ferror.o ABSOLUTE
    ../clib/stdio.c                          0x00000000   Number         0  ferror_locked.o ABSOLUTE
    ../clib/stdlib.c                         0x00000000   Number         0  exit.o ABSOLUTE
    ../fplib/d2f.s                           0x00000000   Number         0  d2f.o ABSOLUTE
    ../fplib/daddsub.s                       0x00000000   Number         0  daddsub_clz.o ABSOLUTE
    ../fplib/dcmpi.s                         0x00000000   Number         0  dcmpi.o ABSOLUTE
    ../fplib/dfixu.s                         0x00000000   Number         0  dfixu.o ABSOLUTE
    ../fplib/dflt.s                          0x00000000   Number         0  dflt_clz.o ABSOLUTE
    ../fplib/dleqf.s                         0x00000000   Number         0  dleqf.o ABSOLUTE
    ../fplib/dmul.s                          0x00000000   Number         0  dmul.o ABSOLUTE
    ../fplib/dnaninf.s                       0x00000000   Number         0  dnaninf.o ABSOLUTE
    ../fplib/dretinf.s                       0x00000000   Number         0  dretinf.o ABSOLUTE
    ../fplib/drleqf.s                        0x00000000   Number         0  drleqf.o ABSOLUTE
    ../fplib/f2d.s                           0x00000000   Number         0  f2d.o ABSOLUTE
    ../fplib/faddsub.s                       0x00000000   Number         0  faddsub_clz.o ABSOLUTE
    ../fplib/ffixu.s                         0x00000000   Number         0  ffixu.o ABSOLUTE
    ../fplib/fflt.s                          0x00000000   Number         0  fflt_clz.o ABSOLUTE
    ../fplib/fmul.s                          0x00000000   Number         0  fmul.o ABSOLUTE
    ../fplib/fnaninf.s                       0x00000000   Number         0  fnaninf.o ABSOLUTE
    ../fplib/fpinit.s                        0x00000000   Number         0  fpinit.o ABSOLUTE
    ../fplib/fretinf.s                       0x00000000   Number         0  fretinf.o ABSOLUTE
    ../fplib/usenofp.s                       0x00000000   Number         0  usenofp.o ABSOLUTE
    ..\CORE\core_cm3.c                       0x00000000   Number         0  core_cm3.o ABSOLUTE
    ..\STM32F10x_FWLib\src\misc.c            0x00000000   Number         0  misc.o ABSOLUTE
    ..\STM32F10x_FWLib\src\stm32f10x_adc.c   0x00000000   Number         0  stm32f10x_adc.o ABSOLUTE
    ..\STM32F10x_FWLib\src\stm32f10x_dma.c   0x00000000   Number         0  stm32f10x_dma.o ABSOLUTE
    ..\STM32F10x_FWLib\src\stm32f10x_exti.c  0x00000000   Number         0  stm32f10x_exti.o ABSOLUTE
    ..\STM32F10x_FWLib\src\stm32f10x_fsmc.c  0x00000000   Number         0  stm32f10x_fsmc.o ABSOLUTE
    ..\STM32F10x_FWLib\src\stm32f10x_gpio.c  0x00000000   Number         0  stm32f10x_gpio.o ABSOLUTE
    ..\STM32F10x_FWLib\src\stm32f10x_rcc.c   0x00000000   Number         0  stm32f10x_rcc.o ABSOLUTE
    ..\STM32F10x_FWLib\src\stm32f10x_tim.c   0x00000000   Number         0  stm32f10x_tim.o ABSOLUTE
    ..\STM32F10x_FWLib\src\stm32f10x_usart.c 0x00000000   Number         0  stm32f10x_usart.o ABSOLUTE
    ..\SYSTEM\delay\delay.c                  0x00000000   Number         0  delay.o ABSOLUTE
    ..\SYSTEM\sys\sys.c                      0x00000000   Number         0  sys.o ABSOLUTE
    ..\SYSTEM\usart\usart.c                  0x00000000   Number         0  usart.o ABSOLUTE
    ..\\CORE\\core_cm3.c                     0x00000000   Number         0  core_cm3.o ABSOLUTE
    ..\\SYSTEM\\sys\\sys.c                   0x00000000   Number         0  sys.o ABSOLUTE
    BSP\ADC\adc.c                            0x00000000   Number         0  adc.o ABSOLUTE
    BSP\KEY\key.c                            0x00000000   Number         0  key.o ABSOLUTE
    BSP\LCD\lcd.c                            0x00000000   Number         0  lcd.o ABSOLUTE
    BSP\LED\led.c                            0x00000000   Number         0  led.o ABSOLUTE
    BSP\MOD\mod.c                            0x00000000   Number         0  mod.o ABSOLUTE
    BSP\PID\pid.c                            0x00000000   Number         0  pid.o ABSOLUTE
    BSP\TIMER\timer.c                        0x00000000   Number         0  timer.o ABSOLUTE
    dc.s                                     0x00000000   Number         0  dc.o ABSOLUTE
    main.c                                   0x00000000   Number         0  main.o ABSOLUTE
    startup_stm32f10x_md.s                   0x00000000   Number         0  startup_stm32f10x_md.o ABSOLUTE
    stm32f10x_it.c                           0x00000000   Number         0  stm32f10x_it.o ABSOLUTE
    system_stm32f10x.c                       0x00000000   Number         0  system_stm32f10x.o ABSOLUTE
    RESET                                    0x08000000   Section      236  startup_stm32f10x_md.o(RESET)
    !!!main                                  0x080000ec   Section        8  __main.o(!!!main)
    !!!scatter                               0x080000f4   Section       52  __scatter.o(!!!scatter)
    !!handler_copy                           0x08000128   Section       26  __scatter_copy.o(!!handler_copy)
    !!handler_zi                             0x08000144   Section       28  __scatter_zi.o(!!handler_zi)
    .ARM.Collect$$_printf_percent$$00000000  0x08000160   Section        0  _printf_percent.o(.ARM.Collect$$_printf_percent$$00000000)
    .ARM.Collect$$_printf_percent$$0000000C  0x08000160   Section        6  _printf_x.o(.ARM.Collect$$_printf_percent$$0000000C)
    .ARM.Collect$$_printf_percent$$00000017  0x08000166   Section        4  _printf_percent_end.o(.ARM.Collect$$_printf_percent$$00000017)
    .ARM.Collect$$libinit$$00000000          0x0800016a   Section        2  libinit.o(.ARM.Collect$$libinit$$00000000)
    .ARM.Collect$$libinit$$00000002          0x0800016c   Section        0  libinit2.o(.ARM.Collect$$libinit$$00000002)
    .ARM.Collect$$libinit$$00000004          0x0800016c   Section        0  libinit2.o(.ARM.Collect$$libinit$$00000004)
    .ARM.Collect$$libinit$$0000000A          0x0800016c   Section        0  libinit2.o(.ARM.Collect$$libinit$$0000000A)
    .ARM.Collect$$libinit$$0000000C          0x0800016c   Section        0  libinit2.o(.ARM.Collect$$libinit$$0000000C)
    .ARM.Collect$$libinit$$0000000E          0x0800016c   Section        0  libinit2.o(.ARM.Collect$$libinit$$0000000E)
    .ARM.Collect$$libinit$$00000011          0x0800016c   Section        0  libinit2.o(.ARM.Collect$$libinit$$00000011)
    .ARM.Collect$$libinit$$00000013          0x0800016c   Section        0  libinit2.o(.ARM.Collect$$libinit$$00000013)
    .ARM.Collect$$libinit$$00000015          0x0800016c   Section        0  libinit2.o(.ARM.Collect$$libinit$$00000015)
    .ARM.Collect$$libinit$$00000017          0x0800016c   Section        0  libinit2.o(.ARM.Collect$$libinit$$00000017)
    .ARM.Collect$$libinit$$00000019          0x0800016c   Section        0  libinit2.o(.ARM.Collect$$libinit$$00000019)
    .ARM.Collect$$libinit$$0000001B          0x0800016c   Section        0  libinit2.o(.ARM.Collect$$libinit$$0000001B)
    .ARM.Collect$$libinit$$0000001D          0x0800016c   Section        0  libinit2.o(.ARM.Collect$$libinit$$0000001D)
    .ARM.Collect$$libinit$$0000001F          0x0800016c   Section        0  libinit2.o(.ARM.Collect$$libinit$$0000001F)
    .ARM.Collect$$libinit$$00000021          0x0800016c   Section        0  libinit2.o(.ARM.Collect$$libinit$$00000021)
    .ARM.Collect$$libinit$$00000023          0x0800016c   Section        0  libinit2.o(.ARM.Collect$$libinit$$00000023)
    .ARM.Collect$$libinit$$00000025          0x0800016c   Section        0  libinit2.o(.ARM.Collect$$libinit$$00000025)
    .ARM.Collect$$libinit$$0000002C          0x0800016c   Section        0  libinit2.o(.ARM.Collect$$libinit$$0000002C)
    .ARM.Collect$$libinit$$0000002E          0x0800016c   Section        0  libinit2.o(.ARM.Collect$$libinit$$0000002E)
    .ARM.Collect$$libinit$$00000030          0x0800016c   Section        0  libinit2.o(.ARM.Collect$$libinit$$00000030)
    .ARM.Collect$$libinit$$00000032          0x0800016c   Section        0  libinit2.o(.ARM.Collect$$libinit$$00000032)
    .ARM.Collect$$libinit$$00000033          0x0800016c   Section        2  libinit2.o(.ARM.Collect$$libinit$$00000033)
    .ARM.Collect$$libshutdown$$00000000      0x0800016e   Section        2  libshutdown.o(.ARM.Collect$$libshutdown$$00000000)
    .ARM.Collect$$libshutdown$$00000002      0x08000170   Section        0  libshutdown2.o(.ARM.Collect$$libshutdown$$00000002)
    .ARM.Collect$$libshutdown$$00000004      0x08000170   Section        0  libshutdown2.o(.ARM.Collect$$libshutdown$$00000004)
    .ARM.Collect$$libshutdown$$00000007      0x08000170   Section        0  libshutdown2.o(.ARM.Collect$$libshutdown$$00000007)
    .ARM.Collect$$libshutdown$$0000000A      0x08000170   Section        0  libshutdown2.o(.ARM.Collect$$libshutdown$$0000000A)
    .ARM.Collect$$libshutdown$$0000000C      0x08000170   Section        0  libshutdown2.o(.ARM.Collect$$libshutdown$$0000000C)
    .ARM.Collect$$libshutdown$$0000000F      0x08000170   Section        0  libshutdown2.o(.ARM.Collect$$libshutdown$$0000000F)
    .ARM.Collect$$libshutdown$$00000010      0x08000170   Section        2  libshutdown2.o(.ARM.Collect$$libshutdown$$00000010)
    .ARM.Collect$$rtentry$$00000000          0x08000172   Section        0  __rtentry.o(.ARM.Collect$$rtentry$$00000000)
    .ARM.Collect$$rtentry$$00000002          0x08000172   Section        0  __rtentry2.o(.ARM.Collect$$rtentry$$00000002)
    .ARM.Collect$$rtentry$$00000004          0x08000172   Section        6  __rtentry4.o(.ARM.Collect$$rtentry$$00000004)
    .ARM.Collect$$rtentry$$00000009          0x08000178   Section        0  __rtentry2.o(.ARM.Collect$$rtentry$$00000009)
    .ARM.Collect$$rtentry$$0000000A          0x08000178   Section        4  __rtentry2.o(.ARM.Collect$$rtentry$$0000000A)
    .ARM.Collect$$rtentry$$0000000C          0x0800017c   Section        0  __rtentry2.o(.ARM.Collect$$rtentry$$0000000C)
    .ARM.Collect$$rtentry$$0000000D          0x0800017c   Section        8  __rtentry2.o(.ARM.Collect$$rtentry$$0000000D)
    .ARM.Collect$$rtexit$$00000000           0x08000184   Section        2  rtexit.o(.ARM.Collect$$rtexit$$00000000)
    .ARM.Collect$$rtexit$$00000002           0x08000186   Section        0  rtexit2.o(.ARM.Collect$$rtexit$$00000002)
    .ARM.Collect$$rtexit$$00000003           0x08000186   Section        4  rtexit2.o(.ARM.Collect$$rtexit$$00000003)
    .ARM.Collect$$rtexit$$00000004           0x0800018a   Section        6  rtexit2.o(.ARM.Collect$$rtexit$$00000004)
    .text                                    0x08000190   Section        0  main.o(.text)
    .text                                    0x08000850   Section        0  stm32f10x_it.o(.text)
    .text                                    0x0800086c   Section        0  system_stm32f10x.o(.text)
    SetSysClockTo72                          0x0800086d   Thumb Code   214  system_stm32f10x.o(.text)
    SetSysClock                              0x08000943   Thumb Code     8  system_stm32f10x.o(.text)
    .text                                    0x08000a4c   Section       64  startup_stm32f10x_md.o(.text)
    .text                                    0x08000a8c   Section        0  adc.o(.text)
    .text                                    0x08000b74   Section        0  key.o(.text)
    .text                                    0x08000c84   Section        0  lcd.o(.text)
    .text                                    0x080056dc   Section        0  led.o(.text)
    .text                                    0x08005744   Section        0  mod.o(.text)
    .text                                    0x080059dc   Section        0  timer.o(.text)
    .text                                    0x08005ab4   Section        0  delay.o(.text)
    .text                                    0x08005b88   Section        0  usart.o(.text)
    .text                                    0x08005cd0   Section        0  misc.o(.text)
    .text                                    0x08005dac   Section        0  stm32f10x_adc.o(.text)
    .text                                    0x080061fc   Section        0  stm32f10x_fsmc.o(.text)
    .text                                    0x08006808   Section        0  stm32f10x_gpio.o(.text)
    .text                                    0x08006b64   Section        0  stm32f10x_rcc.o(.text)
    .text                                    0x08006f08   Section        0  stm32f10x_usart.o(.text)
    .text                                    0x08007310   Section        0  stm32f10x_tim.o(.text)
    TI4_Config                               0x080077b7   Thumb Code   130  stm32f10x_tim.o(.text)
    TI3_Config                               0x0800784b   Thumb Code   122  stm32f10x_tim.o(.text)
    TI2_Config                               0x080078df   Thumb Code   130  stm32f10x_tim.o(.text)
    TI1_Config                               0x08007973   Thumb Code   108  stm32f10x_tim.o(.text)
    .text                                    0x0800812c   Section        0  stm32f10x_exti.o(.text)
    .text                                    0x08008248   Section        2  use_no_semi_2.o(.text)
    .text                                    0x0800824c   Section        0  noretval__2printf.o(.text)
    .text                                    0x08008264   Section        0  __printf.o(.text)
    .text                                    0x080082cc   Section        0  _printf_hex_int.o(.text)
    .text                                    0x08008324   Section        0  heapauxi.o(.text)
    .text                                    0x0800832a   Section        2  use_no_semi.o(.text)
    .text                                    0x0800832c   Section        0  _printf_intcommon.o(.text)
    .text                                    0x080083e0   Section        0  _printf_char_file.o(.text)
    .text                                    0x08008404   Section        0  _printf_char_common.o(.text)
    _printf_input_char                       0x08008405   Thumb Code    10  _printf_char_common.o(.text)
    .text                                    0x08008434   Section        0  ferror.o(.text)
    .text                                    0x0800843c   Section       74  sys_stackheap_outer.o(.text)
    .text                                    0x08008486   Section        0  exit.o(.text)
    .text                                    0x08008498   Section        8  libspace.o(.text)
    x$fpl$d2f                                0x080084a0   Section       98  d2f.o(x$fpl$d2f)
    x$fpl$dadd                               0x08008504   Section      336  daddsub_clz.o(x$fpl$dadd)
    _dadd1                                   0x08008515   Thumb Code     0  daddsub_clz.o(x$fpl$dadd)
    x$fpl$dcmpinf                            0x08008654   Section       24  dcmpi.o(x$fpl$dcmpinf)
    x$fpl$dfixu                              0x0800866c   Section       90  dfixu.o(x$fpl$dfixu)
    x$fpl$dfltu                              0x080086c6   Section       38  dflt_clz.o(x$fpl$dfltu)
    x$fpl$dleqf                              0x080086ec   Section      120  dleqf.o(x$fpl$dleqf)
    x$fpl$dmul                               0x08008764   Section      340  dmul.o(x$fpl$dmul)
    x$fpl$dnaninf                            0x080088b8   Section      156  dnaninf.o(x$fpl$dnaninf)
    x$fpl$dretinf                            0x08008954   Section       12  dretinf.o(x$fpl$dretinf)
    x$fpl$drleqf                             0x08008960   Section      108  drleqf.o(x$fpl$drleqf)
    x$fpl$drsb                               0x080089cc   Section       22  daddsub_clz.o(x$fpl$drsb)
    x$fpl$dsub                               0x080089e4   Section      468  daddsub_clz.o(x$fpl$dsub)
    _dsub1                                   0x080089f5   Thumb Code     0  daddsub_clz.o(x$fpl$dsub)
    x$fpl$f2d                                0x08008bb8   Section       86  f2d.o(x$fpl$f2d)
    x$fpl$fadd                               0x08008c10   Section      196  faddsub_clz.o(x$fpl$fadd)
    _fadd1                                   0x08008c1f   Thumb Code     0  faddsub_clz.o(x$fpl$fadd)
    x$fpl$ffixu                              0x08008cd4   Section       62  ffixu.o(x$fpl$ffixu)
    x$fpl$ffltu                              0x08008d14   Section       38  fflt_clz.o(x$fpl$ffltu)
    x$fpl$fmul                               0x08008d3c   Section      258  fmul.o(x$fpl$fmul)
    x$fpl$fnaninf                            0x08008e3e   Section      140  fnaninf.o(x$fpl$fnaninf)
    x$fpl$fretinf                            0x08008eca   Section       10  fretinf.o(x$fpl$fretinf)
    x$fpl$frsb                               0x08008ed4   Section       20  faddsub_clz.o(x$fpl$frsb)
    x$fpl$fsub                               0x08008ee8   Section      234  faddsub_clz.o(x$fpl$fsub)
    _fsub1                                   0x08008ef7   Thumb Code     0  faddsub_clz.o(x$fpl$fsub)
    .constdata                               0x08008fd2   Section     6080  lcd.o(.constdata)
    x$fpl$usenofp                            0x08008fd2   Section        0  usenofp.o(x$fpl$usenofp)
    .constdata                               0x0800a792   Section       40  _printf_hex_int.o(.constdata)
    uc_hextab                                0x0800a792   Data          20  _printf_hex_int.o(.constdata)
    lc_hextab                                0x0800a7a6   Data          20  _printf_hex_int.o(.constdata)
    .data                                    0x20000000   Section       12  main.o(.data)
    .data                                    0x2000000c   Section       20  system_stm32f10x.o(.data)
    .data                                    0x20000020   Section        4  lcd.o(.data)
    .data                                    0x20000028   Section       48  mod.o(.data)
    .data                                    0x20000058   Section        4  delay.o(.data)
    fac_us                                   0x20000058   Data           1  delay.o(.data)
    fac_ms                                   0x2000005a   Data           2  delay.o(.data)
    .data                                    0x2000005c   Section        6  usart.o(.data)
    .data                                    0x20000062   Section       20  stm32f10x_rcc.o(.data)
    APBAHBPrescTable                         0x20000062   Data          16  stm32f10x_rcc.o(.data)
    ADCPrescTable                            0x20000072   Data           4  stm32f10x_rcc.o(.data)
    .bss                                     0x20000078   Section       14  lcd.o(.bss)
    .bss                                     0x20000086   Section      200  usart.o(.bss)
    .bss                                     0x20000150   Section       96  libspace.o(.bss)
    HEAP                                     0x200001b0   Section      512  startup_stm32f10x_md.o(HEAP)
    Heap_Mem                                 0x200001b0   Data         512  startup_stm32f10x_md.o(HEAP)
    STACK                                    0x200003b0   Section     1024  startup_stm32f10x_md.o(STACK)
    Stack_Mem                                0x200003b0   Data        1024  startup_stm32f10x_md.o(STACK)
    __initial_sp                             0x200007b0   Data           0  startup_stm32f10x_md.o(STACK)

    Global Symbols

    Symbol Name                              Value     Ov Type        Size  Object(Section)

    BuildAttributes$$THM_ISAv4$P$D$K$B$S$PE$A:L22UL41UL21$X:L11$S22US41US21$IEEE1$IW$USESV6$~STKCKD$USESV7$~SHL$OSPACE$ROPI$EBA8$UX$STANDARDLIB$REQ8$PRES8$EABIv2 0x00000000   Number         0  anon$$obj.o ABSOLUTE
    __ARM_use_no_argv                        0x00000000   Number         0  main.o ABSOLUTE
    __ARM_exceptions_init                     - Undefined Weak Reference
    __alloca_initialize                       - Undefined Weak Reference
    __arm_preinit_                            - Undefined Weak Reference
    __cpp_initialize__aeabi_                  - Undefined Weak Reference
    __cxa_finalize                            - Undefined Weak Reference
    __rt_locale                               - Undefined Weak Reference
    __sigvec_lookup                           - Undefined Weak Reference
    _atexit_init                              - Undefined Weak Reference
    _call_atexit_fns                          - Undefined Weak Reference
    _clock_init                               - Undefined Weak Reference
    _fp_trap_init                             - Undefined Weak Reference
    _fp_trap_shutdown                         - Undefined Weak Reference
    _get_lc_collate                           - Undefined Weak Reference
    _get_lc_ctype                             - Undefined Weak Reference
    _get_lc_monetary                          - Undefined Weak Reference
    _get_lc_numeric                           - Undefined Weak Reference
    _get_lc_time                              - Undefined Weak Reference
    _getenv_init                              - Undefined Weak Reference
    _handle_redirection                       - Undefined Weak Reference
    _init_alloc                               - Undefined Weak Reference
    _init_user_alloc                          - Undefined Weak Reference
    _initio                                   - Undefined Weak Reference
    _mutex_acquire                            - Undefined Weak Reference
    _mutex_release                            - Undefined Weak Reference
    _printf_post_padding                      - Undefined Weak Reference
    _printf_pre_padding                       - Undefined Weak Reference
    _printf_truncate_unsigned                 - Undefined Weak Reference
    _rand_init                                - Undefined Weak Reference
    _signal_finish                            - Undefined Weak Reference
    _signal_init                              - Undefined Weak Reference
    _terminate_alloc                          - Undefined Weak Reference
    _terminate_user_alloc                     - Undefined Weak Reference
    _terminateio                              - Undefined Weak Reference
    __Vectors_Size                           0x000000ec   Number         0  startup_stm32f10x_md.o ABSOLUTE
    __Vectors                                0x08000000   Data           4  startup_stm32f10x_md.o(RESET)
    __Vectors_End                            0x080000ec   Data           0  startup_stm32f10x_md.o(RESET)
    __main                                   0x080000ed   Thumb Code     8  __main.o(!!!main)
    __scatterload                            0x080000f5   Thumb Code     0  __scatter.o(!!!scatter)
    __scatterload_rt2                        0x080000f5   Thumb Code    44  __scatter.o(!!!scatter)
    __scatterload_rt2_thumb_only             0x080000f5   Thumb Code     0  __scatter.o(!!!scatter)
    __scatterload_null                       0x08000103   Thumb Code     0  __scatter.o(!!!scatter)
    __scatterload_copy                       0x08000129   Thumb Code    26  __scatter_copy.o(!!handler_copy)
    __scatterload_zeroinit                   0x08000145   Thumb Code    28  __scatter_zi.o(!!handler_zi)
    _printf_percent                          0x08000161   Thumb Code     0  _printf_percent.o(.ARM.Collect$$_printf_percent$$00000000)
    _printf_x                                0x08000161   Thumb Code     0  _printf_x.o(.ARM.Collect$$_printf_percent$$0000000C)
    _printf_percent_end                      0x08000167   Thumb Code     0  _printf_percent_end.o(.ARM.Collect$$_printf_percent$$00000017)
    __rt_lib_init                            0x0800016b   Thumb Code     0  libinit.o(.ARM.Collect$$libinit$$00000000)
    __rt_lib_init_alloca_1                   0x0800016d   Thumb Code     0  libinit2.o(.ARM.Collect$$libinit$$0000002E)
    __rt_lib_init_argv_1                     0x0800016d   Thumb Code     0  libinit2.o(.ARM.Collect$$libinit$$0000002C)
    __rt_lib_init_atexit_1                   0x0800016d   Thumb Code     0  libinit2.o(.ARM.Collect$$libinit$$0000001B)
    __rt_lib_init_clock_1                    0x0800016d   Thumb Code     0  libinit2.o(.ARM.Collect$$libinit$$00000021)
    __rt_lib_init_cpp_1                      0x0800016d   Thumb Code     0  libinit2.o(.ARM.Collect$$libinit$$00000032)
    __rt_lib_init_exceptions_1               0x0800016d   Thumb Code     0  libinit2.o(.ARM.Collect$$libinit$$00000030)
    __rt_lib_init_fp_1                       0x0800016d   Thumb Code     0  libinit2.o(.ARM.Collect$$libinit$$00000002)
    __rt_lib_init_fp_trap_1                  0x0800016d   Thumb Code     0  libinit2.o(.ARM.Collect$$libinit$$0000001F)
    __rt_lib_init_getenv_1                   0x0800016d   Thumb Code     0  libinit2.o(.ARM.Collect$$libinit$$00000023)
    __rt_lib_init_heap_1                     0x0800016d   Thumb Code     0  libinit2.o(.ARM.Collect$$libinit$$0000000A)
    __rt_lib_init_lc_collate_1               0x0800016d   Thumb Code     0  libinit2.o(.ARM.Collect$$libinit$$00000011)
    __rt_lib_init_lc_ctype_1                 0x0800016d   Thumb Code     0  libinit2.o(.ARM.Collect$$libinit$$00000013)
    __rt_lib_init_lc_monetary_1              0x0800016d   Thumb Code     0  libinit2.o(.ARM.Collect$$libinit$$00000015)
    __rt_lib_init_lc_numeric_1               0x0800016d   Thumb Code     0  libinit2.o(.ARM.Collect$$libinit$$00000017)
    __rt_lib_init_lc_time_1                  0x0800016d   Thumb Code     0  libinit2.o(.ARM.Collect$$libinit$$00000019)
    __rt_lib_init_preinit_1                  0x0800016d   Thumb Code     0  libinit2.o(.ARM.Collect$$libinit$$00000004)
    __rt_lib_init_rand_1                     0x0800016d   Thumb Code     0  libinit2.o(.ARM.Collect$$libinit$$0000000E)
    __rt_lib_init_return                     0x0800016d   Thumb Code     0  libinit2.o(.ARM.Collect$$libinit$$00000033)
    __rt_lib_init_signal_1                   0x0800016d   Thumb Code     0  libinit2.o(.ARM.Collect$$libinit$$0000001D)
    __rt_lib_init_stdio_1                    0x0800016d   Thumb Code     0  libinit2.o(.ARM.Collect$$libinit$$00000025)
    __rt_lib_init_user_alloc_1               0x0800016d   Thumb Code     0  libinit2.o(.ARM.Collect$$libinit$$0000000C)
    __rt_lib_shutdown                        0x0800016f   Thumb Code     0  libshutdown.o(.ARM.Collect$$libshutdown$$00000000)
    __rt_lib_shutdown_cpp_1                  0x08000171   Thumb Code     0  libshutdown2.o(.ARM.Collect$$libshutdown$$00000002)
    __rt_lib_shutdown_fp_trap_1              0x08000171   Thumb Code     0  libshutdown2.o(.ARM.Collect$$libshutdown$$00000007)
    __rt_lib_shutdown_heap_1                 0x08000171   Thumb Code     0  libshutdown2.o(.ARM.Collect$$libshutdown$$0000000F)
    __rt_lib_shutdown_return                 0x08000171   Thumb Code     0  libshutdown2.o(.ARM.Collect$$libshutdown$$00000010)
    __rt_lib_shutdown_signal_1               0x08000171   Thumb Code     0  libshutdown2.o(.ARM.Collect$$libshutdown$$0000000A)
    __rt_lib_shutdown_stdio_1                0x08000171   Thumb Code     0  libshutdown2.o(.ARM.Collect$$libshutdown$$00000004)
    __rt_lib_shutdown_user_alloc_1           0x08000171   Thumb Code     0  libshutdown2.o(.ARM.Collect$$libshutdown$$0000000C)
    __rt_entry                               0x08000173   Thumb Code     0  __rtentry.o(.ARM.Collect$$rtentry$$00000000)
    __rt_entry_presh_1                       0x08000173   Thumb Code     0  __rtentry2.o(.ARM.Collect$$rtentry$$00000002)
    __rt_entry_sh                            0x08000173   Thumb Code     0  __rtentry4.o(.ARM.Collect$$rtentry$$00000004)
    __rt_entry_li                            0x08000179   Thumb Code     0  __rtentry2.o(.ARM.Collect$$rtentry$$0000000A)
    __rt_entry_postsh_1                      0x08000179   Thumb Code     0  __rtentry2.o(.ARM.Collect$$rtentry$$00000009)
    __rt_entry_main                          0x0800017d   Thumb Code     0  __rtentry2.o(.ARM.Collect$$rtentry$$0000000D)
    __rt_entry_postli_1                      0x0800017d   Thumb Code     0  __rtentry2.o(.ARM.Collect$$rtentry$$0000000C)
    __rt_exit                                0x08000185   Thumb Code     0  rtexit.o(.ARM.Collect$$rtexit$$00000000)
    __rt_exit_ls                             0x08000187   Thumb Code     0  rtexit2.o(.ARM.Collect$$rtexit$$00000003)
    __rt_exit_prels_1                        0x08000187   Thumb Code     0  rtexit2.o(.ARM.Collect$$rtexit$$00000002)
    __rt_exit_exit                           0x0800018b   Thumb Code     0  rtexit2.o(.ARM.Collect$$rtexit$$00000004)
    main                                     0x08000191   Thumb Code   776  main.o(.text)
    EXTI0_IRQHandler                         0x08000499   Thumb Code   168  main.o(.text)
    EXTI2_IRQHandler                         0x08000541   Thumb Code   292  main.o(.text)
    EXTI3_IRQHandler                         0x08000665   Thumb Code   152  main.o(.text)
    EXTI4_IRQHandler                         0x080006fd   Thumb Code   146  main.o(.text)
    TIM4_IRQHandler                          0x0800078f   Thumb Code   148  main.o(.text)
    NMI_Handler                              0x08000851   Thumb Code     2  stm32f10x_it.o(.text)
    HardFault_Handler                        0x08000853   Thumb Code     4  stm32f10x_it.o(.text)
    MemManage_Handler                        0x08000857   Thumb Code     4  stm32f10x_it.o(.text)
    BusFault_Handler                         0x0800085b   Thumb Code     4  stm32f10x_it.o(.text)
    UsageFault_Handler                       0x0800085f   Thumb Code     4  stm32f10x_it.o(.text)
    SVC_Handler                              0x08000863   Thumb Code     2  stm32f10x_it.o(.text)
    DebugMon_Handler                         0x08000865   Thumb Code     2  stm32f10x_it.o(.text)
    PendSV_Handler                           0x08000867   Thumb Code     2  stm32f10x_it.o(.text)
    SysTick_Handler                          0x08000869   Thumb Code     2  stm32f10x_it.o(.text)
    SystemInit                               0x0800094b   Thumb Code    78  system_stm32f10x.o(.text)
    SystemCoreClockUpdate                    0x08000999   Thumb Code   142  system_stm32f10x.o(.text)
    Reset_Handler                            0x08000a4d   Thumb Code     8  startup_stm32f10x_md.o(.text)
    ADC1_2_IRQHandler                        0x08000a67   Thumb Code     0  startup_stm32f10x_md.o(.text)
    CAN1_RX1_IRQHandler                      0x08000a67   Thumb Code     0  startup_stm32f10x_md.o(.text)
    CAN1_SCE_IRQHandler                      0x08000a67   Thumb Code     0  startup_stm32f10x_md.o(.text)
    DMA1_Channel1_IRQHandler                 0x08000a67   Thumb Code     0  startup_stm32f10x_md.o(.text)
    DMA1_Channel2_IRQHandler                 0x08000a67   Thumb Code     0  startup_stm32f10x_md.o(.text)
    DMA1_Channel3_IRQHandler                 0x08000a67   Thumb Code     0  startup_stm32f10x_md.o(.text)
    DMA1_Channel4_IRQHandler                 0x08000a67   Thumb Code     0  startup_stm32f10x_md.o(.text)
    DMA1_Channel5_IRQHandler                 0x08000a67   Thumb Code     0  startup_stm32f10x_md.o(.text)
    DMA1_Channel6_IRQHandler                 0x08000a67   Thumb Code     0  startup_stm32f10x_md.o(.text)
    DMA1_Channel7_IRQHandler                 0x08000a67   Thumb Code     0  startup_stm32f10x_md.o(.text)
    EXTI15_10_IRQHandler                     0x08000a67   Thumb Code     0  startup_stm32f10x_md.o(.text)
    EXTI1_IRQHandler                         0x08000a67   Thumb Code     0  startup_stm32f10x_md.o(.text)
    EXTI9_5_IRQHandler                       0x08000a67   Thumb Code     0  startup_stm32f10x_md.o(.text)
    FLASH_IRQHandler                         0x08000a67   Thumb Code     0  startup_stm32f10x_md.o(.text)
    I2C1_ER_IRQHandler                       0x08000a67   Thumb Code     0  startup_stm32f10x_md.o(.text)
    I2C1_EV_IRQHandler                       0x08000a67   Thumb Code     0  startup_stm32f10x_md.o(.text)
    I2C2_ER_IRQHandler                       0x08000a67   Thumb Code     0  startup_stm32f10x_md.o(.text)
    I2C2_EV_IRQHandler                       0x08000a67   Thumb Code     0  startup_stm32f10x_md.o(.text)
    PVD_IRQHandler                           0x08000a67   Thumb Code     0  startup_stm32f10x_md.o(.text)
    RCC_IRQHandler                           0x08000a67   Thumb Code     0  startup_stm32f10x_md.o(.text)
    RTCAlarm_IRQHandler                      0x08000a67   Thumb Code     0  startup_stm32f10x_md.o(.text)
    RTC_IRQHandler                           0x08000a67   Thumb Code     0  startup_stm32f10x_md.o(.text)
    SPI1_IRQHandler                          0x08000a67   Thumb Code     0  startup_stm32f10x_md.o(.text)
    SPI2_IRQHandler                          0x08000a67   Thumb Code     0  startup_stm32f10x_md.o(.text)
    TAMPER_IRQHandler                        0x08000a67   Thumb Code     0  startup_stm32f10x_md.o(.text)
    TIM1_BRK_IRQHandler                      0x08000a67   Thumb Code     0  startup_stm32f10x_md.o(.text)
    TIM1_CC_IRQHandler                       0x08000a67   Thumb Code     0  startup_stm32f10x_md.o(.text)
    TIM1_TRG_COM_IRQHandler                  0x08000a67   Thumb Code     0  startup_stm32f10x_md.o(.text)
    TIM1_UP_IRQHandler                       0x08000a67   Thumb Code     0  startup_stm32f10x_md.o(.text)
    TIM2_IRQHandler                          0x08000a67   Thumb Code     0  startup_stm32f10x_md.o(.text)
    TIM3_IRQHandler                          0x08000a67   Thumb Code     0  startup_stm32f10x_md.o(.text)
    USART2_IRQHandler                        0x08000a67   Thumb Code     0  startup_stm32f10x_md.o(.text)
    USART3_IRQHandler                        0x08000a67   Thumb Code     0  startup_stm32f10x_md.o(.text)
    USBWakeUp_IRQHandler                     0x08000a67   Thumb Code     0  startup_stm32f10x_md.o(.text)
    USB_HP_CAN1_TX_IRQHandler                0x08000a67   Thumb Code     0  startup_stm32f10x_md.o(.text)
    USB_LP_CAN1_RX0_IRQHandler               0x08000a67   Thumb Code     0  startup_stm32f10x_md.o(.text)
    WWDG_IRQHandler                          0x08000a67   Thumb Code     0  startup_stm32f10x_md.o(.text)
    __user_initial_stackheap                 0x08000a69   Thumb Code     0  startup_stm32f10x_md.o(.text)
    Adc_Init                                 0x08000a8d   Thumb Code   132  adc.o(.text)
    Get_Adc                                  0x08000b11   Thumb Code    46  adc.o(.text)
    Get_Adc_Average                          0x08000b3f   Thumb Code    46  adc.o(.text)
    EXTIX_Init                               0x08000b75   Thumb Code   264  key.o(.text)
    LCD_WR_REG                               0x08000c85   Thumb Code     6  lcd.o(.text)
    LCD_WR_DATA                              0x08000c8b   Thumb Code     8  lcd.o(.text)
    LCD_RD_DATA                              0x08000c93   Thumb Code    16  lcd.o(.text)
    LCD_WriteReg                             0x08000ca3   Thumb Code    10  lcd.o(.text)
    LCD_ReadReg                              0x08000cad   Thumb Code    22  lcd.o(.text)
    LCD_WriteRAM_Prepare                     0x08000cc3   Thumb Code    10  lcd.o(.text)
    LCD_WriteRAM                             0x08000ccd   Thumb Code     8  lcd.o(.text)
    LCD_BGR2RGB                              0x08000cd5   Thumb Code    26  lcd.o(.text)
    opt_delay                                0x08000cef   Thumb Code    14  lcd.o(.text)
    LCD_SetCursor                            0x08000cfd   Thumb Code   418  lcd.o(.text)
    LCD_ReadPoint                            0x08000e9f   Thumb Code   360  lcd.o(.text)
    LCD_DisplayOn                            0x08001007   Thumb Code   102  lcd.o(.text)
    LCD_DisplayOff                           0x0800106d   Thumb Code    90  lcd.o(.text)
    LCD_Scan_Dir                             0x080010c7   Thumb Code   744  lcd.o(.text)
    LCD_DrawPoint                            0x080013af   Thumb Code    28  lcd.o(.text)
    LCD_Fast_DrawPoint                       0x080013cb   Thumb Code   384  lcd.o(.text)
    LCD_SSD_BackLightSet                     0x0800154b   Thumb Code    80  lcd.o(.text)
    LCD_Display_Dir                          0x0800159b   Thumb Code   444  lcd.o(.text)
    LCD_Set_Window                           0x08001757   Thumb Code   540  lcd.o(.text)
    LCD_Clear                                0x08001973   Thumb Code   100  lcd.o(.text)
    LCD_Init                                 0x080019d7   Thumb Code 14184  lcd.o(.text)
    LCD_Fill                                 0x0800513f   Thumb Code   178  lcd.o(.text)
    LCD_Color_Fill                           0x080051f1   Thumb Code   106  lcd.o(.text)
    LCD_DrawLine                             0x0800525b   Thumb Code   176  lcd.o(.text)
    LCD_DrawRectangle                        0x0800530b   Thumb Code    60  lcd.o(.text)
    LCD_Draw_Circle                          0x08005347   Thumb Code   152  lcd.o(.text)
    LCD_ShowChar                             0x080053df   Thumb Code   272  lcd.o(.text)
    LCD_Pow                                  0x080054ef   Thumb Code    22  lcd.o(.text)
    LCD_ShowNum                              0x08005505   Thumb Code   148  lcd.o(.text)
    LCD_ShowxNum                             0x08005599   Thumb Code   220  lcd.o(.text)
    LCD_ShowString                           0x08005675   Thumb Code   102  lcd.o(.text)
    LED_Init                                 0x080056dd   Thumb Code    90  led.o(.text)
    MOD_func                                 0x08005745   Thumb Code   574  mod.o(.text)
    TIM3_PWM_Init                            0x080059dd   Thumb Code   122  timer.o(.text)
    TIM4_Int_Init                            0x08005a57   Thumb Code    82  timer.o(.text)
    delay_init                               0x08005ab5   Thumb Code    50  delay.o(.text)
    delay_us                                 0x08005ae7   Thumb Code    72  delay.o(.text)
    delay_ms                                 0x08005b2f   Thumb Code    72  delay.o(.text)
    _sys_exit                                0x08005b89   Thumb Code     6  usart.o(.text)
    fputc                                    0x08005b8f   Thumb Code    24  usart.o(.text)
    uart_init                                0x08005ba7   Thumb Code   160  usart.o(.text)
    USART1_IRQHandler                        0x08005c47   Thumb Code   122  usart.o(.text)
    NVIC_PriorityGroupConfig                 0x08005cd1   Thumb Code    10  misc.o(.text)
    NVIC_Init                                0x08005cdb   Thumb Code   100  misc.o(.text)
    NVIC_SetVectorTable                      0x08005d3f   Thumb Code    14  misc.o(.text)
    NVIC_SystemLPConfig                      0x08005d4d   Thumb Code    34  misc.o(.text)
    SysTick_CLKSourceConfig                  0x08005d6f   Thumb Code    40  misc.o(.text)
    ADC_DeInit                               0x08005dad   Thumb Code    78  stm32f10x_adc.o(.text)
    ADC_Init                                 0x08005dfb   Thumb Code    70  stm32f10x_adc.o(.text)
    ADC_StructInit                           0x08005e41   Thumb Code    18  stm32f10x_adc.o(.text)
    ADC_Cmd                                  0x08005e53   Thumb Code    22  stm32f10x_adc.o(.text)
    ADC_DMACmd                               0x08005e69   Thumb Code    22  stm32f10x_adc.o(.text)
    ADC_ITConfig                             0x08005e7f   Thumb Code    24  stm32f10x_adc.o(.text)
    ADC_ResetCalibration                     0x08005e97   Thumb Code    10  stm32f10x_adc.o(.text)
    ADC_GetResetCalibrationStatus            0x08005ea1   Thumb Code    20  stm32f10x_adc.o(.text)
    ADC_StartCalibration                     0x08005eb5   Thumb Code    10  stm32f10x_adc.o(.text)
    ADC_GetCalibrationStatus                 0x08005ebf   Thumb Code    20  stm32f10x_adc.o(.text)
    ADC_SoftwareStartConvCmd                 0x08005ed3   Thumb Code    22  stm32f10x_adc.o(.text)
    ADC_GetSoftwareStartConvStatus           0x08005ee9   Thumb Code    20  stm32f10x_adc.o(.text)
    ADC_DiscModeChannelCountConfig           0x08005efd   Thumb Code    24  stm32f10x_adc.o(.text)
    ADC_DiscModeCmd                          0x08005f15   Thumb Code    22  stm32f10x_adc.o(.text)
    ADC_RegularChannelConfig                 0x08005f2b   Thumb Code   184  stm32f10x_adc.o(.text)
    ADC_ExternalTrigConvCmd                  0x08005fe3   Thumb Code    22  stm32f10x_adc.o(.text)
    ADC_GetConversionValue                   0x08005ff9   Thumb Code     8  stm32f10x_adc.o(.text)
    ADC_GetDualModeConversionValue           0x08006001   Thumb Code     8  stm32f10x_adc.o(.text)
    ADC_AutoInjectedConvCmd                  0x08006009   Thumb Code    22  stm32f10x_adc.o(.text)
    ADC_InjectedDiscModeCmd                  0x0800601f   Thumb Code    22  stm32f10x_adc.o(.text)
    ADC_ExternalTrigInjectedConvConfig       0x08006035   Thumb Code    16  stm32f10x_adc.o(.text)
    ADC_ExternalTrigInjectedConvCmd          0x08006045   Thumb Code    22  stm32f10x_adc.o(.text)
    ADC_SoftwareStartInjectedConvCmd         0x0800605b   Thumb Code    22  stm32f10x_adc.o(.text)
    ADC_GetSoftwareStartInjectedConvCmdStatus 0x08006071   Thumb Code    20  stm32f10x_adc.o(.text)
    ADC_InjectedChannelConfig                0x08006085   Thumb Code   130  stm32f10x_adc.o(.text)
    ADC_InjectedSequencerLengthConfig        0x08006107   Thumb Code    24  stm32f10x_adc.o(.text)
    ADC_SetInjectedOffset                    0x0800611f   Thumb Code    20  stm32f10x_adc.o(.text)
    ADC_GetInjectedConversionValue           0x08006133   Thumb Code    28  stm32f10x_adc.o(.text)
    ADC_AnalogWatchdogCmd                    0x0800614f   Thumb Code    16  stm32f10x_adc.o(.text)
    ADC_AnalogWatchdogThresholdsConfig       0x0800615f   Thumb Code     6  stm32f10x_adc.o(.text)
    ADC_AnalogWatchdogSingleChannelConfig    0x08006165   Thumb Code    16  stm32f10x_adc.o(.text)
    ADC_TempSensorVrefintCmd                 0x08006175   Thumb Code    64  stm32f10x_adc.o(.text)
    ADC_GetFlagStatus                        0x080061b5   Thumb Code    18  stm32f10x_adc.o(.text)
    ADC_ClearFlag                            0x080061c7   Thumb Code     6  stm32f10x_adc.o(.text)
    ADC_GetITStatus                          0x080061cd   Thumb Code    36  stm32f10x_adc.o(.text)
    ADC_ClearITPendingBit                    0x080061f1   Thumb Code    10  stm32f10x_adc.o(.text)
    FSMC_NORSRAMDeInit                       0x080061fd   Thumb Code    54  stm32f10x_fsmc.o(.text)
    FSMC_NANDDeInit                          0x08006233   Thumb Code    62  stm32f10x_fsmc.o(.text)
    FSMC_PCCARDDeInit                        0x08006271   Thumb Code    36  stm32f10x_fsmc.o(.text)
    FSMC_NORSRAMInit                         0x08006295   Thumb Code   230  stm32f10x_fsmc.o(.text)
    FSMC_NANDInit                            0x0800637b   Thumb Code   132  stm32f10x_fsmc.o(.text)
    FSMC_PCCARDInit                          0x080063ff   Thumb Code   130  stm32f10x_fsmc.o(.text)
    FSMC_NORSRAMStructInit                   0x08006481   Thumb Code   114  stm32f10x_fsmc.o(.text)
    FSMC_NANDStructInit                      0x080064f3   Thumb Code    54  stm32f10x_fsmc.o(.text)
    FSMC_PCCARDStructInit                    0x08006529   Thumb Code    60  stm32f10x_fsmc.o(.text)
    FSMC_NORSRAMCmd                          0x08006565   Thumb Code    46  stm32f10x_fsmc.o(.text)
    FSMC_NANDCmd                             0x08006593   Thumb Code    86  stm32f10x_fsmc.o(.text)
    FSMC_PCCARDCmd                           0x080065e9   Thumb Code    44  stm32f10x_fsmc.o(.text)
    FSMC_NANDECCCmd                          0x08006615   Thumb Code    90  stm32f10x_fsmc.o(.text)
    FSMC_GetECC                              0x0800666f   Thumb Code    24  stm32f10x_fsmc.o(.text)
    FSMC_ITConfig                            0x08006687   Thumb Code   128  stm32f10x_fsmc.o(.text)
    FSMC_GetFlagStatus                       0x08006707   Thumb Code    54  stm32f10x_fsmc.o(.text)
    FSMC_ClearFlag                           0x0800673d   Thumb Code    62  stm32f10x_fsmc.o(.text)
    FSMC_GetITStatus                         0x0800677b   Thumb Code    64  stm32f10x_fsmc.o(.text)
    FSMC_ClearITPendingBit                   0x080067bb   Thumb Code    68  stm32f10x_fsmc.o(.text)
    GPIO_DeInit                              0x08006809   Thumb Code   172  stm32f10x_gpio.o(.text)
    GPIO_AFIODeInit                          0x080068b5   Thumb Code    20  stm32f10x_gpio.o(.text)
    GPIO_Init                                0x080068c9   Thumb Code   278  stm32f10x_gpio.o(.text)
    GPIO_StructInit                          0x080069df   Thumb Code    16  stm32f10x_gpio.o(.text)
    GPIO_ReadInputDataBit                    0x080069ef   Thumb Code    18  stm32f10x_gpio.o(.text)
    GPIO_ReadInputData                       0x08006a01   Thumb Code     8  stm32f10x_gpio.o(.text)
    GPIO_ReadOutputDataBit                   0x08006a09   Thumb Code    18  stm32f10x_gpio.o(.text)
    GPIO_ReadOutputData                      0x08006a1b   Thumb Code     8  stm32f10x_gpio.o(.text)
    GPIO_SetBits                             0x08006a23   Thumb Code     4  stm32f10x_gpio.o(.text)
    GPIO_ResetBits                           0x08006a27   Thumb Code     4  stm32f10x_gpio.o(.text)
    GPIO_WriteBit                            0x08006a2b   Thumb Code    10  stm32f10x_gpio.o(.text)
    GPIO_Write                               0x08006a35   Thumb Code     4  stm32f10x_gpio.o(.text)
    GPIO_PinLockConfig                       0x08006a39   Thumb Code    18  stm32f10x_gpio.o(.text)
    GPIO_EventOutputConfig                   0x08006a4b   Thumb Code    26  stm32f10x_gpio.o(.text)
    GPIO_EventOutputCmd                      0x08006a65   Thumb Code     6  stm32f10x_gpio.o(.text)
    GPIO_PinRemapConfig                      0x08006a6b   Thumb Code   138  stm32f10x_gpio.o(.text)
    GPIO_EXTILineConfig                      0x08006af5   Thumb Code    66  stm32f10x_gpio.o(.text)
    GPIO_ETH_MediaInterfaceConfig            0x08006b37   Thumb Code     8  stm32f10x_gpio.o(.text)
    RCC_DeInit                               0x08006b65   Thumb Code    64  stm32f10x_rcc.o(.text)
    RCC_HSEConfig                            0x08006ba5   Thumb Code    70  stm32f10x_rcc.o(.text)
    RCC_GetFlagStatus                        0x08006beb   Thumb Code    56  stm32f10x_rcc.o(.text)
    RCC_WaitForHSEStartUp                    0x08006c23   Thumb Code    56  stm32f10x_rcc.o(.text)
    RCC_AdjustHSICalibrationValue            0x08006c5b   Thumb Code    20  stm32f10x_rcc.o(.text)
    RCC_HSICmd                               0x08006c6f   Thumb Code     6  stm32f10x_rcc.o(.text)
    RCC_PLLConfig                            0x08006c75   Thumb Code    24  stm32f10x_rcc.o(.text)
    RCC_PLLCmd                               0x08006c8d   Thumb Code     6  stm32f10x_rcc.o(.text)
    RCC_SYSCLKConfig                         0x08006c93   Thumb Code    18  stm32f10x_rcc.o(.text)
    RCC_GetSYSCLKSource                      0x08006ca5   Thumb Code    10  stm32f10x_rcc.o(.text)
    RCC_HCLKConfig                           0x08006caf   Thumb Code    18  stm32f10x_rcc.o(.text)
    RCC_PCLK1Config                          0x08006cc1   Thumb Code    18  stm32f10x_rcc.o(.text)
    RCC_PCLK2Config                          0x08006cd3   Thumb Code    20  stm32f10x_rcc.o(.text)
    RCC_ITConfig                             0x08006ce7   Thumb Code    26  stm32f10x_rcc.o(.text)
    RCC_USBCLKConfig                         0x08006d01   Thumb Code     8  stm32f10x_rcc.o(.text)
    RCC_ADCCLKConfig                         0x08006d09   Thumb Code    18  stm32f10x_rcc.o(.text)
    RCC_LSEConfig                            0x08006d1b   Thumb Code    50  stm32f10x_rcc.o(.text)
    RCC_LSICmd                               0x08006d4d   Thumb Code     6  stm32f10x_rcc.o(.text)
    RCC_RTCCLKConfig                         0x08006d53   Thumb Code    12  stm32f10x_rcc.o(.text)
    RCC_RTCCLKCmd                            0x08006d5f   Thumb Code     8  stm32f10x_rcc.o(.text)
    RCC_GetClocksFreq                        0x08006d67   Thumb Code   192  stm32f10x_rcc.o(.text)
    RCC_AHBPeriphClockCmd                    0x08006e27   Thumb Code    26  stm32f10x_rcc.o(.text)
    RCC_APB2PeriphClockCmd                   0x08006e41   Thumb Code    26  stm32f10x_rcc.o(.text)
    RCC_APB1PeriphClockCmd                   0x08006e5b   Thumb Code    26  stm32f10x_rcc.o(.text)
    RCC_APB2PeriphResetCmd                   0x08006e75   Thumb Code    26  stm32f10x_rcc.o(.text)
    RCC_APB1PeriphResetCmd                   0x08006e8f   Thumb Code    26  stm32f10x_rcc.o(.text)
    RCC_BackupResetCmd                       0x08006ea9   Thumb Code     8  stm32f10x_rcc.o(.text)
    RCC_ClockSecuritySystemCmd               0x08006eb1   Thumb Code     6  stm32f10x_rcc.o(.text)
    RCC_MCOConfig                            0x08006eb7   Thumb Code     6  stm32f10x_rcc.o(.text)
    RCC_ClearFlag                            0x08006ebd   Thumb Code    14  stm32f10x_rcc.o(.text)
    RCC_GetITStatus                          0x08006ecb   Thumb Code    20  stm32f10x_rcc.o(.text)
    RCC_ClearITPendingBit                    0x08006edf   Thumb Code     6  stm32f10x_rcc.o(.text)
    USART_DeInit                             0x08006f09   Thumb Code   134  stm32f10x_usart.o(.text)
    USART_Init                               0x08006f8f   Thumb Code   210  stm32f10x_usart.o(.text)
    USART_StructInit                         0x08007061   Thumb Code    24  stm32f10x_usart.o(.text)
    USART_ClockInit                          0x08007079   Thumb Code    34  stm32f10x_usart.o(.text)
    USART_ClockStructInit                    0x0800709b   Thumb Code    12  stm32f10x_usart.o(.text)
    USART_Cmd                                0x080070a7   Thumb Code    24  stm32f10x_usart.o(.text)
    USART_ITConfig                           0x080070bf   Thumb Code    74  stm32f10x_usart.o(.text)
    USART_DMACmd                             0x08007109   Thumb Code    18  stm32f10x_usart.o(.text)
    USART_SetAddress                         0x0800711b   Thumb Code    18  stm32f10x_usart.o(.text)
    USART_WakeUpConfig                       0x0800712d   Thumb Code    18  stm32f10x_usart.o(.text)
    USART_ReceiverWakeUpCmd                  0x0800713f   Thumb Code    24  stm32f10x_usart.o(.text)
    USART_LINBreakDetectLengthConfig         0x08007157   Thumb Code    18  stm32f10x_usart.o(.text)
    USART_LINCmd                             0x08007169   Thumb Code    24  stm32f10x_usart.o(.text)
    USART_SendData                           0x08007181   Thumb Code     8  stm32f10x_usart.o(.text)
    USART_ReceiveData                        0x08007189   Thumb Code    10  stm32f10x_usart.o(.text)
    USART_SendBreak                          0x08007193   Thumb Code    10  stm32f10x_usart.o(.text)
    USART_SetGuardTime                       0x0800719d   Thumb Code    16  stm32f10x_usart.o(.text)
    USART_SetPrescaler                       0x080071ad   Thumb Code    16  stm32f10x_usart.o(.text)
    USART_SmartCardCmd                       0x080071bd   Thumb Code    24  stm32f10x_usart.o(.text)
    USART_SmartCardNACKCmd                   0x080071d5   Thumb Code    24  stm32f10x_usart.o(.text)
    USART_HalfDuplexCmd                      0x080071ed   Thumb Code    24  stm32f10x_usart.o(.text)
    USART_OverSampling8Cmd                   0x08007205   Thumb Code    22  stm32f10x_usart.o(.text)
    USART_OneBitMethodCmd                    0x0800721b   Thumb Code    24  stm32f10x_usart.o(.text)
    USART_IrDAConfig                         0x08007233   Thumb Code    18  stm32f10x_usart.o(.text)
    USART_IrDACmd                            0x08007245   Thumb Code    24  stm32f10x_usart.o(.text)
    USART_GetFlagStatus                      0x0800725d   Thumb Code    26  stm32f10x_usart.o(.text)
    USART_ClearFlag                          0x08007277   Thumb Code    18  stm32f10x_usart.o(.text)
    USART_GetITStatus                        0x08007289   Thumb Code    84  stm32f10x_usart.o(.text)
    USART_ClearITPendingBit                  0x080072dd   Thumb Code    52  stm32f10x_usart.o(.text)
    TIM_DeInit                               0x08007311   Thumb Code   424  stm32f10x_tim.o(.text)
    TIM_TimeBaseInit                         0x080074b9   Thumb Code   122  stm32f10x_tim.o(.text)
    TIM_OC1Init                              0x08007533   Thumb Code   132  stm32f10x_tim.o(.text)
    TIM_OC2Init                              0x080075b7   Thumb Code   154  stm32f10x_tim.o(.text)
    TIM_OC3Init                              0x08007651   Thumb Code   150  stm32f10x_tim.o(.text)
    TIM_OC4Init                              0x080076e7   Thumb Code   182  stm32f10x_tim.o(.text)
    TIM_SetIC4Prescaler                      0x0800779d   Thumb Code    26  stm32f10x_tim.o(.text)
    TIM_SetIC3Prescaler                      0x08007839   Thumb Code    18  stm32f10x_tim.o(.text)
    TIM_SetIC2Prescaler                      0x080078c5   Thumb Code    26  stm32f10x_tim.o(.text)
    TIM_SetIC1Prescaler                      0x08007961   Thumb Code    18  stm32f10x_tim.o(.text)
    TIM_ICInit                               0x080079df   Thumb Code   150  stm32f10x_tim.o(.text)
    TIM_PWMIConfig                           0x08007a75   Thumb Code   124  stm32f10x_tim.o(.text)
    TIM_BDTRConfig                           0x08007af1   Thumb Code    32  stm32f10x_tim.o(.text)
    TIM_TimeBaseStructInit                   0x08007b11   Thumb Code    18  stm32f10x_tim.o(.text)
    TIM_OCStructInit                         0x08007b23   Thumb Code    20  stm32f10x_tim.o(.text)
    TIM_ICStructInit                         0x08007b37   Thumb Code    18  stm32f10x_tim.o(.text)
    TIM_BDTRStructInit                       0x08007b49   Thumb Code    40  stm32f10x_tim.o(.text)
    TIM_Cmd                                  0x08007b71   Thumb Code    24  stm32f10x_tim.o(.text)
    TIM_CtrlPWMOutputs                       0x08007b89   Thumb Code    30  stm32f10x_tim.o(.text)
    TIM_ITConfig                             0x08007ba7   Thumb Code    18  stm32f10x_tim.o(.text)
    TIM_GenerateEvent                        0x08007bb9   Thumb Code     4  stm32f10x_tim.o(.text)
    TIM_DMAConfig                            0x08007bbd   Thumb Code    10  stm32f10x_tim.o(.text)
    TIM_DMACmd                               0x08007bc7   Thumb Code    18  stm32f10x_tim.o(.text)
    TIM_InternalClockConfig                  0x08007bd9   Thumb Code    12  stm32f10x_tim.o(.text)
    TIM_SelectInputTrigger                   0x08007be5   Thumb Code    18  stm32f10x_tim.o(.text)
    TIM_ITRxExternalClockConfig              0x08007bf7   Thumb Code    24  stm32f10x_tim.o(.text)
    TIM_TIxExternalClockConfig               0x08007c0f   Thumb Code    62  stm32f10x_tim.o(.text)
    TIM_ETRConfig                            0x08007c4d   Thumb Code    28  stm32f10x_tim.o(.text)
    TIM_ETRClockMode1Config                  0x08007c69   Thumb Code    54  stm32f10x_tim.o(.text)
    TIM_ETRClockMode2Config                  0x08007c9f   Thumb Code    32  stm32f10x_tim.o(.text)
    TIM_PrescalerConfig                      0x08007cbf   Thumb Code     6  stm32f10x_tim.o(.text)
    TIM_CounterModeConfig                    0x08007cc5   Thumb Code    18  stm32f10x_tim.o(.text)
    TIM_EncoderInterfaceConfig               0x08007cd7   Thumb Code    66  stm32f10x_tim.o(.text)
    TIM_ForcedOC1Config                      0x08007d19   Thumb Code    18  stm32f10x_tim.o(.text)
    TIM_ForcedOC2Config                      0x08007d2b   Thumb Code    26  stm32f10x_tim.o(.text)
    TIM_ForcedOC3Config                      0x08007d45   Thumb Code    18  stm32f10x_tim.o(.text)
    TIM_ForcedOC4Config                      0x08007d57   Thumb Code    26  stm32f10x_tim.o(.text)
    TIM_ARRPreloadConfig                     0x08007d71   Thumb Code    24  stm32f10x_tim.o(.text)
    TIM_SelectCOM                            0x08007d89   Thumb Code    24  stm32f10x_tim.o(.text)
    TIM_SelectCCDMA                          0x08007da1   Thumb Code    24  stm32f10x_tim.o(.text)
    TIM_CCPreloadControl                     0x08007db9   Thumb Code    24  stm32f10x_tim.o(.text)
    TIM_OC1PreloadConfig                     0x08007dd1   Thumb Code    18  stm32f10x_tim.o(.text)
    TIM_OC2PreloadConfig                     0x08007de3   Thumb Code    26  stm32f10x_tim.o(.text)
    TIM_OC3PreloadConfig                     0x08007dfd   Thumb Code    18  stm32f10x_tim.o(.text)
    TIM_OC4PreloadConfig                     0x08007e0f   Thumb Code    26  stm32f10x_tim.o(.text)
    TIM_OC1FastConfig                        0x08007e29   Thumb Code    18  stm32f10x_tim.o(.text)
    TIM_OC2FastConfig                        0x08007e3b   Thumb Code    26  stm32f10x_tim.o(.text)
    TIM_OC3FastConfig                        0x08007e55   Thumb Code    18  stm32f10x_tim.o(.text)
    TIM_OC4FastConfig                        0x08007e67   Thumb Code    26  stm32f10x_tim.o(.text)
    TIM_ClearOC1Ref                          0x08007e81   Thumb Code    18  stm32f10x_tim.o(.text)
    TIM_ClearOC2Ref                          0x08007e93   Thumb Code    24  stm32f10x_tim.o(.text)
    TIM_ClearOC3Ref                          0x08007eab   Thumb Code    18  stm32f10x_tim.o(.text)
    TIM_ClearOC4Ref                          0x08007ebd   Thumb Code    24  stm32f10x_tim.o(.text)
    TIM_OC1PolarityConfig                    0x08007ed5   Thumb Code    18  stm32f10x_tim.o(.text)
    TIM_OC1NPolarityConfig                   0x08007ee7   Thumb Code    18  stm32f10x_tim.o(.text)
    TIM_OC2PolarityConfig                    0x08007ef9   Thumb Code    26  stm32f10x_tim.o(.text)
    TIM_OC2NPolarityConfig                   0x08007f13   Thumb Code    26  stm32f10x_tim.o(.text)
    TIM_OC3PolarityConfig                    0x08007f2d   Thumb Code    26  stm32f10x_tim.o(.text)
    TIM_OC3NPolarityConfig                   0x08007f47   Thumb Code    26  stm32f10x_tim.o(.text)
    TIM_OC4PolarityConfig                    0x08007f61   Thumb Code    26  stm32f10x_tim.o(.text)
    TIM_CCxCmd                               0x08007f7b   Thumb Code    30  stm32f10x_tim.o(.text)
    TIM_CCxNCmd                              0x08007f99   Thumb Code    30  stm32f10x_tim.o(.text)
    TIM_SelectOCxM                           0x08007fb7   Thumb Code    82  stm32f10x_tim.o(.text)
    TIM_UpdateDisableConfig                  0x08008009   Thumb Code    24  stm32f10x_tim.o(.text)
    TIM_UpdateRequestConfig                  0x08008021   Thumb Code    24  stm32f10x_tim.o(.text)
    TIM_SelectHallSensor                     0x08008039   Thumb Code    24  stm32f10x_tim.o(.text)
    TIM_SelectOnePulseMode                   0x08008051   Thumb Code    18  stm32f10x_tim.o(.text)
    TIM_SelectOutputTrigger                  0x08008063   Thumb Code    18  stm32f10x_tim.o(.text)
    TIM_SelectSlaveMode                      0x08008075   Thumb Code    18  stm32f10x_tim.o(.text)
    TIM_SelectMasterSlaveMode                0x08008087   Thumb Code    18  stm32f10x_tim.o(.text)
    TIM_SetCounter                           0x08008099   Thumb Code     4  stm32f10x_tim.o(.text)
    TIM_SetAutoreload                        0x0800809d   Thumb Code     4  stm32f10x_tim.o(.text)
    TIM_SetCompare1                          0x080080a1   Thumb Code     4  stm32f10x_tim.o(.text)
    TIM_SetCompare2                          0x080080a5   Thumb Code     4  stm32f10x_tim.o(.text)
    TIM_SetCompare3                          0x080080a9   Thumb Code     4  stm32f10x_tim.o(.text)
    TIM_SetCompare4                          0x080080ad   Thumb Code     6  stm32f10x_tim.o(.text)
    TIM_SetClockDivision                     0x080080b3   Thumb Code    18  stm32f10x_tim.o(.text)
    TIM_GetCapture1                          0x080080c5   Thumb Code     6  stm32f10x_tim.o(.text)
    TIM_GetCapture2                          0x080080cb   Thumb Code     6  stm32f10x_tim.o(.text)
    TIM_GetCapture3                          0x080080d1   Thumb Code     6  stm32f10x_tim.o(.text)
    TIM_GetCapture4                          0x080080d7   Thumb Code     8  stm32f10x_tim.o(.text)
    TIM_GetCounter                           0x080080df   Thumb Code     6  stm32f10x_tim.o(.text)
    TIM_GetPrescaler                         0x080080e5   Thumb Code     6  stm32f10x_tim.o(.text)
    TIM_GetFlagStatus                        0x080080eb   Thumb Code    18  stm32f10x_tim.o(.text)
    TIM_ClearFlag                            0x080080fd   Thumb Code     6  stm32f10x_tim.o(.text)
    TIM_GetITStatus                          0x08008103   Thumb Code    34  stm32f10x_tim.o(.text)
    TIM_ClearITPendingBit                    0x08008125   Thumb Code     6  stm32f10x_tim.o(.text)
    EXTI_DeInit                              0x0800812d   Thumb Code    28  stm32f10x_exti.o(.text)
    EXTI_Init                                0x08008149   Thumb Code   142  stm32f10x_exti.o(.text)
    EXTI_StructInit                          0x080081d7   Thumb Code    16  stm32f10x_exti.o(.text)
    EXTI_GenerateSWInterrupt                 0x080081e7   Thumb Code    16  stm32f10x_exti.o(.text)
    EXTI_GetFlagStatus                       0x080081f7   Thumb Code    22  stm32f10x_exti.o(.text)
    EXTI_ClearFlag                           0x0800820d   Thumb Code     8  stm32f10x_exti.o(.text)
    EXTI_GetITStatus                         0x08008215   Thumb Code    34  stm32f10x_exti.o(.text)
    EXTI_ClearITPendingBit                   0x08008237   Thumb Code     8  stm32f10x_exti.o(.text)
    __use_no_semihosting                     0x08008249   Thumb Code     2  use_no_semi_2.o(.text)
    __2printf                                0x0800824d   Thumb Code    20  noretval__2printf.o(.text)
    __printf                                 0x08008265   Thumb Code   104  __printf.o(.text)
    _printf_int_hex                          0x080082cd   Thumb Code    84  _printf_hex_int.o(.text)
    _printf_longlong_hex                     0x080082cd   Thumb Code     0  _printf_hex_int.o(.text)
    __use_two_region_memory                  0x08008325   Thumb Code     2  heapauxi.o(.text)
    __rt_heap_escrow$2region                 0x08008327   Thumb Code     2  heapauxi.o(.text)
    __rt_heap_expand$2region                 0x08008329   Thumb Code     2  heapauxi.o(.text)
    __I$use$semihosting                      0x0800832b   Thumb Code     0  use_no_semi.o(.text)
    __use_no_semihosting_swi                 0x0800832b   Thumb Code     2  use_no_semi.o(.text)
    _printf_int_common                       0x0800832d   Thumb Code   178  _printf_intcommon.o(.text)
    _printf_char_file                        0x080083e1   Thumb Code    32  _printf_char_file.o(.text)
    _printf_char_common                      0x0800840f   Thumb Code    32  _printf_char_common.o(.text)
    ferror                                   0x08008435   Thumb Code     8  ferror.o(.text)
    __user_setup_stackheap                   0x0800843d   Thumb Code    74  sys_stackheap_outer.o(.text)
    exit                                     0x08008487   Thumb Code    18  exit.o(.text)
    __user_libspace                          0x08008499   Thumb Code     8  libspace.o(.text)
    __user_perproc_libspace                  0x08008499   Thumb Code     0  libspace.o(.text)
    __user_perthread_libspace                0x08008499   Thumb Code     0  libspace.o(.text)
    __aeabi_d2f                              0x080084a1   Thumb Code     0  d2f.o(x$fpl$d2f)
    _d2f                                     0x080084a1   Thumb Code    98  d2f.o(x$fpl$d2f)
    __aeabi_dadd                             0x08008505   Thumb Code     0  daddsub_clz.o(x$fpl$dadd)
    _dadd                                    0x08008505   Thumb Code   332  daddsub_clz.o(x$fpl$dadd)
    __fpl_dcmp_Inf                           0x08008655   Thumb Code    24  dcmpi.o(x$fpl$dcmpinf)
    __aeabi_d2uiz                            0x0800866d   Thumb Code     0  dfixu.o(x$fpl$dfixu)
    _dfixu                                   0x0800866d   Thumb Code    90  dfixu.o(x$fpl$dfixu)
    __aeabi_ui2d                             0x080086c7   Thumb Code     0  dflt_clz.o(x$fpl$dfltu)
    _dfltu                                   0x080086c7   Thumb Code    38  dflt_clz.o(x$fpl$dfltu)
    __aeabi_cdcmple                          0x080086ed   Thumb Code     0  dleqf.o(x$fpl$dleqf)
    _dcmple                                  0x080086ed   Thumb Code   120  dleqf.o(x$fpl$dleqf)
    __fpl_dcmple_InfNaN                      0x0800874f   Thumb Code     0  dleqf.o(x$fpl$dleqf)
    __aeabi_dmul                             0x08008765   Thumb Code     0  dmul.o(x$fpl$dmul)
    _dmul                                    0x08008765   Thumb Code   332  dmul.o(x$fpl$dmul)
    __fpl_dnaninf                            0x080088b9   Thumb Code   156  dnaninf.o(x$fpl$dnaninf)
    __fpl_dretinf                            0x08008955   Thumb Code    12  dretinf.o(x$fpl$dretinf)
    __aeabi_cdrcmple                         0x08008961   Thumb Code     0  drleqf.o(x$fpl$drleqf)
    _drcmple                                 0x08008961   Thumb Code   108  drleqf.o(x$fpl$drleqf)
    __aeabi_drsub                            0x080089cd   Thumb Code     0  daddsub_clz.o(x$fpl$drsb)
    _drsb                                    0x080089cd   Thumb Code    22  daddsub_clz.o(x$fpl$drsb)
    __aeabi_dsub                             0x080089e5   Thumb Code     0  daddsub_clz.o(x$fpl$dsub)
    _dsub                                    0x080089e5   Thumb Code   464  daddsub_clz.o(x$fpl$dsub)
    __aeabi_f2d                              0x08008bb9   Thumb Code     0  f2d.o(x$fpl$f2d)
    _f2d                                     0x08008bb9   Thumb Code    86  f2d.o(x$fpl$f2d)
    __aeabi_fadd                             0x08008c11   Thumb Code     0  faddsub_clz.o(x$fpl$fadd)
    _fadd                                    0x08008c11   Thumb Code   196  faddsub_clz.o(x$fpl$fadd)
    __aeabi_f2uiz                            0x08008cd5   Thumb Code     0  ffixu.o(x$fpl$ffixu)
    _ffixu                                   0x08008cd5   Thumb Code    62  ffixu.o(x$fpl$ffixu)
    __aeabi_ui2f                             0x08008d15   Thumb Code     0  fflt_clz.o(x$fpl$ffltu)
    _ffltu                                   0x08008d15   Thumb Code    38  fflt_clz.o(x$fpl$ffltu)
    __aeabi_fmul                             0x08008d3d   Thumb Code     0  fmul.o(x$fpl$fmul)
    _fmul                                    0x08008d3d   Thumb Code   258  fmul.o(x$fpl$fmul)
    __fpl_fnaninf                            0x08008e3f   Thumb Code   140  fnaninf.o(x$fpl$fnaninf)
    __fpl_fretinf                            0x08008ecb   Thumb Code    10  fretinf.o(x$fpl$fretinf)
    __aeabi_frsub                            0x08008ed5   Thumb Code     0  faddsub_clz.o(x$fpl$frsb)
    _frsb                                    0x08008ed5   Thumb Code    20  faddsub_clz.o(x$fpl$frsb)
    __aeabi_fsub                             0x08008ee9   Thumb Code     0  faddsub_clz.o(x$fpl$fsub)
    _fsub                                    0x08008ee9   Thumb Code   234  faddsub_clz.o(x$fpl$fsub)
    __I$use$fp                               0x08008fd2   Number         0  usenofp.o(x$fpl$usenofp)
    asc2_1206                                0x08008fd2   Data        1140  lcd.o(.constdata)
    asc2_1608                                0x08009446   Data        1520  lcd.o(.constdata)
    asc2_2412                                0x08009a36   Data        3420  lcd.o(.constdata)
    Region$$Table$$Base                      0x0800a7bc   Number         0  anon$$obj.o(Region$$Table)
    Region$$Table$$Limit                     0x0800a7dc   Number         0  anon$$obj.o(Region$$Table)
    PWM                                      0x20000000   Data           2  main.o(.data)
    num                                      0x20000002   Data           1  main.o(.data)
    flagE                                    0x20000003   Data           1  main.o(.data)
    flagup                                   0x20000004   Data           1  main.o(.data)
    flagmod                                  0x20000005   Data           1  main.o(.data)
    t                                        0x20000006   Data           1  main.o(.data)
    tempfeed                                 0x20000008   Data           2  main.o(.data)
    feedt                                    0x2000000a   Data           2  main.o(.data)
    SystemCoreClock                          0x2000000c   Data           4  system_stm32f10x.o(.data)
    AHBPrescTable                            0x20000010   Data          16  system_stm32f10x.o(.data)
    POINT_COLOR                              0x20000020   Data           2  lcd.o(.data)
    BACK_COLOR                               0x20000022   Data           2  lcd.o(.data)
    x_1                                      0x20000028   Data           8  mod.o(.data)
    x_2                                      0x20000030   Data           8  mod.o(.data)
    u_1                                      0x20000038   Data           8  mod.o(.data)
    u_2                                      0x20000040   Data           8  mod.o(.data)
    y_1                                      0x20000048   Data           8  mod.o(.data)
    y_2                                      0x20000050   Data           8  mod.o(.data)
    __stdout                                 0x2000005c   Data           4  usart.o(.data)
    USART_RX_STA                             0x20000060   Data           2  usart.o(.data)
    lcddev                                   0x20000078   Data          14  lcd.o(.bss)
    USART_RX_BUF                             0x20000086   Data         200  usart.o(.bss)
    __libspace_start                         0x20000150   Data          96  libspace.o(.bss)
    __temporary_stack_top$libspace           0x200001b0   Data           0  libspace.o(.bss)



==============================================================================

Memory Map of the image

  Image Entry point : 0x080000ed

  Load Region LR_IROM1 (Base: 0x08000000, Size: 0x0000a854, Max: 0x00010000, ABSOLUTE)

    Execution Region ER_IROM1 (Base: 0x08000000, Size: 0x0000a7dc, Max: 0x00010000, ABSOLUTE)

    Base Addr    Size         Type   Attr      Idx    E Section Name        Object

    0x08000000   0x000000ec   Data   RO          206    RESET               startup_stm32f10x_md.o
    0x080000ec   0x00000008   Code   RO          564  * !!!main             c_w.l(__main.o)
    0x080000f4   0x00000034   Code   RO          787    !!!scatter          c_w.l(__scatter.o)
    0x08000128   0x0000001a   Code   RO          789    !!handler_copy      c_w.l(__scatter_copy.o)
    0x08000142   0x00000002   PAD
    0x08000144   0x0000001c   Code   RO          791    !!handler_zi        c_w.l(__scatter_zi.o)
    0x08000160   0x00000000   Code   RO          561    .ARM.Collect$$_printf_percent$$00000000  c_w.l(_printf_percent.o)
    0x08000160   0x00000006   Code   RO          560    .ARM.Collect$$_printf_percent$$0000000C  c_w.l(_printf_x.o)
    0x08000166   0x00000004   Code   RO          615    .ARM.Collect$$_printf_percent$$00000017  c_w.l(_printf_percent_end.o)
    0x0800016a   0x00000002   Code   RO          661    .ARM.Collect$$libinit$$00000000  c_w.l(libinit.o)
    0x0800016c   0x00000000   Code   RO          668    .ARM.Collect$$libinit$$00000002  c_w.l(libinit2.o)
    0x0800016c   0x00000000   Code   RO          670    .ARM.Collect$$libinit$$00000004  c_w.l(libinit2.o)
    0x0800016c   0x00000000   Code   RO          673    .ARM.Collect$$libinit$$0000000A  c_w.l(libinit2.o)
    0x0800016c   0x00000000   Code   RO          675    .ARM.Collect$$libinit$$0000000C  c_w.l(libinit2.o)
    0x0800016c   0x00000000   Code   RO          677    .ARM.Collect$$libinit$$0000000E  c_w.l(libinit2.o)
    0x0800016c   0x00000000   Code   RO          680    .ARM.Collect$$libinit$$00000011  c_w.l(libinit2.o)
    0x0800016c   0x00000000   Code   RO          682    .ARM.Collect$$libinit$$00000013  c_w.l(libinit2.o)
    0x0800016c   0x00000000   Code   RO          684    .ARM.Collect$$libinit$$00000015  c_w.l(libinit2.o)
    0x0800016c   0x00000000   Code   RO          686    .ARM.Collect$$libinit$$00000017  c_w.l(libinit2.o)
    0x0800016c   0x00000000   Code   RO          688    .ARM.Collect$$libinit$$00000019  c_w.l(libinit2.o)
    0x0800016c   0x00000000   Code   RO          690    .ARM.Collect$$libinit$$0000001B  c_w.l(libinit2.o)
    0x0800016c   0x00000000   Code   RO          692    .ARM.Collect$$libinit$$0000001D  c_w.l(libinit2.o)
    0x0800016c   0x00000000   Code   RO          694    .ARM.Collect$$libinit$$0000001F  c_w.l(libinit2.o)
    0x0800016c   0x00000000   Code   RO          696    .ARM.Collect$$libinit$$00000021  c_w.l(libinit2.o)
    0x0800016c   0x00000000   Code   RO          698    .ARM.Collect$$libinit$$00000023  c_w.l(libinit2.o)
    0x0800016c   0x00000000   Code   RO          700    .ARM.Collect$$libinit$$00000025  c_w.l(libinit2.o)
    0x0800016c   0x00000000   Code   RO          704    .ARM.Collect$$libinit$$0000002C  c_w.l(libinit2.o)
    0x0800016c   0x00000000   Code   RO          706    .ARM.Collect$$libinit$$0000002E  c_w.l(libinit2.o)
    0x0800016c   0x00000000   Code   RO          708    .ARM.Collect$$libinit$$00000030  c_w.l(libinit2.o)
    0x0800016c   0x00000000   Code   RO          710    .ARM.Collect$$libinit$$00000032  c_w.l(libinit2.o)
    0x0800016c   0x00000002   Code   RO          711    .ARM.Collect$$libinit$$00000033  c_w.l(libinit2.o)
    0x0800016e   0x00000002   Code   RO          729    .ARM.Collect$$libshutdown$$00000000  c_w.l(libshutdown.o)
    0x08000170   0x00000000   Code   RO          739    .ARM.Collect$$libshutdown$$00000002  c_w.l(libshutdown2.o)
    0x08000170   0x00000000   Code   RO          741    .ARM.Collect$$libshutdown$$00000004  c_w.l(libshutdown2.o)
    0x08000170   0x00000000   Code   RO          744    .ARM.Collect$$libshutdown$$00000007  c_w.l(libshutdown2.o)
    0x08000170   0x00000000   Code   RO          747    .ARM.Collect$$libshutdown$$0000000A  c_w.l(libshutdown2.o)
    0x08000170   0x00000000   Code   RO          749    .ARM.Collect$$libshutdown$$0000000C  c_w.l(libshutdown2.o)
    0x08000170   0x00000000   Code   RO          752    .ARM.Collect$$libshutdown$$0000000F  c_w.l(libshutdown2.o)
    0x08000170   0x00000002   Code   RO          753    .ARM.Collect$$libshutdown$$00000010  c_w.l(libshutdown2.o)
    0x08000172   0x00000000   Code   RO          610    .ARM.Collect$$rtentry$$00000000  c_w.l(__rtentry.o)
    0x08000172   0x00000000   Code   RO          628    .ARM.Collect$$rtentry$$00000002  c_w.l(__rtentry2.o)
    0x08000172   0x00000006   Code   RO          640    .ARM.Collect$$rtentry$$00000004  c_w.l(__rtentry4.o)
    0x08000178   0x00000000   Code   RO          630    .ARM.Collect$$rtentry$$00000009  c_w.l(__rtentry2.o)
    0x08000178   0x00000004   Code   RO          631    .ARM.Collect$$rtentry$$0000000A  c_w.l(__rtentry2.o)
    0x0800017c   0x00000000   Code   RO          633    .ARM.Collect$$rtentry$$0000000C  c_w.l(__rtentry2.o)
    0x0800017c   0x00000008   Code   RO          634    .ARM.Collect$$rtentry$$0000000D  c_w.l(__rtentry2.o)
    0x08000184   0x00000002   Code   RO          665    .ARM.Collect$$rtexit$$00000000  c_w.l(rtexit.o)
    0x08000186   0x00000000   Code   RO          713    .ARM.Collect$$rtexit$$00000002  c_w.l(rtexit2.o)
    0x08000186   0x00000004   Code   RO          714    .ARM.Collect$$rtexit$$00000003  c_w.l(rtexit2.o)
    0x0800018a   0x00000006   Code   RO          715    .ARM.Collect$$rtexit$$00000004  c_w.l(rtexit2.o)
    0x08000190   0x000006c0   Code   RO            1    .text               main.o
    0x08000850   0x0000001a   Code   RO          145    .text               stm32f10x_it.o
    0x0800086a   0x00000002   PAD
    0x0800086c   0x000001e0   Code   RO          186    .text               system_stm32f10x.o
    0x08000a4c   0x00000040   Code   RO          207    .text               startup_stm32f10x_md.o
    0x08000a8c   0x000000e8   Code   RO          230    .text               adc.o
    0x08000b74   0x00000110   Code   RO          246    .text               key.o
    0x08000c84   0x00004a56   Code   RO          261    .text               lcd.o
    0x080056da   0x00000002   PAD
    0x080056dc   0x00000068   Code   RO          284    .text               led.o
    0x08005744   0x00000298   Code   RO          299    .text               mod.o
    0x080059dc   0x000000d8   Code   RO          317    .text               timer.o
    0x08005ab4   0x000000d4   Code   RO          336    .text               delay.o
    0x08005b88   0x00000148   Code   RO          366    .text               usart.o
    0x08005cd0   0x000000dc   Code   RO          399    .text               misc.o
    0x08005dac   0x0000044e   Code   RO          411    .text               stm32f10x_adc.o
    0x080061fa   0x00000002   PAD
    0x080061fc   0x0000060c   Code   RO          423    .text               stm32f10x_fsmc.o
    0x08006808   0x0000035c   Code   RO          435    .text               stm32f10x_gpio.o
    0x08006b64   0x000003a4   Code   RO          447    .text               stm32f10x_rcc.o
    0x08006f08   0x00000408   Code   RO          461    .text               stm32f10x_usart.o
    0x08007310   0x00000e1a   Code   RO          473    .text               stm32f10x_tim.o
    0x0800812a   0x00000002   PAD
    0x0800812c   0x0000011c   Code   RO          497    .text               stm32f10x_exti.o
    0x08008248   0x00000002   Code   RO          511    .text               c_w.l(use_no_semi_2.o)
    0x0800824a   0x00000002   PAD
    0x0800824c   0x00000018   Code   RO          515    .text               c_w.l(noretval__2printf.o)
    0x08008264   0x00000068   Code   RO          517    .text               c_w.l(__printf.o)
    0x080082cc   0x00000058   Code   RO          522    .text               c_w.l(_printf_hex_int.o)
    0x08008324   0x00000006   Code   RO          562    .text               c_w.l(heapauxi.o)
    0x0800832a   0x00000002   Code   RO          608    .text               c_w.l(use_no_semi.o)
    0x0800832c   0x000000b2   Code   RO          611    .text               c_w.l(_printf_intcommon.o)
    0x080083de   0x00000002   PAD
    0x080083e0   0x00000024   Code   RO          613    .text               c_w.l(_printf_char_file.o)
    0x08008404   0x00000030   Code   RO          642    .text               c_w.l(_printf_char_common.o)
    0x08008434   0x00000008   Code   RO          644    .text               c_w.l(ferror.o)
    0x0800843c   0x0000004a   Code   RO          650    .text               c_w.l(sys_stackheap_outer.o)
    0x08008486   0x00000012   Code   RO          654    .text               c_w.l(exit.o)
    0x08008498   0x00000008   Code   RO          662    .text               c_w.l(libspace.o)
    0x080084a0   0x00000062   Code   RO          566    x$fpl$d2f           fz_ws.l(d2f.o)
    0x08008502   0x00000002   PAD
    0x08008504   0x00000150   Code   RO          568    x$fpl$dadd          fz_ws.l(daddsub_clz.o)
    0x08008654   0x00000018   Code   RO          648    x$fpl$dcmpinf       fz_ws.l(dcmpi.o)
    0x0800866c   0x0000005a   Code   RO          574    x$fpl$dfixu         fz_ws.l(dfixu.o)
    0x080086c6   0x00000026   Code   RO          578    x$fpl$dfltu         fz_ws.l(dflt_clz.o)
    0x080086ec   0x00000078   Code   RO          616    x$fpl$dleqf         fz_ws.l(dleqf.o)
    0x08008764   0x00000154   Code   RO          584    x$fpl$dmul          fz_ws.l(dmul.o)
    0x080088b8   0x0000009c   Code   RO          618    x$fpl$dnaninf       fz_ws.l(dnaninf.o)
    0x08008954   0x0000000c   Code   RO          620    x$fpl$dretinf       fz_ws.l(dretinf.o)
    0x08008960   0x0000006c   Code   RO          586    x$fpl$drleqf        fz_ws.l(drleqf.o)
    0x080089cc   0x00000016   Code   RO          569    x$fpl$drsb          fz_ws.l(daddsub_clz.o)
    0x080089e2   0x00000002   PAD
    0x080089e4   0x000001d4   Code   RO          570    x$fpl$dsub          fz_ws.l(daddsub_clz.o)
    0x08008bb8   0x00000056   Code   RO          588    x$fpl$f2d           fz_ws.l(f2d.o)
    0x08008c0e   0x00000002   PAD
    0x08008c10   0x000000c4   Code   RO          590    x$fpl$fadd          fz_ws.l(faddsub_clz.o)
    0x08008cd4   0x0000003e   Code   RO          596    x$fpl$ffixu         fz_ws.l(ffixu.o)
    0x08008d12   0x00000002   PAD
    0x08008d14   0x00000026   Code   RO          600    x$fpl$ffltu         fz_ws.l(fflt_clz.o)
    0x08008d3a   0x00000002   PAD
    0x08008d3c   0x00000102   Code   RO          606    x$fpl$fmul          fz_ws.l(fmul.o)
    0x08008e3e   0x0000008c   Code   RO          622    x$fpl$fnaninf       fz_ws.l(fnaninf.o)
    0x08008eca   0x0000000a   Code   RO          624    x$fpl$fretinf       fz_ws.l(fretinf.o)
    0x08008ed4   0x00000014   Code   RO          591    x$fpl$frsb          fz_ws.l(faddsub_clz.o)
    0x08008ee8   0x000000ea   Code   RO          592    x$fpl$fsub          fz_ws.l(faddsub_clz.o)
    0x08008fd2   0x00000000   Code   RO          626    x$fpl$usenofp       fz_ws.l(usenofp.o)
    0x08008fd2   0x000017c0   Data   RO          263    .constdata          lcd.o
    0x0800a792   0x00000028   Data   RO          523    .constdata          c_w.l(_printf_hex_int.o)
    0x0800a7ba   0x00000002   PAD
    0x0800a7bc   0x00000020   Data   RO          785    Region$$Table       anon$$obj.o


    Execution Region RW_IRAM1 (Base: 0x20000000, Size: 0x000007b0, Max: 0x00005000, ABSOLUTE)

    Base Addr    Size         Type   Attr      Idx    E Section Name        Object

    0x20000000   0x0000000c   Data   RW            2    .data               main.o
    0x2000000c   0x00000014   Data   RW          187    .data               system_stm32f10x.o
    0x20000020   0x00000004   Data   RW          264    .data               lcd.o
    0x20000024   0x00000004   PAD
    0x20000028   0x00000030   Data   RW          300    .data               mod.o
    0x20000058   0x00000004   Data   RW          337    .data               delay.o
    0x2000005c   0x00000006   Data   RW          368    .data               usart.o
    0x20000062   0x00000014   Data   RW          448    .data               stm32f10x_rcc.o
    0x20000076   0x00000002   PAD
    0x20000078   0x0000000e   Zero   RW          262    .bss                lcd.o
    0x20000086   0x000000c8   Zero   RW          367    .bss                usart.o
    0x2000014e   0x00000002   PAD
    0x20000150   0x00000060   Zero   RW          663    .bss                c_w.l(libspace.o)
    0x200001b0   0x00000200   Zero   RW          205    HEAP                startup_stm32f10x_md.o
    0x200003b0   0x00000400   Zero   RW          204    STACK               startup_stm32f10x_md.o


==============================================================================

Image component sizes


      Code (inc. data)   RO Data    RW Data    ZI Data      Debug   Object Name

       232          8          0          0          0       1079   adc.o
       212         18          0          4          0       1031   delay.o
       272          8          0          0          0        677   key.o
     19030        162       6080          4         14      22214   lcd.o
       104         14          0          0          0        487   led.o
      1728        250          0         12          0     272595   main.o
       220         22          0          0          0       1785   misc.o
       664         90          0         48          0        961   mod.o
        64         26        236          0       1536        800   startup_stm32f10x_md.o
      1102         26          0          0          0      11029   stm32f10x_adc.o
       284         10          0          0          0       2243   stm32f10x_exti.o
      1548         18          0          0          0       5367   stm32f10x_fsmc.o
       860         38          0          0          0       5721   stm32f10x_gpio.o
        26          0          0          0          0       1174   stm32f10x_it.o
       932         36          0         20          0       8896   stm32f10x_rcc.o
      3610         88          0          0          0      22828   stm32f10x_tim.o
      1032         22          0          0          0       8444   stm32f10x_usart.o
       480         38          0         20          0       1719   system_stm32f10x.o
       216         12          0          0          0       1030   timer.o
       328         16          0          6        200       3162   usart.o

    ----------------------------------------------------------------------
     32952        902       6348        120       1752     373242   Object Totals
         0          0         32          0          0          0   (incl. Generated)
         8          0          0          6          2          0   (incl. Padding)

    ----------------------------------------------------------------------

      Code (inc. data)   RO Data    RW Data    ZI Data      Debug   Library Member Name

         8          0          0          0          0         68   __main.o
       104          0          0          0          0         84   __printf.o
         0          0          0          0          0          0   __rtentry.o
        12          0          0          0          0          0   __rtentry2.o
         6          0          0          0          0          0   __rtentry4.o
        52          8          0          0          0          0   __scatter.o
        26          0          0          0          0          0   __scatter_copy.o
        28          0          0          0          0          0   __scatter_zi.o
        48          6          0          0          0         96   _printf_char_common.o
        36          4          0          0          0         80   _printf_char_file.o
        88          4         40          0          0         88   _printf_hex_int.o
       178          0          0          0          0         88   _printf_intcommon.o
         0          0          0          0          0          0   _printf_percent.o
         4          0          0          0          0          0   _printf_percent_end.o
         6          0          0          0          0          0   _printf_x.o
        18          0          0          0          0         80   exit.o
         8          0          0          0          0         68   ferror.o
         6          0          0          0          0        152   heapauxi.o
         2          0          0          0          0          0   libinit.o
         2          0          0          0          0          0   libinit2.o
         2          0          0          0          0          0   libshutdown.o
         2          0          0          0          0          0   libshutdown2.o
         8          4          0          0         96         68   libspace.o
        24          4          0          0          0         84   noretval__2printf.o
         2          0          0          0          0          0   rtexit.o
        10          0          0          0          0          0   rtexit2.o
        74          0          0          0          0         80   sys_stackheap_outer.o
         2          0          0          0          0         68   use_no_semi.o
         2          0          0          0          0         68   use_no_semi_2.o
        98          4          0          0          0         92   d2f.o
       826         16          0          0          0        348   daddsub_clz.o
        24          0          0          0          0         68   dcmpi.o
        90          4          0          0          0         92   dfixu.o
        38          0          0          0          0         68   dflt_clz.o
       120          4          0          0          0         92   dleqf.o
       340         12          0          0          0        104   dmul.o
       156          4          0          0          0         92   dnaninf.o
        12          0          0          0          0         68   dretinf.o
       108          0          0          0          0         80   drleqf.o
        86          4          0          0          0         84   f2d.o
       450          8          0          0          0        236   faddsub_clz.o
        62          4          0          0          0         84   ffixu.o
        38          0          0          0          0         68   fflt_clz.o
       258          4          0          0          0         84   fmul.o
       140          4          0          0          0         84   fnaninf.o
        10          0          0          0          0         68   fretinf.o
         0          0          0          0          0          0   usenofp.o

    ----------------------------------------------------------------------
      3630         98         42          0         96       2984   Library Totals
        16          0          2          0          0          0   (incl. Padding)

    ----------------------------------------------------------------------

      Code (inc. data)   RO Data    RW Data    ZI Data      Debug   Library Name

       758         30         40          0         96       1172   c_w.l
      2856         68          0          0          0       1812   fz_ws.l

    ----------------------------------------------------------------------
      3630         98         42          0         96       2984   Library Totals

    ----------------------------------------------------------------------

==============================================================================


      Code (inc. data)   RO Data    RW Data    ZI Data      Debug   

     36582       1000       6390        120       1848     372842   Grand Totals
     36582       1000       6390        120       1848     372842   ELF Image Totals
     36582       1000       6390        120          0          0   ROM Totals

==============================================================================

    Total RO  Size (Code + RO Data)                42972 (  41.96kB)
    Total RW  Size (RW Data + ZI Data)              1968 (   1.92kB)
    Total ROM Size (Code + RO Data + RW Data)      43092 (  42.08kB)

==============================================================================

