Component: ARM Compiler 5.06 update 1 (build 61) Tool: armlink [4d35a8]

==============================================================================

Section Cross References

    main.o(.text) refers to dflti.o(.text) for __aeabi_i2d
    main.o(.text) refers to dmul.o(.text) for __aeabi_dmul
    main.o(.text) refers to sin.o(i.sin) for sin
    main.o(.text) refers to dadd.o(.text) for __aeabi_dadd
    main.o(.text) refers to dfixui.o(.text) for __aeabi_d2uiz
    main.o(.text) refers to printf3.o(i.__0printf$3) for __2printf
    main.o(.text) refers to ffltui.o(.text) for __aeabi_ui2f
    main.o(.text) refers to fmul.o(.text) for __aeabi_fmul
    main.o(.text) refers to fadd.o(.text) for __aeabi_fadd
    main.o(.text) refers to ffixui.o(.text) for __aeabi_f2uiz
    main.o(.text) refers to dfltui.o(.text) for __aeabi_ui2d
    main.o(.text) refers to exp.o(i.exp) for exp
    main.o(.text) refers to memcpya.o(.text) for __aeabi_memcpy4
    main.o(.text) refers to usart.o(.text) for uart_init
    main.o(.text) refers to timer.o(.text) for TIM_Init
    main.o(.text) refers to led.o(.text) for GAS_VALVE_Init
    main.o(.text) refers to lcd.o(.text) for LCD_Init
    main.o(.text) refers to interaction.o(.text) for scr0_content
    main.o(.text) refers to touch.o(.text) for TP_Init
    main.o(.text) refers to key.o(.text) for EXTIX_Init
    main.o(.text) refers to fflti.o(.text) for __aeabi_i2f
    main.o(.text) refers to fdiv.o(.text) for __aeabi_fdiv
    main.o(.text) refers to ffixi.o(.text) for __aeabi_f2iz
    main.o(.text) refers to dma.o(.text) for DMA_Config
    main.o(.text) refers to adc.o(.text) for Adc_Init
    main.o(.text) refers to gui.o(.text) for LCD_ShowNum
    main.o(.text) refers to timer.o(.data) for si
    main.o(.text) refers to lcd.o(.bss) for lcddev
    main.o(.text) refers to touch.o(.bss) for tp_dev
    main.o(.text) refers to stm32f10x_it.o(.data) for vol_per
    stm32f10x_it.o(.text) refers to stm32f10x_dma.o(.text) for DMA_GetFlagStatus
    stm32f10x_it.o(.text) refers to ffltui.o(.text) for __aeabi_ui2f
    stm32f10x_it.o(.text) refers to fdiv.o(.text) for __aeabi_fdiv
    stm32f10x_it.o(.text) refers to fmul.o(.text) for __aeabi_fmul
    stm32f10x_it.o(.text) refers to ffixi.o(.text) for __aeabi_f2iz
    stm32f10x_it.o(.text) refers to stm32f10x_tim.o(.text) for TIM_SetCompare2
    stm32f10x_it.o(.text) refers to usart.o(.text) for Data_Send_Senser
    stm32f10x_it.o(.text) refers to stm32f10x_exti.o(.text) for EXTI_GetITStatus
    stm32f10x_it.o(.text) refers to delay.o(.text) for delay_ms
    stm32f10x_it.o(.text) refers to touch.o(.text) for TP_Read_XY2
    stm32f10x_it.o(.text) refers to fflti.o(.text) for __aeabi_i2f
    stm32f10x_it.o(.text) refers to fadd.o(.text) for __aeabi_fadd
    stm32f10x_it.o(.text) refers to ffixui.o(.text) for __aeabi_f2uiz
    stm32f10x_it.o(.text) refers to dma.o(.data) for ADC_ConvertedValue
    stm32f10x_it.o(.text) refers to stm32f10x_it.o(.data) for vol_per
    stm32f10x_it.o(.text) refers to interaction.o(.data) for feedback_control
    stm32f10x_it.o(.text) refers to stm32f10x_it.o(.bss) for temp
    stm32f10x_it.o(.text) refers to timer.o(.data) for si
    stm32f10x_it.o(.text) refers to touch.o(.bss) for tp_dev
    system_stm32f10x.o(.text) refers to system_stm32f10x.o(.data) for SystemCoreClock
    startup_stm32f10x_md.o(RESET) refers to startup_stm32f10x_md.o(STACK) for __initial_sp
    startup_stm32f10x_md.o(RESET) refers to startup_stm32f10x_md.o(.text) for Reset_Handler
    startup_stm32f10x_md.o(RESET) refers to stm32f10x_it.o(.text) for NMI_Handler
    startup_stm32f10x_md.o(RESET) refers to usart.o(.text) for USART1_IRQHandler
    startup_stm32f10x_md.o(.text) refers to system_stm32f10x.o(.text) for SystemInit
    startup_stm32f10x_md.o(.text) refers to entry.o(.ARM.Collect$$$$00000000) for __main
    interaction.o(.text) refers to gui.o(.text) for LCD_ShowChar
    interaction.o(.text) refers to memseta.o(.text) for __aeabi_memclr4
    interaction.o(.text) refers to printf3.o(i.__0printf$3) for __2printf
    interaction.o(.text) refers to lcd.o(.text) for LCD_Clear
    interaction.o(.text) refers to main.o(.constdata) for gImage_shool
    interaction.o(.text) refers to stm32f10x_it.o(.data) for DETECT_TOUCH
    interaction.o(.text) refers to usart.o(.data) for DETECT_USART_COMM
    interaction.o(.text) refers to interaction.o(.data) for scr_state
    interaction.o(.text) refers to touch.o(.bss) for tp_dev
    interaction.o(.text) refers to stm32f10x_tim.o(.text) for TIM_SetCompare2
    interaction.o(.text) refers to printf3.o(i.__0sprintf$3) for __2sprintf
    interaction.o(.text) refers to interaction.o(.conststring) for .conststring
    gui.o(.text) refers to lcd.o(.text) for LCD_SetCursor
    gui.o(.text) refers to lcd.o(.bss) for lcddev
    gui.o(.text) refers to lcd.o(.data) for POINT_COLOR
    gui.o(.text) refers to gui.o(.constdata) for asc2_4020
    gui.o(.text) refers to strlen.o(.text) for strlen
[...]
    ../clib/microlib/string/memcpy.c         0x00000000   Number         0  memcpyb.o ABSOLUTE
    ../clib/microlib/string/memcpy.c         0x00000000   Number         0  memcpya.o ABSOLUTE
    ../clib/microlib/string/memset.c         0x00000000   Number         0  memseta.o ABSOLUTE
    ../clib/microlib/string/strlen.c         0x00000000   Number         0  strlen.o ABSOLUTE
    ../clib/microlib/string/strncpy.c        0x00000000   Number         0  strncpy.o ABSOLUTE
    ../clib/microlib/string/strtok.c         0x00000000   Number         0  strtok_r.o ABSOLUTE
    ../clib/microlib/string/strtok.c         0x00000000   Number         0  strtok.o ABSOLUTE
    ../clib/microlib/stubs.s                 0x00000000   Number         0  iusefp.o ABSOLUTE
    ../fplib/microlib/fpadd.c                0x00000000   Number         0  dadd.o ABSOLUTE
    ../fplib/microlib/fpadd.c                0x00000000   Number         0  fadd.o ABSOLUTE
    ../fplib/microlib/fpdiv.c                0x00000000   Number         0  fdiv.o ABSOLUTE
    ../fplib/microlib/fpdiv.c                0x00000000   Number         0  ddiv.o ABSOLUTE
    ../fplib/microlib/fpepilogue.c           0x00000000   Number         0  depilogue.o ABSOLUTE
    ../fplib/microlib/fpepilogue.c           0x00000000   Number         0  fepilogue.o ABSOLUTE
    ../fplib/microlib/fpfix.c                0x00000000   Number         0  dfixui.o ABSOLUTE
    ../fplib/microlib/fpfix.c                0x00000000   Number         0  dfixul.o ABSOLUTE
    ../fplib/microlib/fpfix.c                0x00000000   Number         0  ffixui.o ABSOLUTE
    ../fplib/microlib/fpfix.c                0x00000000   Number         0  dfixi.o ABSOLUTE
    ../fplib/microlib/fpfix.c                0x00000000   Number         0  ffixi.o ABSOLUTE
    ../fplib/microlib/fpflt.c                0x00000000   Number         0  ffltui.o ABSOLUTE
    ../fplib/microlib/fpflt.c                0x00000000   Number         0  dfltui.o ABSOLUTE
    ../fplib/microlib/fpflt.c                0x00000000   Number         0  dflti.o ABSOLUTE
    ../fplib/microlib/fpflt.c                0x00000000   Number         0  fflti.o ABSOLUTE
    ../fplib/microlib/fpmul.c                0x00000000   Number         0  fmul.o ABSOLUTE
    ../fplib/microlib/fpmul.c                0x00000000   Number         0  dmul.o ABSOLUTE
    ../fplib/microlib/fpscalb.c              0x00000000   Number         0  dscalb.o ABSOLUTE
    ../mathlib/cos_i.c                       0x00000000   Number         0  cos_i.o ABSOLUTE
    ../mathlib/dunder.c                      0x00000000   Number         0  dunder.o ABSOLUTE
    ../mathlib/exp.c                         0x00000000   Number         0  exp.o ABSOLUTE
    ../mathlib/exp.c                         0x00000000   Number         0  exp_x.o ABSOLUTE
    ../mathlib/fpclassify.c                  0x00000000   Number         0  fpclassify.o ABSOLUTE
    ../mathlib/poly.c                        0x00000000   Number         0  poly.o ABSOLUTE
    ../mathlib/qnan.c                        0x00000000   Number         0  qnan.o ABSOLUTE
    ../mathlib/rred.c                        0x00000000   Number         0  rred.o ABSOLUTE
    ../mathlib/sin.c                         0x00000000   Number         0  sin.o ABSOLUTE
    ../mathlib/sin.c                         0x00000000   Number         0  sin_x.o ABSOLUTE
    ../mathlib/sin_i.c                       0x00000000   Number         0  sin_i_x.o ABSOLUTE
    ../mathlib/sin_i.c                       0x00000000   Number         0  sin_i.o ABSOLUTE
    ..\CORE\core_cm3.c                       0x00000000   Number         0  core_cm3.o ABSOLUTE
    ..\STM32F10x_FWLib\src\misc.c            0x00000000   Number         0  misc.o ABSOLUTE
    ..\STM32F10x_FWLib\src\stm32f10x_adc.c   0x00000000   Number         0  stm32f10x_adc.o ABSOLUTE
    ..\STM32F10x_FWLib\src\stm32f10x_dma.c   0x00000000   Number         0  stm32f10x_dma.o ABSOLUTE
    ..\STM32F10x_FWLib\src\stm32f10x_exti.c  0x00000000   Number         0  stm32f10x_exti.o ABSOLUTE
    ..\STM32F10x_FWLib\src\stm32f10x_gpio.c  0x00000000   Number         0  stm32f10x_gpio.o ABSOLUTE
    ..\STM32F10x_FWLib\src\stm32f10x_rcc.c   0x00000000   Number         0  stm32f10x_rcc.o ABSOLUTE
    ..\STM32F10x_FWLib\src\stm32f10x_spi.c   0x00000000   Number         0  stm32f10x_spi.o ABSOLUTE
    ..\STM32F10x_FWLib\src\stm32f10x_tim.c   0x00000000   Number         0  stm32f10x_tim.o ABSOLUTE
    ..\STM32F10x_FWLib\src\stm32f10x_usart.c 0x00000000   Number         0  stm32f10x_usart.o ABSOLUTE
    ..\SYSTEM\delay\delay.c                  0x00000000   Number         0  delay.o ABSOLUTE
    ..\SYSTEM\sys\sys.c                      0x00000000   Number         0  sys.o ABSOLUTE
    ..\SYSTEM\usart\usart.c                  0x00000000   Number         0  usart.o ABSOLUTE
    ..\\CORE\\core_cm3.c                     0x00000000   Number         0  core_cm3.o ABSOLUTE
    ..\\SYSTEM\\sys\\sys.c                   0x00000000   Number         0  sys.o ABSOLUTE
    BSP\ADC\adc.c                            0x00000000   Number         0  adc.o ABSOLUTE
    BSP\DMA\dma.c                            0x00000000   Number         0  dma.o ABSOLUTE
    BSP\KEY\key.c                            0x00000000   Number         0  key.o ABSOLUTE
    BSP\LCD_SPI\lcd.c                        0x00000000   Number         0  lcd.o ABSOLUTE
    BSP\LED\led.c                            0x00000000   Number         0  led.o ABSOLUTE
    BSP\MOD\mod.c                            0x00000000   Number         0  mod.o ABSOLUTE
    BSP\NVIC\nvic.c                          0x00000000   Number         0  nvic.o ABSOLUTE
    BSP\PID\pid.c                            0x00000000   Number         0  pid.o ABSOLUTE
    BSP\TIMER\timer.c                        0x00000000   Number         0  timer.o ABSOLUTE
    BSP\TOUCH\touch.c                        0x00000000   Number         0  touch.o ABSOLUTE
    GUI\GUI.c                                0x00000000   Number         0  gui.o ABSOLUTE
    Interaction\interaction.c                0x00000000   Number         0  interaction.o ABSOLUTE
    cdcmple.s                                0x00000000   Number         0  cdcmple.o ABSOLUTE
    cdrcmple.s                               0x00000000   Number         0  cdrcmple.o ABSOLUTE
    dc.s                                     0x00000000   Number         0  dc.o ABSOLUTE
    handlers.s                               0x00000000   Number         0  handlers.o ABSOLUTE
    init.s                                   0x00000000   Number         0  init.o ABSOLUTE
    main.c                                   0x00000000   Number         0  main.o ABSOLUTE
    startup_stm32f10x_md.s                   0x00000000   Number         0  startup_stm32f10x_md.o ABSOLUTE
    stm32f10x_it.c                           0x00000000   Number         0  stm32f10x_it.o ABSOLUTE
    system_stm32f10x.c                       0x00000000   Number         0  system_stm32f10x.o ABSOLUTE
    RESET                                    0x08000000   Section      236  startup_stm32f10x_md.o(RESET)
    .ARM.Collect$$$$00000000                 0x080000ec   Section        0  entry.o(.ARM.Collect$$$$00000000)
    .ARM.Collect$$$$00000001                 0x080000ec   Section        4  entry2.o(.ARM.Collect$$$$00000001)
    .ARM.Collect$$$$00000004                 0x080000f0   Section        4  entry5.o(.ARM.Collect$$$$00000004)
    .ARM.Collect$$$$00000008                 0x080000f4   Section        0  entry7b.o(.ARM.Collect$$$$00000008)
    .ARM.Collect$$$$0000000A                 0x080000f4   Section        0  entry8b.o(.ARM.Collect$$$$0000000A)
    .ARM.Collect$$$$0000000B                 0x080000f4   Section        8  entry9a.o(.ARM.Collect$$$$0000000B)
    .ARM.Collect$$$$0000000D                 0x080000fc   Section        0  entry10a.o(.ARM.Collect$$$$0000000D)
    .ARM.Collect$$$$0000000F                 0x080000fc   Section        0  entry11a.o(.ARM.Collect$$$$0000000F)
    .ARM.Collect$$$$00002712                 0x080000fc   Section        4  entry2.o(.ARM.Collect$$$$00002712)
    __lit__00000000                          0x080000fc   Data           4  entry2.o(.ARM.Collect$$$$00002712)
    .text                                    0x08000100   Section        0  main.o(.text)
    .text                                    0x08000470   Section        0  stm32f10x_it.o(.text)
    .text                                    0x08000844   Section        0  system_stm32f10x.o(.text)
    SetSysClockTo72                          0x08000845   Thumb Code   214  system_stm32f10x.o(.text)
    SetSysClock                              0x0800091b   Thumb Code     8  system_stm32f10x.o(.text)
    .text                                    0x08000a24   Section       36  startup_stm32f10x_md.o(.text)
    .text                                    0x08000a48   Section        0  interaction.o(.text)
    .text                                    0x08001148   Section        0  gui.o(.text)
    .text                                    0x08001bb4   Section        0  key.o(.text)
    .text                                    0x08001c24   Section        0  led.o(.text)
    .text                                    0x08001c58   Section        0  timer.o(.text)
    .text                                    0x08001da4   Section        0  lcd.o(.text)
    .text                                    0x0800236c   Section        0  touch.o(.text)
    .text                                    0x08002780   Section        0  nvic.o(.text)
    .text                                    0x08002860   Section        0  adc.o(.text)
    .text                                    0x08002974   Section        0  dma.o(.text)
    .text                                    0x08002a1c   Section        0  delay.o(.text)
    .text                                    0x08002af0   Section        0  usart.o(.text)
    .text                                    0x08002edc   Section        0  misc.o(.text)
    .text                                    0x08002fb8   Section        0  stm32f10x_adc.o(.text)
    .text                                    0x08003408   Section        0  stm32f10x_gpio.o(.text)
    .text                                    0x08003764   Section        0  stm32f10x_rcc.o(.text)
    .text                                    0x08003b08   Section        0  stm32f10x_usart.o(.text)
    .text                                    0x08003f10   Section        0  stm32f10x_tim.o(.text)
    TI4_Config                               0x080043b7   Thumb Code   130  stm32f10x_tim.o(.text)
    TI3_Config                               0x0800444b   Thumb Code   122  stm32f10x_tim.o(.text)
    TI2_Config                               0x080044df   Thumb Code   130  stm32f10x_tim.o(.text)
    TI1_Config                               0x08004573   Thumb Code   108  stm32f10x_tim.o(.text)
    .text                                    0x08004d2c   Section        0  stm32f10x_dma.o(.text)
    .text                                    0x08004f80   Section        0  stm32f10x_exti.o(.text)
    .text                                    0x0800509c   Section        0  stm32f10x_spi.o(.text)
    .text                                    0x080053a8   Section        0  memcpya.o(.text)
    .text                                    0x080053cc   Section        0  memseta.o(.text)
    .text                                    0x080053f0   Section        0  strncpy.o(.text)
    .text                                    0x08005408   Section        0  strlen.o(.text)
    .text                                    0x08005418   Section        0  strtok.o(.text)
    .text                                    0x0800545c   Section        0  fadd.o(.text)
    .text                                    0x0800550c   Section        0  fmul.o(.text)
    .text                                    0x08005570   Section        0  fdiv.o(.text)
    .text                                    0x080055ec   Section        0  dadd.o(.text)
    .text                                    0x0800573a   Section        0  dmul.o(.text)
    .text                                    0x0800581e   Section        0  fflti.o(.text)
    .text                                    0x08005830   Section        0  ffltui.o(.text)
    .text                                    0x0800583a   Section        0  dflti.o(.text)
    .text                                    0x0800585c   Section        0  dfltui.o(.text)
    .text                                    0x08005876   Section        0  ffixi.o(.text)
    .text                                    0x080058a8   Section        0  ffixui.o(.text)
    .text                                    0x080058d0   Section        0  dfixui.o(.text)
    .text                                    0x08005904   Section       48  cdrcmple.o(.text)
    .text                                    0x08005934   Section        0  uidiv.o(.text)
    .text                                    0x08005960   Section        0  llshl.o(.text)
    .text                                    0x0800597e   Section        0  llushr.o(.text)
    .text                                    0x0800599e   Section        0  llsshr.o(.text)
    .text                                    0x080059c2   Section        0  iusefp.o(.text)
    .text                                    0x080059c2   Section        0  fepilogue.o(.text)
    .text                                    0x08005a30   Section        0  depilogue.o(.text)
    .text                                    0x08005aea   Section        0  ddiv.o(.text)
    .text                                    0x08005bc8   Section        0  dscalb.o(.text)
    .text                                    0x08005bf6   Section        0  dfixi.o(.text)
    .text                                    0x08005c34   Section       48  cdcmple.o(.text)
    .text                                    0x08005c64   Section       36  init.o(.text)
    .text                                    0x08005c88   Section        0  __dclz77c.o(.text)
    i.__0printf$3                            0x08005ce8   Section        0  printf3.o(i.__0printf$3)
    i.__0sprintf$3                           0x08005d08   Section        0  printf3.o(i.__0sprintf$3)
    i.__ARM_fpclassify                       0x08005d30   Section        0  fpclassify.o(i.__ARM_fpclassify)
    i.__ieee754_rem_pio2                     0x08005d58   Section        0  rred.o(i.__ieee754_rem_pio2)
    i.__kernel_cos                           0x080060e0   Section        0  cos_i.o(i.__kernel_cos)
    i.__kernel_poly                          0x080061dc   Section        0  poly.o(i.__kernel_poly)
    i.__kernel_sin                           0x08006288   Section        0  sin_i.o(i.__kernel_sin)
    i.__mathlib_dbl_infnan                   0x08006374   Section        0  dunder.o(i.__mathlib_dbl_infnan)
    i.__mathlib_dbl_invalid                  0x0800637a   Section        0  dunder.o(i.__mathlib_dbl_invalid)
    i.__mathlib_dbl_overflow                 0x08006386   Section        0  dunder.o(i.__mathlib_dbl_overflow)
    i.__mathlib_dbl_underflow                0x08006394   Section        0  dunder.o(i.__mathlib_dbl_underflow)
    i.__scatterload_copy                     0x080063a4   Section       14  handlers.o(i.__scatterload_copy)
    i.__scatterload_null                     0x080063b2   Section        2  handlers.o(i.__scatterload_null)
    i.__scatterload_zeroinit                 0x080063b4   Section       14  handlers.o(i.__scatterload_zeroinit)
    i.__set_errno                            0x080063c4   Section        0  errno.o(i.__set_errno)
    i._printf_core                           0x080063d0   Section        0  printf3.o(i._printf_core)
    _printf_core                             0x080063d1   Thumb Code   436  printf3.o(i._printf_core)
    i._sputc                                 0x08006588   Section        0  printf3.o(i._sputc)
    _sputc                                   0x08006589   Thumb Code    10  printf3.o(i._sputc)
    i.exp                                    0x08006594   Section        0  exp.o(i.exp)
    i.sin                                    0x08006818   Section        0  sin.o(i.sin)
    .constdata                               0x080068b8   Section    16000  main.o(.constdata)
    .constdata                               0x0800a738   Section     3392  gui.o(.constdata)
    .constdata                               0x0800b478   Section       88  exp.o(.constdata)
    halF                                     0x0800b478   Data          16  exp.o(.constdata)
    ln2HI                                    0x0800b488   Data          16  exp.o(.constdata)
    ln2LO                                    0x0800b498   Data          16  exp.o(.constdata)
    P                                        0x0800b4a8   Data          40  exp.o(.constdata)
    .constdata                               0x0800b4d0   Section       48  cos_i.o(.constdata)
    C                                        0x0800b4d0   Data          48  cos_i.o(.constdata)
    .constdata                               0x0800b500   Section      200  rred.o(.constdata)
    pio2s                                    0x0800b500   Data          48  rred.o(.constdata)
    twooverpi                                0x0800b530   Data         152  rred.o(.constdata)
    .constdata                               0x0800b5c8   Section       40  sin_i.o(.constdata)
    S                                        0x0800b5c8   Data          40  sin_i.o(.constdata)
    .conststring                             0x0800b5f0   Section      201  interaction.o(.conststring)
    .data                                    0x20000000   Section       27  stm32f10x_it.o(.data)
    t                                        0x2000001a   Data           1  stm32f10x_it.o(.data)
    .data                                    0x2000001c   Section       20  system_stm32f10x.o(.data)
    .data                                    0x20000030   Section       27  interaction.o(.data)
    .data                                    0x2000004c   Section     2048  timer.o(.data)
    .data                                    0x2000084c   Section        6  lcd.o(.data)
    .data                                    0x20000852   Section        2  touch.o(.data)
    .data                                    0x20000854   Section        4  dma.o(.data)
    .data                                    0x20000858   Section        4  delay.o(.data)
    fac_us                                   0x20000858   Data           1  delay.o(.data)
    fac_ms                                   0x2000085a   Data           2  delay.o(.data)
    .data                                    0x2000085c   Section        7  usart.o(.data)
    .data                                    0x20000863   Section       20  stm32f10x_rcc.o(.data)
    APBAHBPrescTable                         0x20000863   Data          16  stm32f10x_rcc.o(.data)
    ADCPrescTable                            0x20000873   Data           4  stm32f10x_rcc.o(.data)
    .data                                    0x20000878   Section        4  strtok.o(.data)
    state                                    0x20000878   Data           4  strtok.o(.data)
    .data                                    0x2000087c   Section        4  stdout.o(.data)
    .data                                    0x20000880   Section        4  errno.o(.data)
    _errno                                   0x20000880   Data           4  errno.o(.data)
    .bss                                     0x20000884   Section      592  stm32f10x_it.o(.bss)
    .bss                                     0x20000ad4   Section       14  lcd.o(.bss)
    .bss                                     0x20000ae4   Section       28  touch.o(.bss)
    .bss                                     0x20000b00   Section      400  usart.o(.bss)
    STACK                                    0x20000c90   Section     1024  startup_stm32f10x_md.o(STACK)

    Global Symbols

    Symbol Name                              Value     Ov Type        Size  Object(Section)

    BuildAttributes$$THM_ISAv4$P$D$K$B$S$PE$A:L22UL41UL21$X:L11$S22US41US21$IEEE1$IW$USESV6$~STKCKD$USESV7$~SHL$OTIME$ROPI$IEEEX$EBA8$MICROLIB$REQ8$PRES8$EABIv2 0x00000000   Number         0  anon$$obj.o ABSOLUTE
    __ARM_use_no_argv                        0x00000000   Number         0  main.o ABSOLUTE
    _printf_a                                0x00000000   Number         0  stubs.o ABSOLUTE
    _printf_c                                0x00000000   Number         0  stubs.o ABSOLUTE
    _printf_charcount                        0x00000000   Number         0  stubs.o ABSOLUTE
    _printf_d                                0x00000000   Number         0  stubs.o ABSOLUTE
    _printf_e                                0x00000000   Number         0  stubs.o ABSOLUTE
    _printf_f                                0x00000000   Number         0  stubs.o ABSOLUTE
    _printf_flags                            0x00000000   Number         0  stubs.o ABSOLUTE
    _printf_fp_dec                           0x00000000   Number         0  stubs.o ABSOLUTE
    _printf_fp_hex                           0x00000000   Number         0  stubs.o ABSOLUTE
    _printf_g                                0x00000000   Number         0  stubs.o ABSOLUTE
    _printf_i                                0x00000000   Number         0  stubs.o ABSOLUTE
    _printf_int_dec                          0x00000000   Number         0  stubs.o ABSOLUTE
    _printf_l                                0x00000000   Number         0  stubs.o ABSOLUTE
    _printf_lc                               0x00000000   Number         0  stubs.o ABSOLUTE
    _printf_ll                               0x00000000   Number         0  stubs.o ABSOLUTE
    _printf_lld                              0x00000000   Number         0  stubs.o ABSOLUTE
    _printf_lli                              0x00000000   Number         0  stubs.o ABSOLUTE
    _printf_llo                              0x00000000   Number         0  stubs.o ABSOLUTE
    _printf_llu                              0x00000000   Number         0  stubs.o ABSOLUTE
    _printf_llx                              0x00000000   Number         0  stubs.o ABSOLUTE
    _printf_longlong_dec                     0x00000000   Number         0  stubs.o ABSOLUTE
    _printf_longlong_hex                     0x00000000   Number         0  stubs.o ABSOLUTE
    _printf_longlong_oct                     0x00000000   Number         0  stubs.o ABSOLUTE
    _printf_ls                               0x00000000   Number         0  stubs.o ABSOLUTE
    _printf_mbtowc                           0x00000000   Number         0  stubs.o ABSOLUTE
    _printf_n                                0x00000000   Number         0  stubs.o ABSOLUTE
    _printf_o                                0x00000000   Number         0  stubs.o ABSOLUTE
    _printf_p                                0x00000000   Number         0  stubs.o ABSOLUTE
    _printf_percent                          0x00000000   Number         0  stubs.o ABSOLUTE
    _printf_pre_padding                      0x00000000   Number         0  stubs.o ABSOLUTE
    _printf_return_value                     0x00000000   Number         0  stubs.o ABSOLUTE
    _printf_s                                0x00000000   Number         0  stubs.o ABSOLUTE
    _printf_sizespec                         0x00000000   Number         0  stubs.o ABSOLUTE
    _printf_str                              0x00000000   Number         0  stubs.o ABSOLUTE
    _printf_truncate_signed                  0x00000000   Number         0  stubs.o ABSOLUTE
    _printf_truncate_unsigned                0x00000000   Number         0  stubs.o ABSOLUTE
    _printf_u                                0x00000000   Number         0  stubs.o ABSOLUTE
    _printf_wc                               0x00000000   Number         0  stubs.o ABSOLUTE
    _printf_wctomb                           0x00000000   Number         0  stubs.o ABSOLUTE
    _printf_widthprec                        0x00000000   Number         0  stubs.o ABSOLUTE
    _printf_x                                0x00000000   Number         0  stubs.o ABSOLUTE
    __cpp_initialize__aeabi_                  - Undefined Weak Reference
    __cxa_finalize                            - Undefined Weak Reference
    _clock_init                               - Undefined Weak Reference
    _microlib_exit                            - Undefined Weak Reference
    __Vectors_Size                           0x000000ec   Number         0  startup_stm32f10x_md.o ABSOLUTE
    __Vectors                                0x08000000   Data           4  startup_stm32f10x_md.o(RESET)
    __Vectors_End                            0x080000ec   Data           0  startup_stm32f10x_md.o(RESET)
    __main                                   0x080000ed   Thumb Code     0  entry.o(.ARM.Collect$$$$00000000)
    _main_stk                                0x080000ed   Thumb Code     0  entry2.o(.ARM.Collect$$$$00000001)
    _main_scatterload                        0x080000f1   Thumb Code     0  entry5.o(.ARM.Collect$$$$00000004)
    __main_after_scatterload                 0x080000f5   Thumb Code     0  entry5.o(.ARM.Collect$$$$00000004)
    _main_clock                              0x080000f5   Thumb Code     0  entry7b.o(.ARM.Collect$$$$00000008)
    _main_cpp_init                           0x080000f5   Thumb Code     0  entry8b.o(.ARM.Collect$$$$0000000A)
    _main_init                               0x080000f5   Thumb Code     0  entry9a.o(.ARM.Collect$$$$0000000B)
    __rt_final_cpp                           0x080000fd   Thumb Code     0  entry10a.o(.ARM.Collect$$$$0000000D)
    __rt_final_exit                          0x080000fd   Thumb Code     0  entry11a.o(.ARM.Collect$$$$0000000F)
    generate_wave                            0x08000101   Thumb Code   436  main.o(.text)
    main                                     0x080002b5   Thumb Code   254  main.o(.text)
    NMI_Handler                              0x08000471   Thumb Code     2  stm32f10x_it.o(.text)
    HardFault_Handler                        0x08000473   Thumb Code     4  stm32f10x_it.o(.text)
    MemManage_Handler                        0x08000477   Thumb Code     4  stm32f10x_it.o(.text)
    BusFault_Handler                         0x0800047b   Thumb Code     4  stm32f10x_it.o(.text)
    UsageFault_Handler                       0x0800047f   Thumb Code     4  stm32f10x_it.o(.text)
    SVC_Handler                              0x08000483   Thumb Code     2  stm32f10x_it.o(.text)
    DebugMon_Handler                         0x08000485   Thumb Code     2  stm32f10x_it.o(.text)
    PendSV_Handler                           0x08000487   Thumb Code     2  stm32f10x_it.o(.text)
    SysTick_Handler                          0x08000489   Thumb Code     2  stm32f10x_it.o(.text)
    DMA1_Channel1_IRQHandler                 0x0800048b   Thumb Code   184  stm32f10x_it.o(.text)
    TIM3_IRQHandler                          0x08000543   Thumb Code   348  stm32f10x_it.o(.text)
    TIM4_IRQHandler                          0x0800069f   Thumb Code    98  stm32f10x_it.o(.text)
    EXTI3_IRQHandler                         0x08000701   Thumb Code   164  stm32f10x_it.o(.text)
    EXTI9_5_IRQHandler                       0x080007a5   Thumb Code    42  stm32f10x_it.o(.text)
    SystemInit                               0x08000923   Thumb Code    78  system_stm32f10x.o(.text)
    SystemCoreClockUpdate                    0x08000971   Thumb Code   142  system_stm32f10x.o(.text)
    Reset_Handler                            0x08000a25   Thumb Code     8  startup_stm32f10x_md.o(.text)
    ADC1_2_IRQHandler                        0x08000a3f   Thumb Code     0  startup_stm32f10x_md.o(.text)
    CAN1_RX1_IRQHandler                      0x08000a3f   Thumb Code     0  startup_stm32f10x_md.o(.text)
    CAN1_SCE_IRQHandler                      0x08000a3f   Thumb Code     0  startup_stm32f10x_md.o(.text)
    DMA1_Channel2_IRQHandler                 0x08000a3f   Thumb Code     0  startup_stm32f10x_md.o(.text)
    DMA1_Channel3_IRQHandler                 0x08000a3f   Thumb Code     0  startup_stm32f10x_md.o(.text)
    DMA1_Channel4_IRQHandler                 0x08000a3f   Thumb Code     0  startup_stm32f10x_md.o(.text)
    DMA1_Channel5_IRQHandler                 0x08000a3f   Thumb Code     0  startup_stm32f10x_md.o(.text)
    DMA1_Channel6_IRQHandler                 0x08000a3f   Thumb Code     0  startup_stm32f10x_md.o(.text)
    DMA1_Channel7_IRQHandler                 0x08000a3f   Thumb Code     0  startup_stm32f10x_md.o(.text)
    EXTI0_IRQHandler                         0x08000a3f   Thumb Code     0  startup_stm32f10x_md.o(.text)
    EXTI15_10_IRQHandler                     0x08000a3f   Thumb Code     0  startup_stm32f10x_md.o(.text)
    EXTI1_IRQHandler                         0x08000a3f   Thumb Code     0  startup_stm32f10x_md.o(.text)
    EXTI2_IRQHandler                         0x08000a3f   Thumb Code     0  startup_stm32f10x_md.o(.text)
    EXTI4_IRQHandler                         0x08000a3f   Thumb Code     0  startup_stm32f10x_md.o(.text)
    FLASH_IRQHandler                         0x08000a3f   Thumb Code     0  startup_stm32f10x_md.o(.text)
    I2C1_ER_IRQHandler                       0x08000a3f   Thumb Code     0  startup_stm32f10x_md.o(.text)
    I2C1_EV_IRQHandler                       0x08000a3f   Thumb Code     0  startup_stm32f10x_md.o(.text)
    I2C2_ER_IRQHandler                       0x08000a3f   Thumb Code     0  startup_stm32f10x_md.o(.text)
    I2C2_EV_IRQHandler                       0x08000a3f   Thumb Code     0  startup_stm32f10x_md.o(.text)
    PVD_IRQHandler                           0x08000a3f   Thumb Code     0  startup_stm32f10x_md.o(.text)
    RCC_IRQHandler                           0x08000a3f   Thumb Code     0  startup_stm32f10x_md.o(.text)
    RTCAlarm_IRQHandler                      0x08000a3f   Thumb Code     0  startup_stm32f10x_md.o(.text)
    RTC_IRQHandler                           0x08000a3f   Thumb Code     0  startup_stm32f10x_md.o(.text)
    SPI1_IRQHandler                          0x08000a3f   Thumb Code     0  startup_stm32f10x_md.o(.text)
    SPI2_IRQHandler                          0x08000a3f   Thumb Code     0  startup_stm32f10x_md.o(.text)
    TAMPER_IRQHandler                        0x08000a3f   Thumb Code     0  startup_stm32f10x_md.o(.text)
    TIM1_BRK_IRQHandler                      0x08000a3f   Thumb Code     0  startup_stm32f10x_md.o(.text)
    TIM1_CC_IRQHandler                       0x08000a3f   Thumb Code     0  startup_stm32f10x_md.o(.text)
    TIM1_TRG_COM_IRQHandler                  0x08000a3f   Thumb Code     0  startup_stm32f10x_md.o(.text)
    TIM1_UP_IRQHandler                       0x08000a3f   Thumb Code     0  startup_stm32f10x_md.o(.text)
    TIM2_IRQHandler                          0x08000a3f   Thumb Code     0  startup_stm32f10x_md.o(.text)
    USART2_IRQHandler                        0x08000a3f   Thumb Code     0  startup_stm32f10x_md.o(.text)
    USART3_IRQHandler                        0x08000a3f   Thumb Code     0  startup_stm32f10x_md.o(.text)
    USBWakeUp_IRQHandler                     0x08000a3f   Thumb Code     0  startup_stm32f10x_md.o(.text)
    USB_HP_CAN1_TX_IRQHandler                0x08000a3f   Thumb Code     0  startup_stm32f10x_md.o(.text)
    USB_LP_CAN1_RX0_IRQHandler               0x08000a3f   Thumb Code     0  startup_stm32f10x_md.o(.text)
    WWDG_IRQHandler                          0x08000a3f   Thumb Code     0  startup_stm32f10x_md.o(.text)
    scr0_content                             0x08000a49   Thumb Code   100  interaction.o(.text)
    scr1_content                             0x08000aad   Thumb Code   262  interaction.o(.text)
    touch_process                            0x08000bb3   Thumb Code  1188  interaction.o(.text)
    key_process                              0x08001057   Thumb Code   124  interaction.o(.text)
    GUI_DrawPoint                            0x08001149   Thumb Code    24  gui.o(.text)
    LCD_Fill                                 0x08001161   Thumb Code   158  gui.o(.text)
    LCD_DrawLine                             0x080011ff   Thumb Code   176  gui.o(.text)
    LCD_DrawRectangle                        0x080012af   Thumb Code    64  gui.o(.text)
    LCD_DrawFillRectangle                    0x080012ef   Thumb Code    30  gui.o(.text)
    _draw_circle_8                           0x0800130d   Thumb Code   132  gui.o(.text)
    gui_circle                               0x08001391   Thumb Code   154  gui.o(.text)
    LCD_ShowChar                             0x0800142b   Thumb Code   420  gui.o(.text)
    LCD_ShowString                           0x080015cf   Thumb Code    94  gui.o(.text)
    mypow                                    0x0800162d   Thumb Code    22  gui.o(.text)
    LCD_ShowNum                              0x08001643   Thumb Code   168  gui.o(.text)
    GUI_DrawFont16                           0x080016eb   Thumb Code   252  gui.o(.text)
    GUI_DrawFont24                           0x080017e7   Thumb Code   268  gui.o(.text)
    GUI_DrawFont32                           0x080018f3   Thumb Code   278  gui.o(.text)
    Show_Str                                 0x08001a09   Thumb Code   264  gui.o(.text)
    Gui_StrCenter                            0x08001b11   Thumb Code    68  gui.o(.text)
    Gui_Drawbmp16                            0x08001b55   Thumb Code    90  gui.o(.text)
    EXTIX_Init                               0x08001bb5   Thumb Code   108  key.o(.text)
    GAS_VALVE_Init                           0x08001c25   Thumb Code    44  led.o(.text)
    TIM4_Mode_config                         0x08001c59   Thumb Code    72  timer.o(.text)
    TIM3_Mode_config                         0x08001ca1   Thumb Code   148  timer.o(.text)
    TIM3_GPIO_config                         0x08001d35   Thumb Code    64  timer.o(.text)
    TIM_Init                                 0x08001d75   Thumb Code    30  timer.o(.text)
    SPIv_WriteData                           0x08001da5   Thumb Code    60  lcd.o(.text)
    SPI_WriteByte                            0x08001de1   Thumb Code    34  lcd.o(.text)
    SPI_SetSpeed                             0x08001e03   Thumb Code    38  lcd.o(.text)
    SPI2_Init                                0x08001e29   Thumb Code   184  lcd.o(.text)
    LCD_WR_REG                               0x08001ee1   Thumb Code    36  lcd.o(.text)
    LCD_WR_DATA                              0x08001f05   Thumb Code    38  lcd.o(.text)
    LCD_DrawPoint_16Bit                      0x08001f2b   Thumb Code    46  lcd.o(.text)
    LCD_WriteRAM_Prepare                     0x08001f59   Thumb Code    12  lcd.o(.text)
    LCD_SetCursor                            0x08001f65   Thumb Code    52  lcd.o(.text)
    LCD_DrawPoint                            0x08001f99   Thumb Code    62  lcd.o(.text)
    LCD_WriteReg                             0x08001fd7   Thumb Code    20  lcd.o(.text)
    LCD_GPIOInit                             0x08001feb   Thumb Code    42  lcd.o(.text)
    LCD_RESET                                0x08002015   Thumb Code    34  lcd.o(.text)
    LCD_SetWindows                           0x08002037   Thumb Code    80  lcd.o(.text)
    LCD_Clear                                0x08002087   Thumb Code    92  lcd.o(.text)
    LCD_SetParam                             0x080020e3   Thumb Code    40  lcd.o(.text)
    LCD_Init                                 0x0800210b   Thumb Code   606  lcd.o(.text)
    TP_Write_Byte                            0x0800236d   Thumb Code    56  touch.o(.text)
    TP_Read_AD                               0x080023a5   Thumb Code   132  touch.o(.text)
    TP_Read_XOY                              0x08002429   Thumb Code   120  touch.o(.text)
    TP_Read_XY                               0x080024a1   Thumb Code    38  touch.o(.text)
    TP_Read_XY2                              0x080024c7   Thumb Code   192  touch.o(.text)
    TP_Drow_Touch_Point                      0x08002587   Thumb Code   116  touch.o(.text)
    TP_Draw_Big_Point                        0x080025fb   Thumb Code    54  touch.o(.text)
    TP_Scan                                  0x08002631   Thumb Code   246  touch.o(.text)
    TP_Init                                  0x08002727   Thumb Code    90  touch.o(.text)
    EXTI_NVIC_Configuration                  0x08002781   Thumb Code    68  nvic.o(.text)
    DMA_NVIC_Configuration                   0x080027c5   Thumb Code    42  nvic.o(.text)
    TIM_NVIC_Configuration                   0x080027ef   Thumb Code    72  nvic.o(.text)
    USART_NVIC_Configuration                 0x08002837   Thumb Code    42  nvic.o(.text)
    Adc_Init                                 0x08002861   Thumb Code   174  adc.o(.text)
    Get_Adc                                  0x0800290f   Thumb Code    46  adc.o(.text)
    Get_Adc_Average                          0x0800293d   Thumb Code    46  adc.o(.text)
    DMA_Config                               0x08002975   Thumb Code   152  dma.o(.text)
    delay_init                               0x08002a1d   Thumb Code    50  delay.o(.text)
    delay_us                                 0x08002a4f   Thumb Code    72  delay.o(.text)
    delay_ms                                 0x08002a97   Thumb Code    72  delay.o(.text)
    fputc                                    0x08002af1   Thumb Code    32  usart.o(.text)
    GetKey                                   0x08002b11   Thumb Code    26  usart.o(.text)
    string_process                           0x08002b2b   Thumb Code   110  usart.o(.text)
    uart_init                                0x08002b99   Thumb Code   160  usart.o(.text)
    USART1_IRQHandler                        0x08002c39   Thumb Code   242  usart.o(.text)
    Usart2_Put_Buf                           0x08002d2b   Thumb Code    42  usart.o(.text)
    Data_Send_Senser                         0x08002d55   Thumb Code   296  usart.o(.text)
    NVIC_PriorityGroupConfig                 0x08002edd   Thumb Code    10  misc.o(.text)
    NVIC_Init                                0x08002ee7   Thumb Code   100  misc.o(.text)
    NVIC_SetVectorTable                      0x08002f4b   Thumb Code    14  misc.o(.text)
    NVIC_SystemLPConfig                      0x08002f59   Thumb Code    34  misc.o(.text)
    SysTick_CLKSourceConfig                  0x08002f7b   Thumb Code    40  misc.o(.text)
    ADC_DeInit                               0x08002fb9   Thumb Code    78  stm32f10x_adc.o(.text)
    ADC_Init                                 0x08003007   Thumb Code    70  stm32f10x_adc.o(.text)
    ADC_StructInit                           0x0800304d   Thumb Code    18  stm32f10x_adc.o(.text)
    ADC_Cmd                                  0x0800305f   Thumb Code    22  stm32f10x_adc.o(.text)
    ADC_DMACmd                               0x08003075   Thumb Code    22  stm32f10x_adc.o(.text)
    ADC_ITConfig                             0x0800308b   Thumb Code    24  stm32f10x_adc.o(.text)
    ADC_ResetCalibration                     0x080030a3   Thumb Code    10  stm32f10x_adc.o(.text)
    ADC_GetResetCalibrationStatus            0x080030ad   Thumb Code    20  stm32f10x_adc.o(.text)
    ADC_StartCalibration                     0x080030c1   Thumb Code    10  stm32f10x_adc.o(.text)
    ADC_GetCalibrationStatus                 0x080030cb   Thumb Code    20  stm32f10x_adc.o(.text)
    ADC_SoftwareStartConvCmd                 0x080030df   Thumb Code    22  stm32f10x_adc.o(.text)
    ADC_GetSoftwareStartConvStatus           0x080030f5   Thumb Code    20  stm32f10x_adc.o(.text)
    ADC_DiscModeChannelCountConfig           0x08003109   Thumb Code    24  stm32f10x_adc.o(.text)
    ADC_DiscModeCmd                          0x08003121   Thumb Code    22  stm32f10x_adc.o(.text)
    ADC_RegularChannelConfig                 0x08003137   Thumb Code   184  stm32f10x_adc.o(.text)
    ADC_ExternalTrigConvCmd                  0x080031ef   Thumb Code    22  stm32f10x_adc.o(.text)
    ADC_GetConversionValue                   0x08003205   Thumb Code     8  stm32f10x_adc.o(.text)
    ADC_GetDualModeConversionValue           0x0800320d   Thumb Code     8  stm32f10x_adc.o(.text)
    ADC_AutoInjectedConvCmd                  0x08003215   Thumb Code    22  stm32f10x_adc.o(.text)
    ADC_InjectedDiscModeCmd                  0x0800322b   Thumb Code    22  stm32f10x_adc.o(.text)
    ADC_ExternalTrigInjectedConvConfig       0x08003241   Thumb Code    16  stm32f10x_adc.o(.text)
    ADC_ExternalTrigInjectedConvCmd          0x08003251   Thumb Code    22  stm32f10x_adc.o(.text)
    ADC_SoftwareStartInjectedConvCmd         0x08003267   Thumb Code    22  stm32f10x_adc.o(.text)
    ADC_GetSoftwareStartInjectedConvCmdStatus 0x0800327d   Thumb Code    20  stm32f10x_adc.o(.text)
    ADC_InjectedChannelConfig                0x08003291   Thumb Code   130  stm32f10x_adc.o(.text)
    ADC_InjectedSequencerLengthConfig        0x08003313   Thumb Code    24  stm32f10x_adc.o(.text)
    ADC_SetInjectedOffset                    0x0800332b   Thumb Code    20  stm32f10x_adc.o(.text)
    ADC_GetInjectedConversionValue           0x0800333f   Thumb Code    28  stm32f10x_adc.o(.text)
    ADC_AnalogWatchdogCmd                    0x0800335b   Thumb Code    16  stm32f10x_adc.o(.text)
    ADC_AnalogWatchdogThresholdsConfig       0x0800336b   Thumb Code     6  stm32f10x_adc.o(.text)
    ADC_AnalogWatchdogSingleChannelConfig    0x08003371   Thumb Code    16  stm32f10x_adc.o(.text)
    ADC_TempSensorVrefintCmd                 0x08003381   Thumb Code    64  stm32f10x_adc.o(.text)
    ADC_GetFlagStatus                        0x080033c1   Thumb Code    18  stm32f10x_adc.o(.text)
    ADC_ClearFlag                            0x080033d3   Thumb Code     6  stm32f10x_adc.o(.text)
    ADC_GetITStatus                          0x080033d9   Thumb Code    36  stm32f10x_adc.o(.text)
    ADC_ClearITPendingBit                    0x080033fd   Thumb Code    10  stm32f10x_adc.o(.text)
    GPIO_DeInit                              0x08003409   Thumb Code   172  stm32f10x_gpio.o(.text)
    GPIO_AFIODeInit                          0x080034b5   Thumb Code    20  stm32f10x_gpio.o(.text)
    GPIO_Init                                0x080034c9   Thumb Code   278  stm32f10x_gpio.o(.text)
    GPIO_StructInit                          0x080035df   Thumb Code    16  stm32f10x_gpio.o(.text)
    GPIO_ReadInputDataBit                    0x080035ef   Thumb Code    18  stm32f10x_gpio.o(.text)
    GPIO_ReadInputData                       0x08003601   Thumb Code     8  stm32f10x_gpio.o(.text)
    GPIO_ReadOutputDataBit                   0x08003609   Thumb Code    18  stm32f10x_gpio.o(.text)
    GPIO_ReadOutputData                      0x0800361b   Thumb Code     8  stm32f10x_gpio.o(.text)
    GPIO_SetBits                             0x08003623   Thumb Code     4  stm32f10x_gpio.o(.text)
    GPIO_ResetBits                           0x08003627   Thumb Code     4  stm32f10x_gpio.o(.text)
    GPIO_WriteBit                            0x0800362b   Thumb Code    10  stm32f10x_gpio.o(.text)
    GPIO_Write                               0x08003635   Thumb Code     4  stm32f10x_gpio.o(.text)
    GPIO_PinLockConfig                       0x08003639   Thumb Code    18  stm32f10x_gpio.o(.text)
    GPIO_EventOutputConfig                   0x0800364b   Thumb Code    26  stm32f10x_gpio.o(.text)
    GPIO_EventOutputCmd                      0x08003665   Thumb Code     6  stm32f10x_gpio.o(.text)
    GPIO_PinRemapConfig                      0x0800366b   Thumb Code   138  stm32f10x_gpio.o(.text)
    GPIO_EXTILineConfig                      0x080036f5   Thumb Code    66  stm32f10x_gpio.o(.text)
    GPIO_ETH_MediaInterfaceConfig            0x08003737   Thumb Code     8  stm32f10x_gpio.o(.text)
    RCC_DeInit                               0x08003765   Thumb Code    64  stm32f10x_rcc.o(.text)
    RCC_HSEConfig                            0x080037a5   Thumb Code    70  stm32f10x_rcc.o(.text)
    RCC_GetFlagStatus                        0x080037eb   Thumb Code    56  stm32f10x_rcc.o(.text)
    RCC_WaitForHSEStartUp                    0x08003823   Thumb Code    56  stm32f10x_rcc.o(.text)
    RCC_AdjustHSICalibrationValue            0x0800385b   Thumb Code    20  stm32f10x_rcc.o(.text)
    RCC_HSICmd                               0x0800386f   Thumb Code     6  stm32f10x_rcc.o(.text)
    RCC_PLLConfig                            0x08003875   Thumb Code    24  stm32f10x_rcc.o(.text)
    RCC_PLLCmd                               0x0800388d   Thumb Code     6  stm32f10x_rcc.o(.text)
    RCC_SYSCLKConfig                         0x08003893   Thumb Code    18  stm32f10x_rcc.o(.text)
    RCC_GetSYSCLKSource                      0x080038a5   Thumb Code    10  stm32f10x_rcc.o(.text)
    RCC_HCLKConfig                           0x080038af   Thumb Code    18  stm32f10x_rcc.o(.text)
    RCC_PCLK1Config                          0x080038c1   Thumb Code    18  stm32f10x_rcc.o(.text)
    RCC_PCLK2Config                          0x080038d3   Thumb Code    20  stm32f10x_rcc.o(.text)
    RCC_ITConfig                             0x080038e7   Thumb Code    26  stm32f10x_rcc.o(.text)
    RCC_USBCLKConfig                         0x08003901   Thumb Code     8  stm32f10x_rcc.o(.text)
    RCC_ADCCLKConfig                         0x08003909   Thumb Code    18  stm32f10x_rcc.o(.text)
    RCC_LSEConfig                            0x0800391b   Thumb Code    50  stm32f10x_rcc.o(.text)
    RCC_LSICmd                               0x0800394d   Thumb Code     6  stm32f10x_rcc.o(.text)
    RCC_RTCCLKConfig                         0x08003953   Thumb Code    12  stm32f10x_rcc.o(.text)
    RCC_RTCCLKCmd                            0x0800395f   Thumb Code     8  stm32f10x_rcc.o(.text)
    RCC_GetClocksFreq                        0x08003967   Thumb Code   192  stm32f10x_rcc.o(.text)
    RCC_AHBPeriphClockCmd                    0x08003a27   Thumb Code    26  stm32f10x_rcc.o(.text)
    RCC_APB2PeriphClockCmd                   0x08003a41   Thumb Code    26  stm32f10x_rcc.o(.text)
    RCC_APB1PeriphClockCmd                   0x08003a5b   Thumb Code    26  stm32f10x_rcc.o(.text)
    RCC_APB2PeriphResetCmd                   0x08003a75   Thumb Code    26  stm32f10x_rcc.o(.text)
    RCC_APB1PeriphResetCmd                   0x08003a8f   Thumb Code    26  stm32f10x_rcc.o(.text)
    RCC_BackupResetCmd                       0x08003aa9   Thumb Code     8  stm32f10x_rcc.o(.text)
    RCC_ClockSecuritySystemCmd               0x08003ab1   Thumb Code     6  stm32f10x_rcc.o(.text)
    RCC_MCOConfig                            0x08003ab7   Thumb Code     6  stm32f10x_rcc.o(.text)
    RCC_ClearFlag                            0x08003abd   Thumb Code    14  stm32f10x_rcc.o(.text)
    RCC_GetITStatus                          0x08003acb   Thumb Code    20  stm32f10x_rcc.o(.text)
    RCC_ClearITPendingBit                    0x08003adf   Thumb Code     6  stm32f10x_rcc.o(.text)
    USART_DeInit                             0x08003b09   Thumb Code   134  stm32f10x_usart.o(.text)
    USART_Init                               0x08003b8f   Thumb Code   210  stm32f10x_usart.o(.text)
    USART_StructInit                         0x08003c61   Thumb Code    24  stm32f10x_usart.o(.text)
    USART_ClockInit                          0x08003c79   Thumb Code    34  stm32f10x_usart.o(.text)
    USART_ClockStructInit                    0x08003c9b   Thumb Code    12  stm32f10x_usart.o(.text)
    USART_Cmd                                0x08003ca7   Thumb Code    24  stm32f10x_usart.o(.text)
    USART_ITConfig                           0x08003cbf   Thumb Code    74  stm32f10x_usart.o(.text)
    USART_DMACmd                             0x08003d09   Thumb Code    18  stm32f10x_usart.o(.text)
    USART_SetAddress                         0x08003d1b   Thumb Code    18  stm32f10x_usart.o(.text)
    USART_WakeUpConfig                       0x08003d2d   Thumb Code    18  stm32f10x_usart.o(.text)
    USART_ReceiverWakeUpCmd                  0x08003d3f   Thumb Code    24  stm32f10x_usart.o(.text)
    USART_LINBreakDetectLengthConfig         0x08003d57   Thumb Code    18  stm32f10x_usart.o(.text)
    USART_LINCmd                             0x08003d69   Thumb Code    24  stm32f10x_usart.o(.text)
    USART_SendData                           0x08003d81   Thumb Code     8  stm32f10x_usart.o(.text)
    USART_ReceiveData                        0x08003d89   Thumb Code    10  stm32f10x_usart.o(.text)
    USART_SendBreak                          0x08003d93   Thumb Code    10  stm32f10x_usart.o(.text)
    USART_SetGuardTime                       0x08003d9d   Thumb Code    16  stm32f10x_usart.o(.text)
    USART_SetPrescaler                       0x08003dad   Thumb Code    16  stm32f10x_usart.o(.text)
    USART_SmartCardCmd                       0x08003dbd   Thumb Code    24  stm32f10x_usart.o(.text)
    USART_SmartCardNACKCmd                   0x08003dd5   Thumb Code    24  stm32f10x_usart.o(.text)
    USART_HalfDuplexCmd                      0x08003ded   Thumb Code    24  stm32f10x_usart.o(.text)
    USART_OverSampling8Cmd                   0x08003e05   Thumb Code    22  stm32f10x_usart.o(.text)
    USART_OneBitMethodCmd                    0x08003e1b   Thumb Code    24  stm32f10x_usart.o(.text)
    USART_IrDAConfig                         0x08003e33   Thumb Code    18  stm32f10x_usart.o(.text)
    USART_IrDACmd                            0x08003e45   Thumb Code    24  stm32f10x_usart.o(.text)
    USART_GetFlagStatus                      0x08003e5d   Thumb Code    26  stm32f10x_usart.o(.text)
    USART_ClearFlag                          0x08003e77   Thumb Code    18  stm32f10x_usart.o(.text)
    USART_GetITStatus                        0x08003e89   Thumb Code    84  stm32f10x_usart.o(.text)
    USART_ClearITPendingBit                  0x08003edd   Thumb Code    52  stm32f10x_usart.o(.text)
    TIM_DeInit                               0x08003f11   Thumb Code   424  stm32f10x_tim.o(.text)
    TIM_TimeBaseInit                         0x080040b9   Thumb Code   122  stm32f10x_tim.o(.text)
    TIM_OC1Init                              0x08004133   Thumb Code   132  stm32f10x_tim.o(.text)
    TIM_OC2Init                              0x080041b7   Thumb Code   154  stm32f10x_tim.o(.text)
    TIM_OC3Init                              0x08004251   Thumb Code   150  stm32f10x_tim.o(.text)
    TIM_OC4Init                              0x080042e7   Thumb Code   182  stm32f10x_tim.o(.text)
    TIM_SetIC4Prescaler                      0x0800439d   Thumb Code    26  stm32f10x_tim.o(.text)
    TIM_SetIC3Prescaler                      0x08004439   Thumb Code    18  stm32f10x_tim.o(.text)
    TIM_SetIC2Prescaler                      0x080044c5   Thumb Code    26  stm32f10x_tim.o(.text)
    TIM_SetIC1Prescaler                      0x08004561   Thumb Code    18  stm32f10x_tim.o(.text)
    TIM_ICInit                               0x080045df   Thumb Code   150  stm32f10x_tim.o(.text)
    TIM_PWMIConfig                           0x08004675   Thumb Code   124  stm32f10x_tim.o(.text)
    TIM_BDTRConfig                           0x080046f1   Thumb Code    32  stm32f10x_tim.o(.text)
    TIM_TimeBaseStructInit                   0x08004711   Thumb Code    18  stm32f10x_tim.o(.text)
    TIM_OCStructInit                         0x08004723   Thumb Code    20  stm32f10x_tim.o(.text)
    TIM_ICStructInit                         0x08004737   Thumb Code    18  stm32f10x_tim.o(.text)
    TIM_BDTRStructInit                       0x08004749   Thumb Code    40  stm32f10x_tim.o(.text)
    TIM_Cmd                                  0x08004771   Thumb Code    24  stm32f10x_tim.o(.text)
    TIM_CtrlPWMOutputs                       0x08004789   Thumb Code    30  stm32f10x_tim.o(.text)
    TIM_ITConfig                             0x080047a7   Thumb Code    18  stm32f10x_tim.o(.text)
    TIM_GenerateEvent                        0x080047b9   Thumb Code     4  stm32f10x_tim.o(.text)
    TIM_DMAConfig                            0x080047bd   Thumb Code    10  stm32f10x_tim.o(.text)
    TIM_DMACmd                               0x080047c7   Thumb Code    18  stm32f10x_tim.o(.text)
    TIM_InternalClockConfig                  0x080047d9   Thumb Code    12  stm32f10x_tim.o(.text)
    TIM_SelectInputTrigger                   0x080047e5   Thumb Code    18  stm32f10x_tim.o(.text)
    TIM_ITRxExternalClockConfig              0x080047f7   Thumb Code    24  stm32f10x_tim.o(.text)
    TIM_TIxExternalClockConfig               0x0800480f   Thumb Code    62  stm32f10x_tim.o(.text)
    TIM_ETRConfig                            0x0800484d   Thumb Code    28  stm32f10x_tim.o(.text)
    TIM_ETRClockMode1Config                  0x08004869   Thumb Code    54  stm32f10x_tim.o(.text)
    TIM_ETRClockMode2Config                  0x0800489f   Thumb Code    32  stm32f10x_tim.o(.text)
    TIM_PrescalerConfig                      0x080048bf   Thumb Code     6  stm32f10x_tim.o(.text)
    TIM_CounterModeConfig                    0x080048c5   Thumb Code    18  stm32f10x_tim.o(.text)
    TIM_EncoderInterfaceConfig               0x080048d7   Thumb Code    66  stm32f10x_tim.o(.text)
    TIM_ForcedOC1Config                      0x08004919   Thumb Code    18  stm32f10x_tim.o(.text)
    TIM_ForcedOC2Config                      0x0800492b   Thumb Code    26  stm32f10x_tim.o(.text)
    TIM_ForcedOC3Config                      0x08004945   Thumb Code    18  stm32f10x_tim.o(.text)
    TIM_ForcedOC4Config                      0x08004957   Thumb Code    26  stm32f10x_tim.o(.text)
    TIM_ARRPreloadConfig                     0x08004971   Thumb Code    24  stm32f10x_tim.o(.text)
    TIM_SelectCOM                            0x08004989   Thumb Code    24  stm32f10x_tim.o(.text)
    TIM_SelectCCDMA                          0x080049a1   Thumb Code    24  stm32f10x_tim.o(.text)
    TIM_CCPreloadControl                     0x080049b9   Thumb Code    24  stm32f10x_tim.o(.text)
    TIM_OC1PreloadConfig                     0x080049d1   Thumb Code    18  stm32f10x_tim.o(.text)
    TIM_OC2PreloadConfig                     0x080049e3   Thumb Code    26  stm32f10x_tim.o(.text)
    TIM_OC3PreloadConfig                     0x080049fd   Thumb Code    18  stm32f10x_tim.o(.text)
    TIM_OC4PreloadConfig                     0x08004a0f   Thumb Code    26  stm32f10x_tim.o(.text)
    TIM_OC1FastConfig                        0x08004a29   Thumb Code    18  stm32f10x_tim.o(.text)
    TIM_OC2FastConfig                        0x08004a3b   Thumb Code    26  stm32f10x_tim.o(.text)
    TIM_OC3FastConfig                        0x08004a55   Thumb Code    18  stm32f10x_tim.o(.text)
    TIM_OC4FastConfig                        0x08004a67   Thumb Code    26  stm32f10x_tim.o(.text)
    TIM_ClearOC1Ref                          0x08004a81   Thumb Code    18  stm32f10x_tim.o(.text)
    TIM_ClearOC2Ref                          0x08004a93   Thumb Code    24  stm32f10x_tim.o(.text)
    TIM_ClearOC3Ref                          0x08004aab   Thumb Code    18  stm32f10x_tim.o(.text)
    TIM_ClearOC4Ref                          0x08004abd   Thumb Code    24  stm32f10x_tim.o(.text)
    TIM_OC1PolarityConfig                    0x08004ad5   Thumb Code    18  stm32f10x_tim.o(.text)
    TIM_OC1NPolarityConfig                   0x08004ae7   Thumb Code    18  stm32f10x_tim.o(.text)
    TIM_OC2PolarityConfig                    0x08004af9   Thumb Code    26  stm32f10x_tim.o(.text)
    TIM_OC2NPolarityConfig                   0x08004b13   Thumb Code    26  stm32f10x_tim.o(.text)
    TIM_OC3PolarityConfig                    0x08004b2d   Thumb Code    26  stm32f10x_tim.o(.text)
    TIM_OC3NPolarityConfig                   0x08004b47   Thumb Code    26  stm32f10x_tim.o(.text)
    TIM_OC4PolarityConfig                    0x08004b61   Thumb Code    26  stm32f10x_tim.o(.text)
    TIM_CCxCmd                               0x08004b7b   Thumb Code    30  stm32f10x_tim.o(.text)
    TIM_CCxNCmd                              0x08004b99   Thumb Code    30  stm32f10x_tim.o(.text)
    TIM_SelectOCxM                           0x08004bb7   Thumb Code    82  stm32f10x_tim.o(.text)
    TIM_UpdateDisableConfig                  0x08004c09   Thumb Code    24  stm32f10x_tim.o(.text)
    TIM_UpdateRequestConfig                  0x08004c21   Thumb Code    24  stm32f10x_tim.o(.text)
    TIM_SelectHallSensor                     0x08004c39   Thumb Code    24  stm32f10x_tim.o(.text)
    TIM_SelectOnePulseMode                   0x08004c51   Thumb Code    18  stm32f10x_tim.o(.text)
    TIM_SelectOutputTrigger                  0x08004c63   Thumb Code    18  stm32f10x_tim.o(.text)
    TIM_SelectSlaveMode                      0x08004c75   Thumb Code    18  stm32f10x_tim.o(.text)
    TIM_SelectMasterSlaveMode                0x08004c87   Thumb Code    18  stm32f10x_tim.o(.text)
    TIM_SetCounter                           0x08004c99   Thumb Code     4  stm32f10x_tim.o(.text)
    TIM_SetAutoreload                        0x08004c9d   Thumb Code     4  stm32f10x_tim.o(.text)
    TIM_SetCompare1                          0x08004ca1   Thumb Code     4  stm32f10x_tim.o(.text)
    TIM_SetCompare2                          0x08004ca5   Thumb Code     4  stm32f10x_tim.o(.text)
    TIM_SetCompare3                          0x08004ca9   Thumb Code     4  stm32f10x_tim.o(.text)
    TIM_SetCompare4                          0x08004cad   Thumb Code     6  stm32f10x_tim.o(.text)
    TIM_SetClockDivision                     0x08004cb3   Thumb Code    18  stm32f10x_tim.o(.text)
    TIM_GetCapture1                          0x08004cc5   Thumb Code     6  stm32f10x_tim.o(.text)
    TIM_GetCapture2                          0x08004ccb   Thumb Code     6  stm32f10x_tim.o(.text)
    TIM_GetCapture3                          0x08004cd1   Thumb Code     6  stm32f10x_tim.o(.text)
    TIM_GetCapture4                          0x08004cd7   Thumb Code     8  stm32f10x_tim.o(.text)
    TIM_GetCounter                           0x08004cdf   Thumb Code     6  stm32f10x_tim.o(.text)
    TIM_GetPrescaler                         0x08004ce5   Thumb Code     6  stm32f10x_tim.o(.text)
    TIM_GetFlagStatus                        0x08004ceb   Thumb Code    18  stm32f10x_tim.o(.text)
    TIM_ClearFlag                            0x08004cfd   Thumb Code     6  stm32f10x_tim.o(.text)
    TIM_GetITStatus                          0x08004d03   Thumb Code    34  stm32f10x_tim.o(.text)
    TIM_ClearITPendingBit                    0x08004d25   Thumb Code     6  stm32f10x_tim.o(.text)
    DMA_DeInit                               0x08004d2d   Thumb Code   324  stm32f10x_dma.o(.text)
    DMA_Init                                 0x08004e71   Thumb Code    60  stm32f10x_dma.o(.text)
    DMA_StructInit                           0x08004ead   Thumb Code    26  stm32f10x_dma.o(.text)
    DMA_Cmd                                  0x08004ec7   Thumb Code    24  stm32f10x_dma.o(.text)
    DMA_ITConfig                             0x08004edf   Thumb Code    18  stm32f10x_dma.o(.text)
    DMA_SetCurrDataCounter                   0x08004ef1   Thumb Code     4  stm32f10x_dma.o(.text)
    DMA_GetCurrDataCounter                   0x08004ef5   Thumb Code     8  stm32f10x_dma.o(.text)
    DMA_GetFlagStatus                        0x08004efd   Thumb Code    40  stm32f10x_dma.o(.text)
    DMA_ClearFlag                            0x08004f25   Thumb Code    22  stm32f10x_dma.o(.text)
    DMA_GetITStatus                          0x08004f3b   Thumb Code    40  stm32f10x_dma.o(.text)
    DMA_ClearITPendingBit                    0x08004f63   Thumb Code    22  stm32f10x_dma.o(.text)
    EXTI_DeInit                              0x08004f81   Thumb Code    28  stm32f10x_exti.o(.text)
    EXTI_Init                                0x08004f9d   Thumb Code   142  stm32f10x_exti.o(.text)
    EXTI_StructInit                          0x0800502b   Thumb Code    16  stm32f10x_exti.o(.text)
    EXTI_GenerateSWInterrupt                 0x0800503b   Thumb Code    16  stm32f10x_exti.o(.text)
    EXTI_GetFlagStatus                       0x0800504b   Thumb Code    22  stm32f10x_exti.o(.text)
    EXTI_ClearFlag                           0x08005061   Thumb Code     8  stm32f10x_exti.o(.text)
    EXTI_GetITStatus                         0x08005069   Thumb Code    34  stm32f10x_exti.o(.text)
    EXTI_ClearITPendingBit                   0x0800508b   Thumb Code     8  stm32f10x_exti.o(.text)
    SPI_I2S_DeInit                           0x0800509d   Thumb Code    76  stm32f10x_spi.o(.text)
    SPI_Init                                 0x080050e9   Thumb Code    60  stm32f10x_spi.o(.text)
    I2S_Init                                 0x08005125   Thumb Code   226  stm32f10x_spi.o(.text)
    SPI_StructInit                           0x08005207   Thumb Code    24  stm32f10x_spi.o(.text)
    I2S_StructInit                           0x0800521f   Thumb Code    20  stm32f10x_spi.o(.text)
    SPI_Cmd                                  0x08005233   Thumb Code    24  stm32f10x_spi.o(.text)
    I2S_Cmd                                  0x0800524b   Thumb Code    24  stm32f10x_spi.o(.text)
    SPI_I2S_ITConfig                         0x08005263   Thumb Code    32  stm32f10x_spi.o(.text)
    SPI_I2S_DMACmd                           0x08005283   Thumb Code    18  stm32f10x_spi.o(.text)
    SPI_I2S_SendData                         0x08005295   Thumb Code     4  stm32f10x_spi.o(.text)
    SPI_I2S_ReceiveData                      0x08005299   Thumb Code     6  stm32f10x_spi.o(.text)
    SPI_NSSInternalSoftwareConfig            0x0800529f   Thumb Code    30  stm32f10x_spi.o(.text)
    SPI_SSOutputCmd                          0x080052bd   Thumb Code    24  stm32f10x_spi.o(.text)
    SPI_DataSizeConfig                       0x080052d5   Thumb Code    18  stm32f10x_spi.o(.text)
    SPI_TransmitCRC                          0x080052e7   Thumb Code    10  stm32f10x_spi.o(.text)
    SPI_CalculateCRC                         0x080052f1   Thumb Code    24  stm32f10x_spi.o(.text)
    SPI_GetCRC                               0x08005309   Thumb Code    16  stm32f10x_spi.o(.text)
    SPI_GetCRCPolynomial                     0x08005319   Thumb Code     6  stm32f10x_spi.o(.text)
    SPI_BiDirectionalLineConfig              0x0800531f   Thumb Code    28  stm32f10x_spi.o(.text)
    SPI_I2S_GetFlagStatus                    0x0800533b   Thumb Code    18  stm32f10x_spi.o(.text)
    SPI_I2S_ClearFlag                        0x0800534d   Thumb Code     6  stm32f10x_spi.o(.text)
    SPI_I2S_GetITStatus                      0x08005353   Thumb Code    52  stm32f10x_spi.o(.text)
    SPI_I2S_ClearITPendingBit                0x08005387   Thumb Code    20  stm32f10x_spi.o(.text)
    __aeabi_memcpy                           0x080053a9   Thumb Code    36  memcpya.o(.text)
    __aeabi_memcpy4                          0x080053a9   Thumb Code     0  memcpya.o(.text)
    __aeabi_memcpy8                          0x080053a9   Thumb Code     0  memcpya.o(.text)
    __aeabi_memset                           0x080053cd   Thumb Code    14  memseta.o(.text)
    __aeabi_memset4                          0x080053cd   Thumb Code     0  memseta.o(.text)
    __aeabi_memset8                          0x080053cd   Thumb Code     0  memseta.o(.text)
    __aeabi_memclr                           0x080053db   Thumb Code     4  memseta.o(.text)
    __aeabi_memclr4                          0x080053db   Thumb Code     0  memseta.o(.text)
    __aeabi_memclr8                          0x080053db   Thumb Code     0  memseta.o(.text)
    _memset$wrapper                          0x080053df   Thumb Code    18  memseta.o(.text)
    strncpy                                  0x080053f1   Thumb Code    24  strncpy.o(.text)
    strlen                                   0x08005409   Thumb Code    14  strlen.o(.text)
    strtok                                   0x08005419   Thumb Code    62  strtok.o(.text)
    __aeabi_fadd                             0x0800545d   Thumb Code   164  fadd.o(.text)
    __aeabi_fsub                             0x08005501   Thumb Code     6  fadd.o(.text)
    __aeabi_frsub                            0x08005507   Thumb Code     6  fadd.o(.text)
    __aeabi_fmul                             0x0800550d   Thumb Code   100  fmul.o(.text)
    __aeabi_fdiv                             0x08005571   Thumb Code   124  fdiv.o(.text)
    __aeabi_dadd                             0x080055ed   Thumb Code   322  dadd.o(.text)
    __aeabi_dsub                             0x0800572f   Thumb Code     6  dadd.o(.text)
    __aeabi_drsub                            0x08005735   Thumb Code     6  dadd.o(.text)
    __aeabi_dmul                             0x0800573b   Thumb Code   228  dmul.o(.text)
    __aeabi_i2f                              0x0800581f   Thumb Code    18  fflti.o(.text)
    __aeabi_ui2f                             0x08005831   Thumb Code    10  ffltui.o(.text)
    __aeabi_i2d                              0x0800583b   Thumb Code    34  dflti.o(.text)
    __aeabi_ui2d                             0x0800585d   Thumb Code    26  dfltui.o(.text)
    __aeabi_f2iz                             0x08005877   Thumb Code    50  ffixi.o(.text)
    __aeabi_f2uiz                            0x080058a9   Thumb Code    40  ffixui.o(.text)
    __aeabi_d2uiz                            0x080058d1   Thumb Code    50  dfixui.o(.text)
    __aeabi_cdrcmple                         0x08005905   Thumb Code    48  cdrcmple.o(.text)
    __aeabi_uidiv                            0x08005935   Thumb Code     0  uidiv.o(.text)
    __aeabi_uidivmod                         0x08005935   Thumb Code    44  uidiv.o(.text)
    __aeabi_llsl                             0x08005961   Thumb Code    30  llshl.o(.text)
    _ll_shift_l                              0x08005961   Thumb Code     0  llshl.o(.text)
    __aeabi_llsr                             0x0800597f   Thumb Code    32  llushr.o(.text)
    _ll_ushift_r                             0x0800597f   Thumb Code     0  llushr.o(.text)
    __aeabi_lasr                             0x0800599f   Thumb Code    36  llsshr.o(.text)
    _ll_sshift_r                             0x0800599f   Thumb Code     0  llsshr.o(.text)
    __I$use$fp                               0x080059c3   Thumb Code     0  iusefp.o(.text)
    _float_round                             0x080059c3   Thumb Code    18  fepilogue.o(.text)
    _float_epilogue                          0x080059d5   Thumb Code    92  fepilogue.o(.text)
    _double_round                            0x08005a31   Thumb Code    30  depilogue.o(.text)
    _double_epilogue                         0x08005a4f   Thumb Code   156  depilogue.o(.text)
    __aeabi_ddiv                             0x08005aeb   Thumb Code   222  ddiv.o(.text)
    __ARM_scalbn                             0x08005bc9   Thumb Code    46  dscalb.o(.text)
    scalbn                                   0x08005bc9   Thumb Code     0  dscalb.o(.text)
    __aeabi_d2iz                             0x08005bf7   Thumb Code    62  dfixi.o(.text)
    __aeabi_cdcmpeq                          0x08005c35   Thumb Code     0  cdcmple.o(.text)
    __aeabi_cdcmple                          0x08005c35   Thumb Code    48  cdcmple.o(.text)
    __scatterload                            0x08005c65   Thumb Code    28  init.o(.text)
    __scatterload_rt2                        0x08005c65   Thumb Code     0  init.o(.text)
    __decompress                             0x08005c89   Thumb Code     0  __dclz77c.o(.text)
    __decompress2                            0x08005c89   Thumb Code    94  __dclz77c.o(.text)
    __0printf$3                              0x08005ce9   Thumb Code    22  printf3.o(i.__0printf$3)
    __1printf$3                              0x08005ce9   Thumb Code     0  printf3.o(i.__0printf$3)
    __2printf                                0x08005ce9   Thumb Code     0  printf3.o(i.__0printf$3)
    __0sprintf$3                             0x08005d09   Thumb Code    34  printf3.o(i.__0sprintf$3)
    __1sprintf$3                             0x08005d09   Thumb Code     0  printf3.o(i.__0sprintf$3)
    __2sprintf                               0x08005d09   Thumb Code     0  printf3.o(i.__0sprintf$3)
    __ARM_fpclassify                         0x08005d31   Thumb Code    40  fpclassify.o(i.__ARM_fpclassify)
    __ieee754_rem_pio2                       0x08005d59   Thumb Code   828  rred.o(i.__ieee754_rem_pio2)
    __kernel_cos                             0x080060e1   Thumb Code   230  cos_i.o(i.__kernel_cos)
    __kernel_poly                            0x080061dd   Thumb Code   170  poly.o(i.__kernel_poly)
    __kernel_sin                             0x08006289   Thumb Code   224  sin_i.o(i.__kernel_sin)
    __mathlib_dbl_infnan                     0x08006375   Thumb Code     6  dunder.o(i.__mathlib_dbl_infnan)
    __mathlib_dbl_invalid                    0x0800637b   Thumb Code    12  dunder.o(i.__mathlib_dbl_invalid)
    __mathlib_dbl_overflow                   0x08006387   Thumb Code    14  dunder.o(i.__mathlib_dbl_overflow)
    __mathlib_dbl_underflow                  0x08006395   Thumb Code    10  dunder.o(i.__mathlib_dbl_underflow)
    __scatterload_copy                       0x080063a5   Thumb Code    14  handlers.o(i.__scatterload_copy)
    __scatterload_null                       0x080063b3   Thumb Code     2  handlers.o(i.__scatterload_null)
    __scatterload_zeroinit                   0x080063b5   Thumb Code    14  handlers.o(i.__scatterload_zeroinit)
    __set_errno                              0x080063c5   Thumb Code     6  errno.o(i.__set_errno)
    exp                                      0x08006595   Thumb Code   554  exp.o(i.exp)
    sin                                      0x08006819   Thumb Code   150  sin.o(i.sin)
    gImage_shool                             0x080068b8   Data        3200  main.o(.constdata)
    gImage_arrow_up                          0x08007538   Data        3200  main.o(.constdata)
    gImage_arrow_down                        0x080081b8   Data        3200  main.o(.constdata)
    gImage_switch                            0x08008e38   Data        3200  main.o(.constdata)
    gImage_mode                              0x08009ab8   Data        3200  main.o(.constdata)
    asc2_1206                                0x0800a738   Data          12  gui.o(.constdata)
    asc2_1608                                0x0800a744   Data         416  gui.o(.constdata)
    asc2_4020                                0x0800a8e4   Data        1440  gui.o(.constdata)
    tfont16                                  0x0800ae84   Data         374  gui.o(.constdata)
    tfont24                                  0x0800affa   Data         370  gui.o(.constdata)
    tfont32                                  0x0800b16c   Data         780  gui.o(.constdata)
    Region$$Table$$Base                      0x0800b6bc   Number         0  anon$$obj.o(Region$$Table)
    Region$$Table$$Limit                     0x0800b6dc   Number         0  anon$$obj.o(Region$$Table)
    DDS_step                                 0x20000000   Data           2  stm32f10x_it.o(.data)
    DDSM                                     0x20000002   Data           2  stm32f10x_it.o(.data)
    temp_val                                 0x20000004   Data           4  stm32f10x_it.o(.data)
    vol_per                                  0x20000008   Data           2  stm32f10x_it.o(.data)
    mode_status                              0x2000000a   Data           1  stm32f10x_it.o(.data)
    stop_status                              0x2000000b   Data           1  stm32f10x_it.o(.data)
    max_step                                 0x2000000c   Data           1  stm32f10x_it.o(.data)
    tim3_counter                             0x2000000d   Data           1  stm32f10x_it.o(.data)
    tim4_counter1                            0x20000010   Data           4  stm32f10x_it.o(.data)
    tim4_counter2                            0x20000014   Data           4  stm32f10x_it.o(.data)
    DETECT_TOUCH                             0x20000018   Data           1  stm32f10x_it.o(.data)
    DETECT_KEY                               0x20000019   Data           1  stm32f10x_it.o(.data)
    SystemCoreClock                          0x2000001c   Data           4  system_stm32f10x.o(.data)
    AHBPrescTable                            0x20000020   Data          16  system_stm32f10x.o(.data)
    feedback_control                         0x20000030   Data           1  interaction.o(.data)
    sel_state                                0x20000031   Data           1  interaction.o(.data)
    scr_state                                0x20000032   Data           1  interaction.o(.data)
    wave_pattern                             0x20000033   Data           1  interaction.o(.data)
    amplitude_level                          0x20000034   Data           1  interaction.o(.data)
    isBoot                                   0x20000035   Data           1  interaction.o(.data)
    time_interval                            0x20000036   Data           1  interaction.o(.data)
    uart_comm                                0x20000037   Data           5  interaction.o(.data)
    Init                                     0x2000003c   Data           5  interaction.o(.data)
    tcp_Port                                 0x20000041   Data           5  interaction.o(.data)
    udp_Port                                 0x20000046   Data           5  interaction.o(.data)
    si                                       0x2000004c   Data         512  timer.o(.data)
    triangle                                 0x2000024c   Data         512  timer.o(.data)
    square                                   0x2000044c   Data         512  timer.o(.data)
    ex                                       0x2000064c   Data         512  timer.o(.data)
    POINT_COLOR                              0x2000084c   Data           2  lcd.o(.data)
    BACK_COLOR                               0x2000084e   Data           2  lcd.o(.data)
    DeviceCode                               0x20000850   Data           2  lcd.o(.data)
    CMD_RDX                                  0x20000852   Data           1  touch.o(.data)
    CMD_RDY                                  0x20000853   Data           1  touch.o(.data)
    ADC_ConvertedValue                       0x20000854   Data           4  dma.o(.data)
    string_num                               0x2000085c   Data           2  usart.o(.data)
    rx_status                                0x2000085e   Data           1  usart.o(.data)
    header_num                               0x2000085f   Data           1  usart.o(.data)
    USART_RX_STA                             0x20000860   Data           2  usart.o(.data)
    DETECT_USART_COMM                        0x20000862   Data           1  usart.o(.data)
    __stdout                                 0x2000087c   Data           4  stdout.o(.data)
    temp                                     0x20000884   Data         512  stm32f10x_it.o(.bss)
    buffer                                   0x20000a84   Data          80  stm32f10x_it.o(.bss)
    lcddev                                   0x20000ad4   Data          14  lcd.o(.bss)
    tp_dev                                   0x20000ae4   Data          28  touch.o(.bss)
    USART_RX_BUF                             0x20000b00   Data         400  usart.o(.bss)
    __initial_sp                             0x20001090   Data           0  startup_stm32f10x_md.o(STACK)



==============================================================================

Memory Map of the image

  Image Entry point : 0x080000ed

  Load Region LR_IROM1 (Base: 0x08000000, Size: 0x0000bf60, Max: 0x00010000, ABSOLUTE, COMPRESSED[0x0000bc74])

    Execution Region ER_IROM1 (Base: 0x08000000, Size: 0x0000b6dc, Max: 0x00010000, ABSOLUTE)

    Base Addr    Size         Type   Attr      Idx    E Section Name        Object

    0x08000000   0x000000ec   Data   RO          260    RESET               startup_stm32f10x_md.o
    0x080000ec   0x00000000   Code   RO          670  * .ARM.Collect$$$$00000000  mc_w.l(entry.o)
    0x080000ec   0x00000004   Code   RO         1009    .ARM.Collect$$$$00000001  mc_w.l(entry2.o)
    0x080000f0   0x00000004   Code   RO         1012    .ARM.Collect$$$$00000004  mc_w.l(entry5.o)
    0x080000f4   0x00000000   Code   RO         1014    .ARM.Collect$$$$00000008  mc_w.l(entry7b.o)
    0x080000f4   0x00000000   Code   RO         1016    .ARM.Collect$$$$0000000A  mc_w.l(entry8b.o)
    0x080000f4   0x00000008   Code   RO         1017    .ARM.Collect$$$$0000000B  mc_w.l(entry9a.o)
    0x080000fc   0x00000000   Code   RO         1019    .ARM.Collect$$$$0000000D  mc_w.l(entry10a.o)
    0x080000fc   0x00000000   Code   RO         1021    .ARM.Collect$$$$0000000F  mc_w.l(entry11a.o)
    0x080000fc   0x00000004   Code   RO         1010    .ARM.Collect$$$$00002712  mc_w.l(entry2.o)
    0x08000100   0x00000370   Code   RO            1    .text               main.o
    0x08000470   0x000003d4   Code   RO          172    .text               stm32f10x_it.o
    0x08000844   0x000001e0   Code   RO          240    .text               system_stm32f10x.o
    0x08000a24   0x00000024   Code   RO          261    .text               startup_stm32f10x_md.o
    0x08000a48   0x00000700   Code   RO          266    .text               interaction.o
    0x08001148   0x00000a6c   Code   RO          286    .text               gui.o
    0x08001bb4   0x00000070   Code   RO          322    .text               key.o
    0x08001c24   0x00000034   Code   RO          337    .text               led.o
    0x08001c58   0x0000014c   Code   RO          370    .text               timer.o
    0x08001da4   0x000005c8   Code   RO          388    .text               lcd.o
    0x0800236c   0x00000414   Code   RO          407    .text               touch.o
    0x08002780   0x000000e0   Code   RO          432    .text               nvic.o
    0x08002860   0x00000114   Code   RO          447    .text               adc.o
    0x08002974   0x000000a8   Code   RO          463    .text               dma.o
    0x08002a1c   0x000000d4   Code   RO          482    .text               delay.o
    0x08002af0   0x000003ec   Code   RO          512    .text               usart.o
    0x08002edc   0x000000dc   Code   RO          542    .text               misc.o
    0x08002fb8   0x0000044e   Code   RO          554    .text               stm32f10x_adc.o
    0x08003406   0x00000002   PAD
    0x08003408   0x0000035c   Code   RO          566    .text               stm32f10x_gpio.o
    0x08003764   0x000003a4   Code   RO          578    .text               stm32f10x_rcc.o
    0x08003b08   0x00000408   Code   RO          592    .text               stm32f10x_usart.o
    0x08003f10   0x00000e1a   Code   RO          604    .text               stm32f10x_tim.o
    0x08004d2a   0x00000002   PAD
    0x08004d2c   0x00000254   Code   RO          616    .text               stm32f10x_dma.o
    0x08004f80   0x0000011c   Code   RO          628    .text               stm32f10x_exti.o
    0x0800509c   0x0000030c   Code   RO          640    .text               stm32f10x_spi.o
    0x080053a8   0x00000024   Code   RO          673    .text               mc_w.l(memcpya.o)
    0x080053cc   0x00000024   Code   RO          675    .text               mc_w.l(memseta.o)
    0x080053f0   0x00000018   Code   RO          677    .text               mc_w.l(strncpy.o)
    0x08005408   0x0000000e   Code   RO          679    .text               mc_w.l(strlen.o)
    0x08005416   0x00000002   PAD
    0x08005418   0x00000044   Code   RO          681    .text               mc_w.l(strtok.o)
    0x0800545c   0x000000b0   Code   RO          950    .text               mf_w.l(fadd.o)
    0x0800550c   0x00000064   Code   RO          952    .text               mf_w.l(fmul.o)
    0x08005570   0x0000007c   Code   RO          954    .text               mf_w.l(fdiv.o)
    0x080055ec   0x0000014e   Code   RO          956    .text               mf_w.l(dadd.o)
    0x0800573a   0x000000e4   Code   RO          958    .text               mf_w.l(dmul.o)
    0x0800581e   0x00000012   Code   RO          960    .text               mf_w.l(fflti.o)
    0x08005830   0x0000000a   Code   RO          962    .text               mf_w.l(ffltui.o)
    0x0800583a   0x00000022   Code   RO          964    .text               mf_w.l(dflti.o)
    0x0800585c   0x0000001a   Code   RO          966    .text               mf_w.l(dfltui.o)
    0x08005876   0x00000032   Code   RO          968    .text               mf_w.l(ffixi.o)
    0x080058a8   0x00000028   Code   RO          970    .text               mf_w.l(ffixui.o)
    0x080058d0   0x00000032   Code   RO          972    .text               mf_w.l(dfixui.o)
    0x08005902   0x00000002   PAD
    0x08005904   0x00000030   Code   RO          974    .text               mf_w.l(cdrcmple.o)
    0x08005934   0x0000002c   Code   RO         1024    .text               mc_w.l(uidiv.o)
    0x08005960   0x0000001e   Code   RO         1028    .text               mc_w.l(llshl.o)
    0x0800597e   0x00000020   Code   RO         1030    .text               mc_w.l(llushr.o)
    0x0800599e   0x00000024   Code   RO         1032    .text               mc_w.l(llsshr.o)
    0x080059c2   0x00000000   Code   RO         1041    .text               mc_w.l(iusefp.o)
    0x080059c2   0x0000006e   Code   RO         1042    .text               mf_w.l(fepilogue.o)
    0x08005a30   0x000000ba   Code   RO         1044    .text               mf_w.l(depilogue.o)
    0x08005aea   0x000000de   Code   RO         1046    .text               mf_w.l(ddiv.o)
    0x08005bc8   0x0000002e   Code   RO         1048    .text               mf_w.l(dscalb.o)
    0x08005bf6   0x0000003e   Code   RO         1050    .text               mf_w.l(dfixi.o)
    0x08005c34   0x00000030   Code   RO         1054    .text               mf_w.l(cdcmple.o)
    0x08005c64   0x00000024   Code   RO         1056    .text               mc_w.l(init.o)
    0x08005c88   0x0000005e   Code   RO         1066    .text               mc_w.l(__dclz77c.o)
    0x08005ce6   0x00000002   PAD
    0x08005ce8   0x00000020   Code   RO          778    i.__0printf$3       mc_w.l(printf3.o)
    0x08005d08   0x00000028   Code   RO          780    i.__0sprintf$3      mc_w.l(printf3.o)
    0x08005d30   0x00000028   Code   RO          993    i.__ARM_fpclassify  m_ws.l(fpclassify.o)
    0x08005d58   0x00000388   Code   RO          998    i.__ieee754_rem_pio2  m_ws.l(rred.o)
    0x080060e0   0x000000fc   Code   RO          976    i.__kernel_cos      m_ws.l(cos_i.o)
    0x080061dc   0x000000aa   Code   RO          995    i.__kernel_poly     m_ws.l(poly.o)
    0x08006286   0x00000002   PAD
    0x08006288   0x000000ec   Code   RO         1003    i.__kernel_sin      m_ws.l(sin_i.o)
    0x08006374   0x00000006   Code   RO          980    i.__mathlib_dbl_infnan  m_ws.l(dunder.o)
    0x0800637a   0x0000000c   Code   RO          982    i.__mathlib_dbl_invalid  m_ws.l(dunder.o)
    0x08006386   0x0000000e   Code   RO          983    i.__mathlib_dbl_overflow  m_ws.l(dunder.o)
    0x08006394   0x00000010   Code   RO          985    i.__mathlib_dbl_underflow  m_ws.l(dunder.o)
    0x080063a4   0x0000000e   Code   RO         1060    i.__scatterload_copy  mc_w.l(handlers.o)
    0x080063b2   0x00000002   Code   RO         1061    i.__scatterload_null  mc_w.l(handlers.o)
    0x080063b4   0x0000000e   Code   RO         1062    i.__scatterload_zeroinit  mc_w.l(handlers.o)
    0x080063c2   0x00000002   PAD
    0x080063c4   0x0000000c   Code   RO         1036    i.__set_errno       mc_w.l(errno.o)
    0x080063d0   0x000001b8   Code   RO          785    i._printf_core      mc_w.l(printf3.o)
    0x08006588   0x0000000a   Code   RO          787    i._sputc            mc_w.l(printf3.o)
    0x08006592   0x00000002   PAD
    0x08006594   0x00000284   Code   RO          653    i.exp               m_ws.l(exp.o)
    0x08006818   0x000000a0   Code   RO          663    i.sin               m_ws.l(sin.o)
    0x080068b8   0x00003e80   Data   RO            2    .constdata          main.o
    0x0800a738   0x00000d40   Data   RO          287    .constdata          gui.o
    0x0800b478   0x00000058   Data   RO          654    .constdata          m_ws.l(exp.o)
    0x0800b4d0   0x00000030   Data   RO          977    .constdata          m_ws.l(cos_i.o)
    0x0800b500   0x000000c8   Data   RO         1000    .constdata          m_ws.l(rred.o)
    0x0800b5c8   0x00000028   Data   RO         1004    .constdata          m_ws.l(sin_i.o)
    0x0800b5f0   0x000000c9   Data   RO          267    .conststring        interaction.o
    0x0800b6b9   0x00000003   PAD
    0x0800b6bc   0x00000020   Data   RO         1058    Region$$Table       anon$$obj.o


    Execution Region RW_IRAM1 (Base: 0x20000000, Size: 0x00001090, Max: 0x00005000, ABSOLUTE, COMPRESSED[0x00000598])

    Base Addr    Size         Type   Attr      Idx    E Section Name        Object

    0x20000000   0x0000001b   Data   RW          174    .data               stm32f10x_it.o
    0x2000001b   0x00000001   PAD
    0x2000001c   0x00000014   Data   RW          241    .data               system_stm32f10x.o
    0x20000030   0x0000001b   Data   RW          268    .data               interaction.o
    0x2000004b   0x00000001   PAD
    0x2000004c   0x00000800   Data   RW          371    .data               timer.o
    0x2000084c   0x00000006   Data   RW          390    .data               lcd.o
    0x20000852   0x00000002   Data   RW          409    .data               touch.o
    0x20000854   0x00000004   Data   RW          465    .data               dma.o
    0x20000858   0x00000004   Data   RW          483    .data               delay.o
    0x2000085c   0x00000007   Data   RW          514    .data               usart.o
    0x20000863   0x00000014   Data   RW          579    .data               stm32f10x_rcc.o
    0x20000877   0x00000001   PAD
    0x20000878   0x00000004   Data   RW          682    .data               mc_w.l(strtok.o)
    0x2000087c   0x00000004   Data   RW         1023    .data               mc_w.l(stdout.o)
    0x20000880   0x00000004   Data   RW         1037    .data               mc_w.l(errno.o)
    0x20000884   0x00000250   Zero   RW          173    .bss                stm32f10x_it.o
    0x20000ad4   0x0000000e   Zero   RW          389    .bss                lcd.o
    0x20000ae2   0x00000002   PAD
    0x20000ae4   0x0000001c   Zero   RW          408    .bss                touch.o
    0x20000b00   0x00000190   Zero   RW          513    .bss                usart.o
    0x20000c90   0x00000400   Zero   RW          258    STACK               startup_stm32f10x_md.o


==============================================================================

Image component sizes


      Code (inc. data)   RO Data    RW Data    ZI Data      Debug   Object Name

       276         10          0          0          0       1071   adc.o
       212         18          0          4          0        975   delay.o
       168         16          0          4          0       1035   dma.o
      2668         58       3392          0          0       9820   gui.o
      1792        274        201         27          0       2986   interaction.o
       112          4          0          0          0        513   key.o
      1480         20          0          6         14       7712   lcd.o
        52          8          0          0          0        445   led.o
       880        190      16000          0          0     280600   main.o
       220         22          0          0          0       1729   misc.o
       224          0          0          0          0       1065   nvic.o
        36          8        236          0       1024        776   startup_stm32f10x_md.o
      1102         26          0          0          0      10973   stm32f10x_adc.o
       596          8          0          0          0       4294   stm32f10x_dma.o
       284         10          0          0          0       2187   stm32f10x_exti.o
       860         38          0          0          0       5665   stm32f10x_gpio.o
       980        118          0         27        592     206487   stm32f10x_it.o
       932         36          0         20          0       8812   stm32f10x_rcc.o
       780         14          0          0          0       6546   stm32f10x_spi.o
      3610         88          0          0          0      22772   stm32f10x_tim.o
      1032         22          0          0          0       8388   stm32f10x_usart.o
       480         38          0         20          0       1635   system_stm32f10x.o
       332         18          0       2048          0       1966   timer.o
      1044         30          0          2         28       4481   touch.o
      1004         96          0          7        400       3519   usart.o

    ----------------------------------------------------------------------
     21160       1170      19864       2168       2060     596452   Object Totals
         0          0         32          0          0          0   (incl. Generated)
         4          0          3          3          2          0   (incl. Padding)

    ----------------------------------------------------------------------

      Code (inc. data)   RO Data    RW Data    ZI Data      Debug   Library Member Name

       252         22         48          0          0        124   cos_i.o
        48          6          0          0          0        272   dunder.o
       644         90         88          0          0        204   exp.o
        40          0          0          0          0         68   fpclassify.o
       170          0          0          0          0         96   poly.o
       904         76        200          0          0        140   rred.o
       160         10          0          0          0        108   sin.o
       236         12         40          0          0        128   sin_i.o
        94          0          0          0          0          0   __dclz77c.o
         0          0          0          0          0          0   entry.o
         0          0          0          0          0          0   entry10a.o
         0          0          0          0          0          0   entry11a.o
         8          4          0          0          0          0   entry2.o
         4          0          0          0          0          0   entry5.o
         0          0          0          0          0          0   entry7b.o
         0          0          0          0          0          0   entry8b.o
         8          4          0          0          0          0   entry9a.o
        12          6          0          4          0         68   errno.o
        30          0          0          0          0          0   handlers.o
        36          8          0          0          0         68   init.o
         0          0          0          0          0          0   iusefp.o
        30          0          0          0          0         68   llshl.o
        36          0          0          0          0         68   llsshr.o
        32          0          0          0          0         68   llushr.o
        36          0          0          0          0         68   memcpya.o
        36          0          0          0          0        108   memseta.o
       522         20          0          0          0        336   printf3.o
         0          0          0          4          0          0   stdout.o
        14          0          0          0          0         68   strlen.o
        24          0          0          0          0         76   strncpy.o
        68          6          0          4          0         80   strtok.o
        44          0          0          0          0         80   uidiv.o
        48          0          0          0          0         68   cdcmple.o
        48          0          0          0          0         68   cdrcmple.o
       334          0          0          0          0        148   dadd.o
       222          0          0          0          0        100   ddiv.o
       186          0          0          0          0        176   depilogue.o
        62          0          0          0          0         80   dfixi.o
        50          0          0          0          0         76   dfixui.o
        34          0          0          0          0         76   dflti.o
        26          0          0          0          0         76   dfltui.o
       228          0          0          0          0         96   dmul.o
        46          0          0          0          0         80   dscalb.o
       176          0          0          0          0        140   fadd.o
       124          0          0          0          0         88   fdiv.o
       110          0          0          0          0        168   fepilogue.o
        50          0          0          0          0         68   ffixi.o
        40          0          0          0          0         68   ffixui.o
        18          0          0          0          0         68   fflti.o
        10          0          0          0          0         68   ffltui.o
       100          0          0          0          0         76   fmul.o

    ----------------------------------------------------------------------
      5412        264        376         12          0       4084   Library Totals
        12          0          0          0          0          0   (incl. Padding)

    ----------------------------------------------------------------------

      Code (inc. data)   RO Data    RW Data    ZI Data      Debug   Library Name

      2454        216        376          0          0       1140   m_ws.l
      1034         48          0         12          0       1156   mc_w.l
      1912          0          0          0          0       1788   mf_w.l

    ----------------------------------------------------------------------
      5412        264        376         12          0       4084   Library Totals

    ----------------------------------------------------------------------

==============================================================================


      Code (inc. data)   RO Data    RW Data    ZI Data      Debug   

     26572       1434      20240       2180       2060     596400   Grand Totals
     26572       1434      20240       1432       2060     596400   ELF Image Totals (compressed)
     26572       1434      20240       1432          0          0   ROM Totals

==============================================================================

    Total RO  Size (Code + RO Data)                46812 (  45.71kB)
    Total RW  Size (RW Data + ZI Data)              4240 (   4.14kB)
    Total ROM Size (Code + RO Data + RW Data)      48244 (  47.11kB)

==============================================================================

